
Optional file libmchp_peripheral.a not found

Optional file libmchp_peripheral_32MX795F512L.a not found
Archive member included because of file (symbol)

c:/program files (x86)/microchip/xc32/v2.30/bin/bin/../../lib/gcc/pic32mx/4.8.3/../../../../pic32mx/lib\libpic32.a(memcpy.o)
                              build/default/production/_ext/308758920/usb_device.o (memcpy)
c:/program files (x86)/microchip/xc32/v2.30/bin/bin/../../lib/gcc/pic32mx/4.8.3/../../../../pic32mx/lib\libpic32.a(memset.o)
                              build/default/production/_ext/404212886/FreeRTOS_tasks.o (memset)
c:/program files (x86)/microchip/xc32/v2.30/bin/bin/../../lib/gcc/pic32mx/4.8.3/../../../../pic32mx/lib\libpic32.a(default-bootstrap-exception-handler.o)
                              C:\Users\GUILLA~1\AppData\Local\Temp\ccItmVsI.o (_bootstrap_exception_handler)
c:/program files (x86)/microchip/xc32/v2.30/bin/bin/../../lib/gcc/pic32mx/4.8.3/../../../../pic32mx/lib\libpic32.a(default-on-reset.o)
                              C:\Users\GUILLA~1\AppData\Local\Temp\ccItmVsI.o (_on_reset)
c:/program files (x86)/microchip/xc32/v2.30/bin/bin/../../lib/gcc/pic32mx/4.8.3/../../../../pic32mx/lib\libpic32.a(default-on-bootstrap.o)
                              C:\Users\GUILLA~1\AppData\Local\Temp\ccItmVsI.o (_on_bootstrap)
c:/program files (x86)/microchip/xc32/v2.30/bin/bin/../../lib/gcc/pic32mx/4.8.3/../../../../pic32mx/lib\libpic32.a(default-nmi-handler.o)
                              C:\Users\GUILLA~1\AppData\Local\Temp\ccItmVsI.o (_nmi_handler)
c:/program files (x86)/microchip/xc32/v2.30/bin/bin/../../lib/gcc/pic32mx/4.8.3/../../../../pic32mx/lib\libpic32.a(pic32_data_init.o)
                              C:\Users\GUILLA~1\AppData\Local\Temp\ccItmVsI.o (__pic32_data_init)
c:/program files (x86)/microchip/xc32/v2.30/bin/bin/../../lib/gcc/pic32mx/4.8.3/../../../../pic32mx/lib\libpic32.a(general-exception.o)
                              C:\Users\GUILLA~1\AppData\Local\Temp\ccItmVsI.o (_general_exception_context)
c:/program files (x86)/microchip/xc32/v2.30/bin/bin/../../lib/gcc/pic32mx/4.8.3/../../../../pic32mx/lib\libpic32.a(vector0.o)
                              C:\Users\GUILLA~1\AppData\Local\Temp\ccE4nnTD.o (__vector_dispatch_0)
c:/program files (x86)/microchip/xc32/v2.30/bin/bin/../../lib/gcc/pic32mx/4.8.3/../../../../pic32mx/lib\libpic32.a(vector2.o)
                              C:\Users\GUILLA~1\AppData\Local\Temp\ccE4nnTD.o (__vector_dispatch_2)
c:/program files (x86)/microchip/xc32/v2.30/bin/bin/../../lib/gcc/pic32mx/4.8.3/../../../../pic32mx/lib\libpic32.a(vector3.o)
                              C:\Users\GUILLA~1\AppData\Local\Temp\ccE4nnTD.o (__vector_dispatch_3)
c:/program files (x86)/microchip/xc32/v2.30/bin/bin/../../lib/gcc/pic32mx/4.8.3/../../../../pic32mx/lib\libpic32.a(vector5.o)
                              C:\Users\GUILLA~1\AppData\Local\Temp\ccE4nnTD.o (__vector_dispatch_5)
c:/program files (x86)/microchip/xc32/v2.30/bin/bin/../../lib/gcc/pic32mx/4.8.3/../../../../pic32mx/lib\libpic32.a(vector6.o)
                              C:\Users\GUILLA~1\AppData\Local\Temp\ccE4nnTD.o (__vector_dispatch_6)
c:/program files (x86)/microchip/xc32/v2.30/bin/bin/../../lib/gcc/pic32mx/4.8.3/../../../../pic32mx/lib\libpic32.a(vector7.o)
                              C:\Users\GUILLA~1\AppData\Local\Temp\ccE4nnTD.o (__vector_dispatch_7)
c:/program files (x86)/microchip/xc32/v2.30/bin/bin/../../lib/gcc/pic32mx/4.8.3/../../../../pic32mx/lib\libpic32.a(vector8.o)
                              C:\Users\GUILLA~1\AppData\Local\Temp\ccE4nnTD.o (__vector_dispatch_8)
c:/program files (x86)/microchip/xc32/v2.30/bin/bin/../../lib/gcc/pic32mx/4.8.3/../../../../pic32mx/lib\libpic32.a(vector9.o)
                              C:\Users\GUILLA~1\AppData\Local\Temp\ccE4nnTD.o (__vector_dispatch_9)
c:/program files (x86)/microchip/xc32/v2.30/bin/bin/../../lib/gcc/pic32mx/4.8.3/../../../../pic32mx/lib\libpic32.a(vector10.o)
                              C:\Users\GUILLA~1\AppData\Local\Temp\ccE4nnTD.o (__vector_dispatch_10)
c:/program files (x86)/microchip/xc32/v2.30/bin/bin/../../lib/gcc/pic32mx/4.8.3/../../../../pic32mx/lib\libpic32.a(vector11.o)
                              C:\Users\GUILLA~1\AppData\Local\Temp\ccE4nnTD.o (__vector_dispatch_11)
c:/program files (x86)/microchip/xc32/v2.30/bin/bin/../../lib/gcc/pic32mx/4.8.3/../../../../pic32mx/lib\libpic32.a(vector12.o)
                              C:\Users\GUILLA~1\AppData\Local\Temp\ccE4nnTD.o (__vector_dispatch_12)
c:/program files (x86)/microchip/xc32/v2.30/bin/bin/../../lib/gcc/pic32mx/4.8.3/../../../../pic32mx/lib\libpic32.a(vector13.o)
                              C:\Users\GUILLA~1\AppData\Local\Temp\ccE4nnTD.o (__vector_dispatch_13)
c:/program files (x86)/microchip/xc32/v2.30/bin/bin/../../lib/gcc/pic32mx/4.8.3/../../../../pic32mx/lib\libpic32.a(vector14.o)
[...]
Memory Configuration

Name             Origin             Length             Attributes
kseg0_program_mem 0x9d000000         0x00080000         xr
kseg0_boot_mem   0x9fc00490         0x00000970
exception_mem    0x9fc01000         0x00001000
kseg1_boot_mem   0xbfc00000         0x00000490
debug_exec_mem   0xbfc02000         0x00000ff0
config3          0xbfc02ff0         0x00000004
config2          0xbfc02ff4         0x00000004
config1          0xbfc02ff8         0x00000004
config0          0xbfc02ffc         0x00000004
kseg1_data_mem   0xa0000000         0x00020000         w !x
sfrs             0xbf800000         0x00100000
configsfrs       0xbfc02ff0         0x00000010
*default*        0x00000000         0xffffffff

Linker script and memory map

LOAD c:/program files (x86)/microchip/xc32/v2.30/bin/bin/../../lib/gcc/pic32mx/4.8.3/../../../../pic32mx/lib\debug-exception-return.o
LOAD build/default/production/_ext/1360937237/main.o
LOAD build/default/production/_ext/1171490990/initialization.o
LOAD build/default/production/_ext/1171490990/interrupts.o
LOAD build/default/production/_ext/1171490990/interrupts_a.o
LOAD build/default/production/_ext/1171490990/exceptions.o
LOAD build/default/production/_ext/163028504/xc32_monitor.o
LOAD build/default/production/_ext/60165520/plib_clk.o
LOAD build/default/production/_ext/1865254177/plib_gpio.o
LOAD build/default/production/_ext/1865200349/plib_evic.o
LOAD build/default/production/_ext/2128569739/drv_usbfs.o
LOAD build/default/production/_ext/2128569739/drv_usbfs_device.o
LOAD build/default/production/_ext/1171490990/usb_device_init_data.o
LOAD build/default/production/_ext/308758920/usb_device.o
LOAD build/default/production/_ext/308758920/usb_device_cdc.o
LOAD build/default/production/_ext/308758920/usb_device_cdc_acm.o
LOAD build/default/production/_ext/1171490990/freertos_hooks.o
LOAD build/default/production/_ext/404212886/croutine.o
LOAD build/default/production/_ext/404212886/list.o
LOAD build/default/production/_ext/404212886/queue.o
LOAD build/default/production/_ext/404212886/FreeRTOS_tasks.o
LOAD build/default/production/_ext/404212886/timers.o
LOAD build/default/production/_ext/404212886/event_groups.o
LOAD build/default/production/_ext/404212886/stream_buffer.o
LOAD build/default/production/_ext/1665200909/heap_1.o
LOAD build/default/production/_ext/951553248/port.o
LOAD build/default/production/_ext/951553248/port_asm.o
LOAD build/default/production/_ext/1881668453/sys_int.o
LOAD build/default/production/_ext/1529399856/osal_freertos.o
LOAD build/default/production/_ext/1360937237/app.o
LOAD build/default/production/_ext/1171490990/tasks.o
                0x00000001                __MPLAB_BUILD = 0x1
                0x00000200                _min_heap_size = 0x200
LOAD C:\Users\GUILLA~1\AppData\Local\Temp\ccItmVsI.o
LOAD C:\Users\GUILLA~1\AppData\Local\Temp\ccLlgLAY.o
LOAD C:\Users\GUILLA~1\AppData\Local\Temp\ccE4nnTD.o
LOAD c:/program files (x86)/microchip/xc32/v2.30/bin/bin/../../lib/gcc/pic32mx/4.8.3/../../../../pic32mx/lib\pic32_software_reset.o
                0x00000400                PROVIDE (_min_stack_size, 0x400)
START GROUP
LOAD c:/program files (x86)/microchip/xc32/v2.30/bin/bin/../../lib/gcc/pic32mx/4.8.3/../../../../pic32mx/lib/./proc/32MX795F512L\processor.o
END GROUP
START GROUP
LOAD libmchp_peripheral.a
END GROUP
START GROUP
LOAD libmchp_peripheral_32MX795F512L.a
END GROUP
                0x00000001                PROVIDE (_vector_spacing, 0x1)
                0x9fc01000                PROVIDE (_ebase_address, 0x9fc01000)
                0xbfc00000                _RESET_ADDR = 0xbfc00000
                0xbfc00380                _BEV_EXCPT_ADDR = 0xbfc00380
                0xbfc00480                _DBG_EXCPT_ADDR = 0xbfc00480
                0xbfc02000                _DBG_CODE_ADDR = 0xbfc02000
                0x00000ff0                _DBG_CODE_SIZE = 0xff0
                0x9fc01180                _GEN_EXCPT_ADDR = (_ebase_address + 0x180)

.config_BFC02FF0
                0xbfc02ff0        0x4
 *(.config_BFC02FF0)
 .config_BFC02FF0
                0xbfc02ff0        0x4 build/default/production/_ext/1171490990/initialization.o

.config_BFC02FF4
                0xbfc02ff4        0x4
 *(.config_BFC02FF4)
 .config_BFC02FF4
                0xbfc02ff4        0x4 build/default/production/_ext/1171490990/initialization.o

.config_BFC02FF8
                0xbfc02ff8        0x4
 *(.config_BFC02FF8)
 .config_BFC02FF8
                0xbfc02ff8        0x4 build/default/production/_ext/1171490990/initialization.o

.config_BFC02FFC
                0xbfc02ffc        0x4
 *(.config_BFC02FFC)
 .config_BFC02FFC
                0xbfc02ffc        0x4 build/default/production/_ext/1171490990/initialization.o
                0xbfc02000                PROVIDE (_DBG_CODE_ADDR, 0xbfc02000)
                0x00000ff0                PROVIDE (_DBG_CODE_SIZE, 0xff0)

.reset          0xbfc00000      0x19c
 *(.reset)
 .reset         0xbfc00000        0x8 C:\Users\GUILLA~1\AppData\Local\Temp\ccItmVsI.o
                0xbfc00000                _reset
 *(.reset.startup)
 .reset.startup
                0xbfc00008      0x194 C:\Users\GUILLA~1\AppData\Local\Temp\ccItmVsI.o
                0xbfc00008                _startup

.bev_excpt      0xbfc00380       0x10
 *(.bev_handler)
 .bev_handler   0xbfc00380       0x10 C:\Users\GUILLA~1\AppData\Local\Temp\ccItmVsI.o

.dbg_excpt      0xbfc00480        0x0
                0xbfc00480                . = (. + DEFINED (_DEBUGGER)?0x8:0x0)

.dbg_code       0xbfc02000        0x0
                0xbfc02000                . = (. + DEFINED (_DEBUGGER)?_DBG_CODE_SIZE:0x0)

.app_excpt      0x9fc01180       0x10
 *(.gen_handler)
 .gen_handler   0x9fc01180       0x10 C:\Users\GUILLA~1\AppData\Local\Temp\ccItmVsI.o

.vector_0       0x9fc01200        0x8
 *(.vector_0)
 .vector_0      0x9fc01200        0x8 c:/program files (x86)/microchip/xc32/v2.30/bin/bin/../../lib/gcc/pic32mx/4.8.3/../../../../pic32mx/lib\libpic32.a(vector0.o)
                0x9fc01200                __vector_dispatch_0
                0x00000001                ASSERT (((_vector_spacing == 0x0) || (SIZEOF (.vector_0) <= (_vector_spacing << 0x5))), function at exception vector 0 too large)

.vector_1       0x9fc01220        0x8
 *(.vector_1)
 .vector_1      0x9fc01220        0x8 build/default/production/_ext/951553248/port.o
                0x9fc01220                __vector_dispatch_1
                0x00000001                ASSERT (((_vector_spacing == 0x0) || (SIZEOF (.vector_1) <= (_vector_spacing << 0x5))), function at exception vector 1 too large)

.vector_2       0x9fc01240        0x8
 *(.vector_2)
 .vector_2      0x9fc01240        0x8 c:/program files (x86)/microchip/xc32/v2.30/bin/bin/../../lib/gcc/pic32mx/4.8.3/../../../../pic32mx/lib\libpic32.a(vector2.o)
                0x9fc01240                __vector_dispatch_2
                0x00000001                ASSERT (((_vector_spacing == 0x0) || (SIZEOF (.vector_2) <= (_vector_spacing << 0x5))), function at exception vector 2 too large)

.vector_3       0x9fc01260        0x8
 *(.vector_3)
 .vector_3      0x9fc01260        0x8 c:/program files (x86)/microchip/xc32/v2.30/bin/bin/../../lib/gcc/pic32mx/4.8.3/../../../../pic32mx/lib\libpic32.a(vector3.o)
                0x9fc01260                __vector_dispatch_3
                0x00000001                ASSERT (((_vector_spacing == 0x0) || (SIZEOF (.vector_3) <= (_vector_spacing << 0x5))), function at exception vector 3 too large)

.vector_4       0x9fc01280        0x8
 *(.vector_4)
 .vector_4      0x9fc01280        0x8 build/default/production/_ext/951553248/port.o
                0x9fc01280                __vector_dispatch_4
                0x00000001                ASSERT (((_vector_spacing == 0x0) || (SIZEOF (.vector_4) <= (_vector_spacing << 0x5))), function at exception vector 4 too large)

.vector_5       0x9fc012a0        0x8
 *(.vector_5)
 .vector_5      0x9fc012a0        0x8 c:/program files (x86)/microchip/xc32/v2.30/bin/bin/../../lib/gcc/pic32mx/4.8.3/../../../../pic32mx/lib\libpic32.a(vector5.o)
                0x9fc012a0                __vector_dispatch_5
                0x00000001                ASSERT (((_vector_spacing == 0x0) || (SIZEOF (.vector_5) <= (_vector_spacing << 0x5))), function at exception vector 5 too large)

.vector_6       0x9fc012c0        0x8
 *(.vector_6)
 .vector_6      0x9fc012c0        0x8 c:/program files (x86)/microchip/xc32/v2.30/bin/bin/../../lib/gcc/pic32mx/4.8.3/../../../../pic32mx/lib\libpic32.a(vector6.o)
                0x9fc012c0                __vector_dispatch_6
                0x00000001                ASSERT (((_vector_spacing == 0x0) || (SIZEOF (.vector_6) <= (_vector_spacing << 0x5))), function at exception vector 6 too large)

.vector_7       0x9fc012e0        0x8
 *(.vector_7)
 .vector_7      0x9fc012e0        0x8 c:/program files (x86)/microchip/xc32/v2.30/bin/bin/../../lib/gcc/pic32mx/4.8.3/../../../../pic32mx/lib\libpic32.a(vector7.o)
                0x9fc012e0                __vector_dispatch_7
                0x00000001                ASSERT (((_vector_spacing == 0x0) || (SIZEOF (.vector_7) <= (_vector_spacing << 0x5))), function at exception vector 7 too large)

.vector_8       0x9fc01300        0x8
 *(.vector_8)
 .vector_8      0x9fc01300        0x8 c:/program files (x86)/microchip/xc32/v2.30/bin/bin/../../lib/gcc/pic32mx/4.8.3/../../../../pic32mx/lib\libpic32.a(vector8.o)
                0x9fc01300                __vector_dispatch_8
                0x00000001                ASSERT (((_vector_spacing == 0x0) || (SIZEOF (.vector_8) <= (_vector_spacing << 0x5))), function at exception vector 8 too large)

.vector_9       0x9fc01320        0x8
 *(.vector_9)
 .vector_9      0x9fc01320        0x8 c:/program files (x86)/microchip/xc32/v2.30/bin/bin/../../lib/gcc/pic32mx/4.8.3/../../../../pic32mx/lib\libpic32.a(vector9.o)
                0x9fc01320                __vector_dispatch_9
                0x00000001                ASSERT (((_vector_spacing == 0x0) || (SIZEOF (.vector_9) <= (_vector_spacing << 0x5))), function at exception vector 9 too large)

.vector_10      0x9fc01340        0x8
 *(.vector_10)
 .vector_10     0x9fc01340        0x8 c:/program files (x86)/microchip/xc32/v2.30/bin/bin/../../lib/gcc/pic32mx/4.8.3/../../../../pic32mx/lib\libpic32.a(vector10.o)
                0x9fc01340                __vector_dispatch_10
                0x00000001                ASSERT (((_vector_spacing == 0x0) || (SIZEOF (.vector_10) <= (_vector_spacing << 0x5))), function at exception vector 10 too large)

.vector_11      0x9fc01360        0x8
 *(.vector_11)
 .vector_11     0x9fc01360        0x8 c:/program files (x86)/microchip/xc32/v2.30/bin/bin/../../lib/gcc/pic32mx/4.8.3/../../../../pic32mx/lib\libpic32.a(vector11.o)
                0x9fc01360                __vector_dispatch_11
                0x00000001                ASSERT (((_vector_spacing == 0x0) || (SIZEOF (.vector_11) <= (_vector_spacing << 0x5))), function at exception vector 11 too large)

.vector_12      0x9fc01380        0x8
 *(.vector_12)
 .vector_12     0x9fc01380        0x8 c:/program files (x86)/microchip/xc32/v2.30/bin/bin/../../lib/gcc/pic32mx/4.8.3/../../../../pic32mx/lib\libpic32.a(vector12.o)
                0x9fc01380                __vector_dispatch_12
                0x00000001                ASSERT (((_vector_spacing == 0x0) || (SIZEOF (.vector_12) <= (_vector_spacing << 0x5))), function at exception vector 12 too large)

.vector_13      0x9fc013a0        0x8
 *(.vector_13)
 .vector_13     0x9fc013a0        0x8 c:/program files (x86)/microchip/xc32/v2.30/bin/bin/../../lib/gcc/pic32mx/4.8.3/../../../../pic32mx/lib\libpic32.a(vector13.o)
                0x9fc013a0                __vector_dispatch_13
                0x00000001                ASSERT (((_vector_spacing == 0x0) || (SIZEOF (.vector_13) <= (_vector_spacing << 0x5))), function at exception vector 13 too large)

.vector_14      0x9fc013c0        0x8
 *(.vector_14)
 .vector_14     0x9fc013c0        0x8 c:/program files (x86)/microchip/xc32/v2.30/bin/bin/../../lib/gcc/pic32mx/4.8.3/../../../../pic32mx/lib\libpic32.a(vector14.o)
                0x9fc013c0                __vector_dispatch_14
                0x00000001                ASSERT (((_vector_spacing == 0x0) || (SIZEOF (.vector_14) <= (_vector_spacing << 0x5))), function at exception vector 14 too large)

.vector_15      0x9fc013e0        0x8
 *(.vector_15)
 .vector_15     0x9fc013e0        0x8 c:/program files (x86)/microchip/xc32/v2.30/bin/bin/../../lib/gcc/pic32mx/4.8.3/../../../../pic32mx/lib\libpic32.a(vector15.o)
                0x9fc013e0                __vector_dispatch_15
                0x00000001                ASSERT (((_vector_spacing == 0x0) || (SIZEOF (.vector_15) <= (_vector_spacing << 0x5))), function at exception vector 15 too large)

.vector_16      0x9fc01400        0x8
 *(.vector_16)
 .vector_16     0x9fc01400        0x8 c:/program files (x86)/microchip/xc32/v2.30/bin/bin/../../lib/gcc/pic32mx/4.8.3/../../../../pic32mx/lib\libpic32.a(vector16.o)
                0x9fc01400                __vector_dispatch_16
                0x00000001                ASSERT (((_vector_spacing == 0x0) || (SIZEOF (.vector_16) <= (_vector_spacing << 0x5))), function at exception vector 16 too large)

.vector_17      0x9fc01420        0x8
 *(.vector_17)
 .vector_17     0x9fc01420        0x8 c:/program files (x86)/microchip/xc32/v2.30/bin/bin/../../lib/gcc/pic32mx/4.8.3/../../../../pic32mx/lib\libpic32.a(vector17.o)
                0x9fc01420                __vector_dispatch_17
                0x00000001                ASSERT (((_vector_spacing == 0x0) || (SIZEOF (.vector_17) <= (_vector_spacing << 0x5))), function at exception vector 17 too large)

.vector_18      0x9fc01440        0x8
 *(.vector_18)
 .vector_18     0x9fc01440        0x8 c:/program files (x86)/microchip/xc32/v2.30/bin/bin/../../lib/gcc/pic32mx/4.8.3/../../../../pic32mx/lib\libpic32.a(vector18.o)
                0x9fc01440                __vector_dispatch_18
                0x00000001                ASSERT (((_vector_spacing == 0x0) || (SIZEOF (.vector_18) <= (_vector_spacing << 0x5))), function at exception vector 18 too large)

.vector_19      0x9fc01460        0x8
 *(.vector_19)
 .vector_19     0x9fc01460        0x8 c:/program files (x86)/microchip/xc32/v2.30/bin/bin/../../lib/gcc/pic32mx/4.8.3/../../../../pic32mx/lib\libpic32.a(vector19.o)
                0x9fc01460                __vector_dispatch_19
                0x00000001                ASSERT (((_vector_spacing == 0x0) || (SIZEOF (.vector_19) <= (_vector_spacing << 0x5))), function at exception vector 19 too large)

.vector_20      0x9fc01480        0x8
 *(.vector_20)
 .vector_20     0x9fc01480        0x8 c:/program files (x86)/microchip/xc32/v2.30/bin/bin/../../lib/gcc/pic32mx/4.8.3/../../../../pic32mx/lib\libpic32.a(vector20.o)
                0x9fc01480                __vector_dispatch_20
                0x00000001                ASSERT (((_vector_spacing == 0x0) || (SIZEOF (.vector_20) <= (_vector_spacing << 0x5))), function at exception vector 20 too large)

.vector_21      0x9fc014a0        0x8
 *(.vector_21)
 .vector_21     0x9fc014a0        0x8 c:/program files (x86)/microchip/xc32/v2.30/bin/bin/../../lib/gcc/pic32mx/4.8.3/../../../../pic32mx/lib\libpic32.a(vector21.o)
                0x9fc014a0                __vector_dispatch_21
                0x00000001                ASSERT (((_vector_spacing == 0x0) || (SIZEOF (.vector_21) <= (_vector_spacing << 0x5))), function at exception vector 21 too large)

.vector_22      0x9fc014c0        0x8
 *(.vector_22)
 .vector_22     0x9fc014c0        0x8 c:/program files (x86)/microchip/xc32/v2.30/bin/bin/../../lib/gcc/pic32mx/4.8.3/../../../../pic32mx/lib\libpic32.a(vector22.o)
                0x9fc014c0                __vector_dispatch_22
                0x00000001                ASSERT (((_vector_spacing == 0x0) || (SIZEOF (.vector_22) <= (_vector_spacing << 0x5))), function at exception vector 22 too large)

.vector_23      0x9fc014e0        0x8
 *(.vector_23)
 .vector_23     0x9fc014e0        0x8 c:/program files (x86)/microchip/xc32/v2.30/bin/bin/../../lib/gcc/pic32mx/4.8.3/../../../../pic32mx/lib\libpic32.a(vector23.o)
                0x9fc014e0                __vector_dispatch_23
                0x00000001                ASSERT (((_vector_spacing == 0x0) || (SIZEOF (.vector_23) <= (_vector_spacing << 0x5))), function at exception vector 23 too large)

.vector_24      0x9fc01500        0x8
 *(.vector_24)
 .vector_24     0x9fc01500        0x8 c:/program files (x86)/microchip/xc32/v2.30/bin/bin/../../lib/gcc/pic32mx/4.8.3/../../../../pic32mx/lib\libpic32.a(vector24.o)
                0x9fc01500                __vector_dispatch_24
                0x00000001                ASSERT (((_vector_spacing == 0x0) || (SIZEOF (.vector_24) <= (_vector_spacing << 0x5))), function at exception vector 24 too large)

.vector_25      0x9fc01520        0x8
 *(.vector_25)
 .vector_25     0x9fc01520        0x8 c:/program files (x86)/microchip/xc32/v2.30/bin/bin/../../lib/gcc/pic32mx/4.8.3/../../../../pic32mx/lib\libpic32.a(vector25.o)
                0x9fc01520                __vector_dispatch_25
                0x00000001                ASSERT (((_vector_spacing == 0x0) || (SIZEOF (.vector_25) <= (_vector_spacing << 0x5))), function at exception vector 25 too large)

.vector_26      0x9fc01540        0x8
 *(.vector_26)
 .vector_26     0x9fc01540        0x8 c:/program files (x86)/microchip/xc32/v2.30/bin/bin/../../lib/gcc/pic32mx/4.8.3/../../../../pic32mx/lib\libpic32.a(vector26.o)
                0x9fc01540                __vector_dispatch_26
                0x00000001                ASSERT (((_vector_spacing == 0x0) || (SIZEOF (.vector_26) <= (_vector_spacing << 0x5))), function at exception vector 26 too large)

.vector_27      0x9fc01560        0x8
 *(.vector_27)
 .vector_27     0x9fc01560        0x8 c:/program files (x86)/microchip/xc32/v2.30/bin/bin/../../lib/gcc/pic32mx/4.8.3/../../../../pic32mx/lib\libpic32.a(vector27.o)
                0x9fc01560                __vector_dispatch_27
                0x00000001                ASSERT (((_vector_spacing == 0x0) || (SIZEOF (.vector_27) <= (_vector_spacing << 0x5))), function at exception vector 27 too large)

.vector_28      0x9fc01580        0x8
 *(.vector_28)
 .vector_28     0x9fc01580        0x8 c:/program files (x86)/microchip/xc32/v2.30/bin/bin/../../lib/gcc/pic32mx/4.8.3/../../../../pic32mx/lib\libpic32.a(vector28.o)
                0x9fc01580                __vector_dispatch_28
                0x00000001                ASSERT (((_vector_spacing == 0x0) || (SIZEOF (.vector_28) <= (_vector_spacing << 0x5))), function at exception vector 28 too large)

.vector_29      0x9fc015a0        0x8
 *(.vector_29)
 .vector_29     0x9fc015a0        0x8 c:/program files (x86)/microchip/xc32/v2.30/bin/bin/../../lib/gcc/pic32mx/4.8.3/../../../../pic32mx/lib\libpic32.a(vector29.o)
                0x9fc015a0                __vector_dispatch_29
                0x00000001                ASSERT (((_vector_spacing == 0x0) || (SIZEOF (.vector_29) <= (_vector_spacing << 0x5))), function at exception vector 29 too large)

.vector_30      0x9fc015c0        0x8
 *(.vector_30)
 .vector_30     0x9fc015c0        0x8 c:/program files (x86)/microchip/xc32/v2.30/bin/bin/../../lib/gcc/pic32mx/4.8.3/../../../../pic32mx/lib\libpic32.a(vector30.o)
                0x9fc015c0                __vector_dispatch_30
                0x00000001                ASSERT (((_vector_spacing == 0x0) || (SIZEOF (.vector_30) <= (_vector_spacing << 0x5))), function at exception vector 30 too large)

.vector_31      0x9fc015e0        0x8
 *(.vector_31)
 .vector_31     0x9fc015e0        0x8 c:/program files (x86)/microchip/xc32/v2.30/bin/bin/../../lib/gcc/pic32mx/4.8.3/../../../../pic32mx/lib\libpic32.a(vector31.o)
                0x9fc015e0                __vector_dispatch_31
                0x00000001                ASSERT (((_vector_spacing == 0x0) || (SIZEOF (.vector_31) <= (_vector_spacing << 0x5))), function at exception vector 31 too large)

.vector_32      0x9fc01600        0x8
 *(.vector_32)
 .vector_32     0x9fc01600        0x8 c:/program files (x86)/microchip/xc32/v2.30/bin/bin/../../lib/gcc/pic32mx/4.8.3/../../../../pic32mx/lib\libpic32.a(vector32.o)
                0x9fc01600                __vector_dispatch_32
                0x00000001                ASSERT (((_vector_spacing == 0x0) || (SIZEOF (.vector_32) <= (_vector_spacing << 0x5))), function at exception vector 32 too large)

.vector_33      0x9fc01620        0x8
 *(.vector_33)
 .vector_33     0x9fc01620        0x8 c:/program files (x86)/microchip/xc32/v2.30/bin/bin/../../lib/gcc/pic32mx/4.8.3/../../../../pic32mx/lib\libpic32.a(vector33.o)
                0x9fc01620                __vector_dispatch_33
                0x00000001                ASSERT (((_vector_spacing == 0x0) || (SIZEOF (.vector_33) <= (_vector_spacing << 0x5))), function at exception vector 33 too large)

.vector_34      0x9fc01640        0x8
 *(.vector_34)
 .vector_34     0x9fc01640        0x8 c:/program files (x86)/microchip/xc32/v2.30/bin/bin/../../lib/gcc/pic32mx/4.8.3/../../../../pic32mx/lib\libpic32.a(vector34.o)
                0x9fc01640                __vector_dispatch_34
                0x00000001                ASSERT (((_vector_spacing == 0x0) || (SIZEOF (.vector_34) <= (_vector_spacing << 0x5))), function at exception vector 34 too large)

.vector_35      0x9fc01660        0x8
 *(.vector_35)
 .vector_35     0x9fc01660        0x8 c:/program files (x86)/microchip/xc32/v2.30/bin/bin/../../lib/gcc/pic32mx/4.8.3/../../../../pic32mx/lib\libpic32.a(vector35.o)
                0x9fc01660                __vector_dispatch_35
                0x00000001                ASSERT (((_vector_spacing == 0x0) || (SIZEOF (.vector_35) <= (_vector_spacing << 0x5))), function at exception vector 35 too large)

.vector_36      0x9fc01680        0x8
 *(.vector_36)
 .vector_36     0x9fc01680        0x8 c:/program files (x86)/microchip/xc32/v2.30/bin/bin/../../lib/gcc/pic32mx/4.8.3/../../../../pic32mx/lib\libpic32.a(vector36.o)
                0x9fc01680                __vector_dispatch_36
                0x00000001                ASSERT (((_vector_spacing == 0x0) || (SIZEOF (.vector_36) <= (_vector_spacing << 0x5))), function at exception vector 36 too large)

.vector_37      0x9fc016a0        0x8
 *(.vector_37)
 .vector_37     0x9fc016a0        0x8 c:/program files (x86)/microchip/xc32/v2.30/bin/bin/../../lib/gcc/pic32mx/4.8.3/../../../../pic32mx/lib\libpic32.a(vector37.o)
                0x9fc016a0                __vector_dispatch_37
                0x00000001                ASSERT (((_vector_spacing == 0x0) || (SIZEOF (.vector_37) <= (_vector_spacing << 0x5))), function at exception vector 37 too large)

.vector_38      0x9fc016c0        0x8
 *(.vector_38)
 .vector_38     0x9fc016c0        0x8 c:/program files (x86)/microchip/xc32/v2.30/bin/bin/../../lib/gcc/pic32mx/4.8.3/../../../../pic32mx/lib\libpic32.a(vector38.o)
                0x9fc016c0                __vector_dispatch_38
                0x00000001                ASSERT (((_vector_spacing == 0x0) || (SIZEOF (.vector_38) <= (_vector_spacing << 0x5))), function at exception vector 38 too large)

.vector_39      0x9fc016e0        0x8
 *(.vector_39)
 .vector_39     0x9fc016e0        0x8 c:/program files (x86)/microchip/xc32/v2.30/bin/bin/../../lib/gcc/pic32mx/4.8.3/../../../../pic32mx/lib\libpic32.a(vector39.o)
                0x9fc016e0                __vector_dispatch_39
                0x00000001                ASSERT (((_vector_spacing == 0x0) || (SIZEOF (.vector_39) <= (_vector_spacing << 0x5))), function at exception vector 39 too large)

.vector_40      0x9fc01700        0x8
 *(.vector_40)
 .vector_40     0x9fc01700        0x8 c:/program files (x86)/microchip/xc32/v2.30/bin/bin/../../lib/gcc/pic32mx/4.8.3/../../../../pic32mx/lib\libpic32.a(vector40.o)
                0x9fc01700                __vector_dispatch_40
                0x00000001                ASSERT (((_vector_spacing == 0x0) || (SIZEOF (.vector_40) <= (_vector_spacing << 0x5))), function at exception vector 40 too large)

.vector_41      0x9fc01720        0x8
 *(.vector_41)
 .vector_41     0x9fc01720        0x8 c:/program files (x86)/microchip/xc32/v2.30/bin/bin/../../lib/gcc/pic32mx/4.8.3/../../../../pic32mx/lib\libpic32.a(vector41.o)
                0x9fc01720                __vector_dispatch_41
                0x00000001                ASSERT (((_vector_spacing == 0x0) || (SIZEOF (.vector_41) <= (_vector_spacing << 0x5))), function at exception vector 41 too large)

.vector_42      0x9fc01740        0x8
 *(.vector_42)
 .vector_42     0x9fc01740        0x8 c:/program files (x86)/microchip/xc32/v2.30/bin/bin/../../lib/gcc/pic32mx/4.8.3/../../../../pic32mx/lib\libpic32.a(vector42.o)
                0x9fc01740                __vector_dispatch_42
                0x00000001                ASSERT (((_vector_spacing == 0x0) || (SIZEOF (.vector_42) <= (_vector_spacing << 0x5))), function at exception vector 42 too large)

.vector_43      0x9fc01760        0x8
 *(.vector_43)
 .vector_43     0x9fc01760        0x8 c:/program files (x86)/microchip/xc32/v2.30/bin/bin/../../lib/gcc/pic32mx/4.8.3/../../../../pic32mx/lib\libpic32.a(vector43.o)
                0x9fc01760                __vector_dispatch_43
                0x00000001                ASSERT (((_vector_spacing == 0x0) || (SIZEOF (.vector_43) <= (_vector_spacing << 0x5))), function at exception vector 43 too large)

.vector_44      0x9fc01780        0x8
 *(.vector_44)
 .vector_44     0x9fc01780        0x8 c:/program files (x86)/microchip/xc32/v2.30/bin/bin/../../lib/gcc/pic32mx/4.8.3/../../../../pic32mx/lib\libpic32.a(vector44.o)
                0x9fc01780                __vector_dispatch_44
                0x00000001                ASSERT (((_vector_spacing == 0x0) || (SIZEOF (.vector_44) <= (_vector_spacing << 0x5))), function at exception vector 44 too large)

.vector_45      0x9fc017a0       0x10
 *(.vector_45)
 .vector_45     0x9fc017a0       0x10 build/default/production/_ext/1171490990/interrupts_a.o
                0x9fc017a0                __vector_dispatch_45
                0x00000001                ASSERT (((_vector_spacing == 0x0) || (SIZEOF (.vector_45) <= (_vector_spacing << 0x5))), function at exception vector 45 too large)

.vector_46      0x9fc017c0        0x8
 *(.vector_46)
 .vector_46     0x9fc017c0        0x8 c:/program files (x86)/microchip/xc32/v2.30/bin/bin/../../lib/gcc/pic32mx/4.8.3/../../../../pic32mx/lib\libpic32.a(vector46.o)
                0x9fc017c0                __vector_dispatch_46
                0x00000001                ASSERT (((_vector_spacing == 0x0) || (SIZEOF (.vector_46) <= (_vector_spacing << 0x5))), function at exception vector 46 too large)

.vector_47      0x9fc017e0        0x8
 *(.vector_47)
 .vector_47     0x9fc017e0        0x8 c:/program files (x86)/microchip/xc32/v2.30/bin/bin/../../lib/gcc/pic32mx/4.8.3/../../../../pic32mx/lib\libpic32.a(vector47.o)
                0x9fc017e0                __vector_dispatch_47
                0x00000001                ASSERT (((_vector_spacing == 0x0) || (SIZEOF (.vector_47) <= (_vector_spacing << 0x5))), function at exception vector 47 too large)

.vector_48      0x9fc01800        0x8
 *(.vector_48)
 .vector_48     0x9fc01800        0x8 c:/program files (x86)/microchip/xc32/v2.30/bin/bin/../../lib/gcc/pic32mx/4.8.3/../../../../pic32mx/lib\libpic32.a(vector48.o)
                0x9fc01800                __vector_dispatch_48
                0x00000001                ASSERT (((_vector_spacing == 0x0) || (SIZEOF (.vector_48) <= (_vector_spacing << 0x5))), function at exception vector 48 too large)

.vector_49      0x9fc01820        0x8
 *(.vector_49)
 .vector_49     0x9fc01820        0x8 c:/program files (x86)/microchip/xc32/v2.30/bin/bin/../../lib/gcc/pic32mx/4.8.3/../../../../pic32mx/lib\libpic32.a(vector49.o)
                0x9fc01820                __vector_dispatch_49
                0x00000001                ASSERT (((_vector_spacing == 0x0) || (SIZEOF (.vector_49) <= (_vector_spacing << 0x5))), function at exception vector 49 too large)

.vector_50      0x9fc01840        0x8
 *(.vector_50)
 .vector_50     0x9fc01840        0x8 c:/program files (x86)/microchip/xc32/v2.30/bin/bin/../../lib/gcc/pic32mx/4.8.3/../../../../pic32mx/lib\libpic32.a(vector50.o)
                0x9fc01840                __vector_dispatch_50
                0x00000001                ASSERT (((_vector_spacing == 0x0) || (SIZEOF (.vector_50) <= (_vector_spacing << 0x5))), function at exception vector 50 too large)

.vector_51      0x9fc01860        0x8
 *(.vector_51)
 .vector_51     0x9fc01860        0x8 c:/program files (x86)/microchip/xc32/v2.30/bin/bin/../../lib/gcc/pic32mx/4.8.3/../../../../pic32mx/lib\libpic32.a(vector51.o)
                0x9fc01860                __vector_dispatch_51
                0x00000001                ASSERT (((_vector_spacing == 0x0) || (SIZEOF (.vector_51) <= (_vector_spacing << 0x5))), function at exception vector 51 too large)

.vector_52      0x9fc01880        0x0
 *(.vector_52)
                0x00000001                ASSERT (((_vector_spacing == 0x0) || (SIZEOF (.vector_52) <= (_vector_spacing << 0x5))), function at exception vector 52 too large)

.vector_53      0x9fc018a0        0x0
 *(.vector_53)
                0x00000001                ASSERT (((_vector_spacing == 0x0) || (SIZEOF (.vector_53) <= (_vector_spacing << 0x5))), function at exception vector 53 too large)

.vector_54      0x9fc018c0        0x0
 *(.vector_54)
                0x00000001                ASSERT (((_vector_spacing == 0x0) || (SIZEOF (.vector_54) <= (_vector_spacing << 0x5))), function at exception vector 54 too large)

.vector_55      0x9fc018e0        0x0
 *(.vector_55)
                0x00000001                ASSERT (((_vector_spacing == 0x0) || (SIZEOF (.vector_55) <= (_vector_spacing << 0x5))), function at exception vector 55 too large)

.vector_56      0x9fc01900        0x0
 *(.vector_56)
                0x00000001                ASSERT (((_vector_spacing == 0x0) || (SIZEOF (.vector_56) <= (_vector_spacing << 0x5))), function at exception vector 56 too large)

.vector_57      0x9fc01920        0x0
 *(.vector_57)
                0x00000001                ASSERT (((_vector_spacing == 0x0) || (SIZEOF (.vector_57) <= (_vector_spacing << 0x5))), function at exception vector 57 too large)

.vector_58      0x9fc01940        0x0
 *(.vector_58)
                0x00000001                ASSERT (((_vector_spacing == 0x0) || (SIZEOF (.vector_58) <= (_vector_spacing << 0x5))), function at exception vector 58 too large)

.vector_59      0x9fc01960        0x0
 *(.vector_59)
                0x00000001                ASSERT (((_vector_spacing == 0x0) || (SIZEOF (.vector_59) <= (_vector_spacing << 0x5))), function at exception vector 59 too large)

.vector_60      0x9fc01980        0x0
 *(.vector_60)
                0x00000001                ASSERT (((_vector_spacing == 0x0) || (SIZEOF (.vector_60) <= (_vector_spacing << 0x5))), function at exception vector 60 too large)

.vector_61      0x9fc019a0        0x0
 *(.vector_61)
                0x00000001                ASSERT (((_vector_spacing == 0x0) || (SIZEOF (.vector_61) <= (_vector_spacing << 0x5))), function at exception vector 61 too large)

.vector_62      0x9fc019c0        0x0
 *(.vector_62)
                0x00000001                ASSERT (((_vector_spacing == 0x0) || (SIZEOF (.vector_62) <= (_vector_spacing << 0x5))), function at exception vector 62 too large)

.vector_63      0x9fc019e0        0x0
 *(.vector_63)
                0x00000001                ASSERT (((_vector_spacing == 0x0) || (SIZEOF (.vector_63) <= (_vector_spacing << 0x5))), function at exception vector 63 too large)

.startup
 *(.startup)

.text           0x9d000000        0x0
 *(.stub .gnu.linkonce.t.*)
 *(.text.*personality*)
 *(.mips16.fn.*)
 *(.mips16.call.*)
 *(.gnu.warning)
                0x9d000000                . = ALIGN (0x4)

.init           0x9d000000        0x0
 *crti.o(.init)
 *crtbegin.o(.init)
 *(EXCLUDE_FILE(*crtn.o *crtend?.o *crtend.o) .init)
 *crtend.o(.init)
 *crtn.o(.init)
                0x9d000000                . = ALIGN (0x4)

.fini           0x9d000000        0x0
 *(.fini)
                0x9d000000                . = ALIGN (0x4)

.preinit_array  0x9d000000        0x0
                0x9d000000                PROVIDE (__preinit_array_start, .)
 *(.preinit_array)
                0x9d000000                PROVIDE (__preinit_array_end, .)
                0x9d000000                . = ALIGN (0x4)

.init_array     0x9d000000        0x0
                0x9d000000                PROVIDE (__init_array_start, .)
 *(SORT(.init_array.*))
 *(.init_array)
                0x9d000000                PROVIDE (__init_array_end, .)
                0x9d000000                . = ALIGN (0x4)

.fini_array     0x9d000000        0x0
                0x9d000000                PROVIDE (__fini_array_start, .)
 *(SORT(.fini_array.*))
 *(.fini_array)
                0x9d000000                PROVIDE (__fini_array_end, .)
                0x9d000000                . = ALIGN (0x4)

.ctors          0x9d000000        0x0
 *crtbegin.o(.ctors)
 *crtbegin?.o(.ctors)
 *(EXCLUDE_FILE(*crtend?.o *crtend.o) .ctors)
 *(SORT(.ctors.*))
 *(.ctors)
                0x9d000000                . = ALIGN (0x4)

.dtors          0x9d000000        0x0
 *crtbegin.o(.dtors)
 *crtbegin?.o(.dtors)
 *(EXCLUDE_FILE(*crtend?.o *crtend.o) .dtors)
 *(SORT(.dtors.*))
 *(.dtors)
                0x9d000000                . = ALIGN (0x4)

.rodata         0x9d000000        0x0
 *(.gnu.linkonce.r.*)
 *(.rodata1)
                0x9d000000                . = ALIGN (0x4)

.sdata2         0x9fc00490        0x0
 *(.sdata2 .sdata2.* .gnu.linkonce.s2.*)
                0x9fc00490                . = ALIGN (0x4)

.sbss2          0x9fc00490        0x0
 *(.sbss2 .sbss2.* .gnu.linkonce.sb2.*)
                0x9fc00490                . = ALIGN (0x4)

.eh_frame_hdr
 *(.eh_frame_hdr)
                0x9fc00490                . = ALIGN (0x4)

.eh_frame
 *(.eh_frame)
                0x9fc00490                . = ALIGN (0x4)

.gcc_except_table
 *(.gcc_except_table .gcc_except_table.*)
                0x9fc00490                . = ALIGN (0x4)

.dbg_data       0xa0000000        0x0
                0xa0000000                . = (. + DEFINED (_DEBUGGER)?0x200:0x0)

.jcr            0xa0000000        0x0
 *(.jcr)
                0xa0000000                . = ALIGN (0x4)

.eh_frame
 *(.eh_frame)
                0xa0000000                . = ALIGN (0x4)

.gcc_except_table
 *(.gcc_except_table .gcc_except_table.*)
                0xa0000000                . = ALIGN (0x4)

.persist        0xa0000000        0x0
                0xa0000000                _persist_begin = .
 *(.persist .persist.*)
 *(.pbss .pbss.*)
                0xa0000000                . = ALIGN (0x4)
                0xa0000000                _persist_end = .

.data           0xa0000000        0x0
 *(.gnu.linkonce.d.*)
 *(.data1)
                0xa0000000                . = ALIGN (0x4)
                0xa0000000                . = .
                0xa0007ff0                _gp = (ALIGN (0x10) + 0x7ff0)

.got            0xa0000000        0x0
 *(.got.plt)
 *(.got)
                0xa0000000                . = ALIGN (0x4)

.sdata          0xa0000000        0x4
                0xa0000000                _sdata_begin = .
 *(.sdata .sdata.* .gnu.linkonce.s.*)
 .sdata         0xa0000000        0x4 build/default/production/_ext/951553248/port.o
                0xa0000000                uxInterruptNesting
                0xa0000004                . = ALIGN (0x4)
                0xa0000004                _sdata_end = .

.lit8
 *(.lit8)

.lit4
 *(.lit4)
                0xa0000004                . = ALIGN (0x4)
                0xa0000004                _data_end = .
                0xa0000004                _bss_begin = .

.sbss           0xa0000004       0x6c
                0xa0000004                _sbss_begin = .
 *(.dynsbss)
 *(.sbss .sbss.* .gnu.linkonce.sb.*)
 .sbss          0xa0000004        0xc build/default/production/_ext/1171490990/exceptions.o
 .sbss          0xa0000010       0x3c build/default/production/_ext/404212886/FreeRTOS_tasks.o
                0xa0000048                pxCurrentTCB
 .sbss          0xa000004c        0x8 build/default/production/_ext/1665200909/heap_1.o
 .sbss          0xa0000054        0x4 build/default/production/_ext/951553248/port.o
                0xa0000054                uxSavedTaskStackPointer
 *(.scommon)
 .scommon       0xa0000058        0x8 build/default/production/_ext/1171490990/initialization.o
                0xa0000058                sysObj
 .scommon       0xa0000060        0x8 build/default/production/_ext/308758920/usb_device_cdc.o
                0xa0000060                gUSBDeviceCdcCommonDataObj
 .scommon       0xa0000068        0x4 build/default/production/_ext/1360937237/app.o
                0xa0000068                appData
 .scommon       0xa000006c        0x4 build/default/production/_ext/1171490990/tasks.o
                0xa000006c                xAPP_Tasks
                0xa0000070                _sbss_end = .
                0xa0000070                . = ALIGN (0x4)

.bss            0xa0000200      0x224
 *(.dynbss)
 *(COMMON)
 COMMON         0xa0000200       0x80 build/default/production/_ext/1171490990/initialization.o
                0xa0000200                endPointTable1
 COMMON         0xa0000280       0xf8 build/default/production/_ext/2128569739/drv_usbfs.o
                0xa0000280                gDrvUSBGroup
 COMMON         0xa0000378       0xac build/default/production/_ext/308758920/usb_device_cdc.o
                0xa0000378                gUSBDeviceCDCInstance
                0xa00003b8                gUSBDeviceCDCIRP
                0xa0000424                . = ALIGN ((. != 0x0)?0x4:0x1)
                0xa0000424                . = ALIGN (0x4)
                0xa0000424                _end = .
                0xa0000424                _bss_end = .
                0x00020000                _bmxdudba_address = 0x20000
                0x00020000                _bmxdupba_address = 0x20000

/DISCARD/
 *(.pdr)
 *(.rel.dyn)
 *(.note.GNU-stack)
 *(.note.GNU-stack)
 *(.gnu_debuglink)
 *(.gnu.lto_*)
 *(.discard)

.gptab.sdata
 *(.gptab.data)
 *(.gptab.sdata)

.gptab.sbss
 *(.gptab.bss)
 *(.gptab.sbss)

.mdebug.abi32   0xa0000424        0x0
 *(.mdebug.abi32)
 .mdebug.abi32  0xa0000424        0x0 build/default/production/_ext/1360937237/main.o
 .mdebug.abi32  0xa0000424        0x0 build/default/production/_ext/1171490990/initialization.o
 .mdebug.abi32  0xa0000424        0x0 build/default/production/_ext/1171490990/interrupts.o
 .mdebug.abi32  0xa0000424        0x0 build/default/production/_ext/1171490990/exceptions.o
 .mdebug.abi32  0xa0000424        0x0 build/default/production/_ext/163028504/xc32_monitor.o
 .mdebug.abi32  0xa0000424        0x0 build/default/production/_ext/60165520/plib_clk.o
 .mdebug.abi32  0xa0000424        0x0 build/default/production/_ext/1865254177/plib_gpio.o
 .mdebug.abi32  0xa0000424        0x0 build/default/production/_ext/1865200349/plib_evic.o
 .mdebug.abi32  0xa0000424        0x0 build/default/production/_ext/2128569739/drv_usbfs.o
 .mdebug.abi32  0xa0000424        0x0 build/default/production/_ext/2128569739/drv_usbfs_device.o
 .mdebug.abi32  0xa0000424        0x0 build/default/production/_ext/1171490990/usb_device_init_data.o
 .mdebug.abi32  0xa0000424        0x0 build/default/production/_ext/308758920/usb_device.o
 .mdebug.abi32  0xa0000424        0x0 build/default/production/_ext/308758920/usb_device_cdc.o
 .mdebug.abi32  0xa0000424        0x0 build/default/production/_ext/308758920/usb_device_cdc_acm.o
 .mdebug.abi32  0xa0000424        0x0 build/default/production/_ext/1171490990/freertos_hooks.o
 .mdebug.abi32  0xa0000424        0x0 build/default/production/_ext/404212886/croutine.o
 .mdebug.abi32  0xa0000424        0x0 build/default/production/_ext/404212886/list.o
 .mdebug.abi32  0xa0000424        0x0 build/default/production/_ext/404212886/queue.o
 .mdebug.abi32  0xa0000424        0x0 build/default/production/_ext/404212886/FreeRTOS_tasks.o
 .mdebug.abi32  0xa0000424        0x0 build/default/production/_ext/404212886/timers.o
 .mdebug.abi32  0xa0000424        0x0 build/default/production/_ext/404212886/event_groups.o
 .mdebug.abi32  0xa0000424        0x0 build/default/production/_ext/404212886/stream_buffer.o
 .mdebug.abi32  0xa0000424        0x0 build/default/production/_ext/1665200909/heap_1.o
 .mdebug.abi32  0xa0000424        0x0 build/default/production/_ext/951553248/port.o
 .mdebug.abi32  0xa0000424        0x0 build/default/production/_ext/1881668453/sys_int.o
 .mdebug.abi32  0xa0000424        0x0 build/default/production/_ext/1529399856/osal_freertos.o
 .mdebug.abi32  0xa0000424        0x0 build/default/production/_ext/1360937237/app.o
 .mdebug.abi32  0xa0000424        0x0 build/default/production/_ext/1171490990/tasks.o
 .mdebug.abi32  0xa0000424        0x0 c:/program files (x86)/microchip/xc32/v2.30/bin/bin/../../lib/gcc/pic32mx/4.8.3/../../../../pic32mx/lib\libpic32.a(default-bootstrap-exception-handler.o)
 .mdebug.abi32  0xa0000424        0x0 c:/program files (x86)/microchip/xc32/v2.30/bin/bin/../../lib/gcc/pic32mx/4.8.3/../../../../pic32mx/lib\libpic32.a(default-on-reset.o)
 .mdebug.abi32  0xa0000424        0x0 c:/program files (x86)/microchip/xc32/v2.30/bin/bin/../../lib/gcc/pic32mx/4.8.3/../../../../pic32mx/lib\libpic32.a(default-on-bootstrap.o)
 .mdebug.abi32  0xa0000424        0x0 c:/program files (x86)/microchip/xc32/v2.30/bin/bin/../../lib/gcc/pic32mx/4.8.3/../../../../pic32mx/lib\libpic32.a(defaultinterrupt.o)
 .mdebug.abi32  0xa0000424        0x0 c:/program files (x86)/microchip/xc32/v2.30/bin/bin/../../lib/gcc/pic32mx/4.8.3/../../../../pic32mx/lib\libc.a(printf_cdnopsuxX.eo)
 .mdebug.abi32  0xa0000424        0x0 c:/program files (x86)/microchip/xc32/v2.30/bin/bin/../../lib/gcc/pic32mx/4.8.3/../../../../pic32mx/lib\libc.a(_iob.o)
 .mdebug.abi32  0xa0000424        0x0 c:/program files (x86)/microchip/xc32/v2.30/bin/bin/../../lib/gcc/pic32mx/4.8.3/../../../../pic32mx/lib\libc.a(doprnt_cdnopsuxX.eo)
 .mdebug.abi32  0xa0000424        0x0 c:/program files (x86)/microchip/xc32/v2.30/bin/bin/../../lib/gcc/pic32mx/4.8.3/../../../../pic32mx/lib\libc.a(_fputc_simple.o)
 .mdebug.abi32  0xa0000424        0x0 c:/program files (x86)/microchip/xc32/v2.30/bin/bin/../../lib/gcc/pic32mx/4.8.3/../../../../pic32mx/lib\libc.a(ctype.o)
 .mdebug.abi32  0xa0000424        0x0 c:/program files (x86)/microchip/xc32/v2.30/bin/bin/../../lib/gcc/pic32mx/4.8.3/../../../../pic32mx/lib\libc.a(_flsbuf_simple.o)
 .mdebug.abi32  0xa0000424        0x0 c:/program files (x86)/microchip/xc32/v2.30/bin/bin/../../lib/gcc/pic32mx/4.8.3\libgcc.a(_udivdi3.o)
 .mdebug.abi32  0xa0000424        0x0 c:/program files (x86)/microchip/xc32/v2.30/bin/bin/../../lib/gcc/pic32mx/4.8.3\libgcc.a(_umoddi3.o)
 .mdebug.abi32  0xa0000424        0x0 c:/program files (x86)/microchip/xc32/v2.30/bin/bin/../../lib/gcc/pic32mx/4.8.3/../../../../pic32mx/lib\libpic32.a(write.o)

.mdebug.abiN32
 *(.mdebug.abiN32)

.mdebug.abi64
 *(.mdebug.abi64)

.mdebug.abiO64
 *(.mdebug.abiO64)

.mdebug.eabi32
 *(.mdebug.eabi32)

.mdebug.eabi64
 *(.mdebug.eabi64)

.gcc_compiled_long32
 *(.gcc_compiled_long32)

.gcc_compiled_long64
 *(.gcc_compiled_long64)

.stab
 *(.stab)

.stabstr
 *(.stabstr)

.stab.excl
 *(.stab.excl)

.stab.exclstr
 *(.stab.exclstr)

.stab.index
 *(.stab.index)

.stab.indexstr
 *(.stab.indexstr)

.comment        0x00000000       0xa2
 *(.comment)
 .comment       0x00000000       0x3c build/default/production/_ext/1360937237/main.o
                                 0x3d (size before relaxing)
 .comment       0x00000000       0x3d build/default/production/_ext/1171490990/initialization.o
 .comment       0x00000000       0x3d build/default/production/_ext/1171490990/interrupts.o
 .comment       0x00000000       0x3d build/default/production/_ext/1171490990/exceptions.o
 .comment       0x00000000       0x3d build/default/production/_ext/163028504/xc32_monitor.o
 .comment       0x00000000       0x3d build/default/production/_ext/60165520/plib_clk.o
 .comment       0x00000000       0x3d build/default/production/_ext/1865254177/plib_gpio.o
 .comment       0x00000000       0x3d build/default/production/_ext/1865200349/plib_evic.o
 .comment       0x00000000       0x3d build/default/production/_ext/2128569739/drv_usbfs.o
 .comment       0x00000000       0x3d build/default/production/_ext/2128569739/drv_usbfs_device.o
 .comment       0x00000000       0x3d build/default/production/_ext/1171490990/usb_device_init_data.o
 .comment       0x00000000       0x3d build/default/production/_ext/308758920/usb_device.o
 .comment       0x00000000       0x3d build/default/production/_ext/308758920/usb_device_cdc.o
 .comment       0x00000000       0x3d build/default/production/_ext/308758920/usb_device_cdc_acm.o
 .comment       0x00000000       0x3d build/default/production/_ext/1171490990/freertos_hooks.o
 .comment       0x00000000       0x3d build/default/production/_ext/404212886/croutine.o
 .comment       0x00000000       0x3d build/default/production/_ext/404212886/list.o
 .comment       0x00000000       0x3d build/default/production/_ext/404212886/queue.o
 .comment       0x00000000       0x3d build/default/production/_ext/404212886/FreeRTOS_tasks.o
 .comment       0x00000000       0x3d build/default/production/_ext/404212886/timers.o
 .comment       0x00000000       0x3d build/default/production/_ext/404212886/event_groups.o
 .comment       0x00000000       0x3d build/default/production/_ext/404212886/stream_buffer.o
 .comment       0x00000000       0x3d build/default/production/_ext/1665200909/heap_1.o
 .comment       0x00000000       0x3d build/default/production/_ext/951553248/port.o
 .comment       0x00000000       0x3d build/default/production/_ext/1881668453/sys_int.o
 .comment       0x00000000       0x3d build/default/production/_ext/1529399856/osal_freertos.o
 .comment       0x00000000       0x3d build/default/production/_ext/1360937237/app.o
 .comment       0x00000000       0x3d build/default/production/_ext/1171490990/tasks.o
 .comment       0x0000003c       0x18 c:/program files (x86)/microchip/xc32/v2.30/bin/bin/../../lib/gcc/pic32mx/4.8.3/../../../../pic32mx/lib\libpic32.a(memset.o)
                                 0x19 (size before relaxing)
 .comment       0x00000000       0x3d c:/program files (x86)/microchip/xc32/v2.30/bin/bin/../../lib/gcc/pic32mx/4.8.3/../../../../pic32mx/lib\libpic32.a(default-bootstrap-exception-handler.o)
 .comment       0x00000000       0x3d c:/program files (x86)/microchip/xc32/v2.30/bin/bin/../../lib/gcc/pic32mx/4.8.3/../../../../pic32mx/lib\libpic32.a(default-on-reset.o)
 .comment       0x00000000       0x3d c:/program files (x86)/microchip/xc32/v2.30/bin/bin/../../lib/gcc/pic32mx/4.8.3/../../../../pic32mx/lib\libpic32.a(default-on-bootstrap.o)
 .comment       0x00000000       0x3d c:/program files (x86)/microchip/xc32/v2.30/bin/bin/../../lib/gcc/pic32mx/4.8.3/../../../../pic32mx/lib\libpic32.a(defaultinterrupt.o)
 .comment       0x00000000       0x3d c:/program files (x86)/microchip/xc32/v2.30/bin/bin/../../lib/gcc/pic32mx/4.8.3/../../../../pic32mx/lib\libc.a(printf_cdnopsuxX.eo)
 .comment       0x00000000       0x3d c:/program files (x86)/microchip/xc32/v2.30/bin/bin/../../lib/gcc/pic32mx/4.8.3/../../../../pic32mx/lib\libc.a(_iob.o)
 .comment       0x00000000       0x3d c:/program files (x86)/microchip/xc32/v2.30/bin/bin/../../lib/gcc/pic32mx/4.8.3/../../../../pic32mx/lib\libc.a(doprnt_cdnopsuxX.eo)
 .comment       0x00000000       0x3d c:/program files (x86)/microchip/xc32/v2.30/bin/bin/../../lib/gcc/pic32mx/4.8.3/../../../../pic32mx/lib\libc.a(_fputc_simple.o)
 .comment       0x00000054       0x4e c:/program files (x86)/microchip/xc32/v2.30/bin/bin/../../lib/gcc/pic32mx/4.8.3/../../../../pic32mx/lib\libc.a(ctype.o)
                                 0x8b (size before relaxing)
 .comment       0x00000000       0x3d c:/program files (x86)/microchip/xc32/v2.30/bin/bin/../../lib/gcc/pic32mx/4.8.3/../../../../pic32mx/lib\libc.a(_flsbuf_simple.o)
 .comment       0x00000000       0x3d c:/program files (x86)/microchip/xc32/v2.30/bin/bin/../../lib/gcc/pic32mx/4.8.3\libgcc.a(_udivdi3.o)
 .comment       0x00000000       0x3d c:/program files (x86)/microchip/xc32/v2.30/bin/bin/../../lib/gcc/pic32mx/4.8.3\libgcc.a(_umoddi3.o)
 .comment       0x00000000       0x3d c:/program files (x86)/microchip/xc32/v2.30/bin/bin/../../lib/gcc/pic32mx/4.8.3/../../../../pic32mx/lib\libpic32.a(write.o)

.debug
 *(.debug)

.line
 *(.line)

.debug_srcinfo
 *(.debug_srcinfo)

.debug_sfnames
 *(.debug_sfnames)

.debug_aranges  0x00000000      0xc70
 *(.debug_aranges)
 .debug_aranges
                0x00000000       0x28 build/default/production/_ext/1360937237/main.o
 .debug_aranges
                0x00000028       0x20 build/default/production/_ext/1171490990/initialization.o
 .debug_aranges
                0x00000048       0x20 build/default/production/_ext/1171490990/interrupts.o
 .debug_aranges
                0x00000068       0x28 build/default/production/_ext/1171490990/interrupts_a.o
 .debug_aranges
                0x00000090       0x20 build/default/production/_ext/1171490990/exceptions.o
 .debug_aranges
                0x000000b0       0x28 build/default/production/_ext/163028504/xc32_monitor.o
 .debug_aranges
                0x000000d8       0x20 build/default/production/_ext/60165520/plib_clk.o
 .debug_aranges
                0x000000f8       0x60 build/default/production/_ext/1865254177/plib_gpio.o
 .debug_aranges
                0x00000158       0x50 build/default/production/_ext/1865200349/plib_evic.o
 .debug_aranges
                0x000001a8       0x68 build/default/production/_ext/2128569739/drv_usbfs.o
 .debug_aranges
                0x00000210       0xc0 build/default/production/_ext/2128569739/drv_usbfs_device.o
 .debug_aranges
                0x000002d0       0x18 build/default/production/_ext/1171490990/usb_device_init_data.o
 .debug_aranges
                0x000002e8      0x1a0 build/default/production/_ext/308758920/usb_device.o
 .debug_aranges
                0x00000488       0x88 build/default/production/_ext/308758920/usb_device_cdc.o
 .debug_aranges
                0x00000510       0x20 build/default/production/_ext/308758920/usb_device_cdc_acm.o
 .debug_aranges
                0x00000530       0x40 build/default/production/_ext/1171490990/freertos_hooks.o
 .debug_aranges
                0x00000570       0x18 build/default/production/_ext/404212886/croutine.o
 .debug_aranges
                0x00000588       0x40 build/default/production/_ext/404212886/list.o
 .debug_aranges
                0x000005c8       0xc8 build/default/production/_ext/404212886/queue.o
 .debug_aranges
                0x00000690      0x188 build/default/production/_ext/404212886/FreeRTOS_tasks.o
 .debug_aranges
                0x00000818       0x18 build/default/production/_ext/404212886/timers.o
 .debug_aranges
                0x00000830       0x60 build/default/production/_ext/404212886/event_groups.o
 .debug_aranges
                0x00000890       0xb0 build/default/production/_ext/404212886/stream_buffer.o
 .debug_aranges
                0x00000940       0x38 build/default/production/_ext/1665200909/heap_1.o
 .debug_aranges
                0x00000978       0x58 build/default/production/_ext/951553248/port.o
 .debug_aranges
                0x000009d0       0x20 build/default/production/_ext/951553248/port_asm.o
 .debug_aranges
                0x000009f0       0x40 build/default/production/_ext/1881668453/sys_int.o
 .debug_aranges
                0x00000a30       0x80 build/default/production/_ext/1529399856/osal_freertos.o
 .debug_aranges
                0x00000ab0       0x28 build/default/production/_ext/1360937237/app.o
 .debug_aranges
                0x00000ad8       0x38 build/default/production/_ext/1171490990/tasks.o
 .debug_aranges
                0x00000b10       0x20 c:/program files (x86)/microchip/xc32/v2.30/bin/bin/../../lib/gcc/pic32mx/4.8.3/../../../../pic32mx/lib\libpic32.a(default-bootstrap-exception-handler.o)
 .debug_aranges
                0x00000b30       0x20 c:/program files (x86)/microchip/xc32/v2.30/bin/bin/../../lib/gcc/pic32mx/4.8.3/../../../../pic32mx/lib\libpic32.a(default-on-reset.o)
 .debug_aranges
                0x00000b50       0x20 c:/program files (x86)/microchip/xc32/v2.30/bin/bin/../../lib/gcc/pic32mx/4.8.3/../../../../pic32mx/lib\libpic32.a(default-on-bootstrap.o)
 .debug_aranges
                0x00000b70       0x20 c:/program files (x86)/microchip/xc32/v2.30/bin/bin/../../lib/gcc/pic32mx/4.8.3/../../../../pic32mx/lib\libpic32.a(defaultinterrupt.o)
 .debug_aranges
                0x00000b90       0x20 c:/program files (x86)/microchip/xc32/v2.30/bin/bin/../../lib/gcc/pic32mx/4.8.3/../../../../pic32mx/lib\libc.a(printf_cdnopsuxX.eo)
 .debug_aranges
                0x00000bb0       0x20 c:/program files (x86)/microchip/xc32/v2.30/bin/bin/../../lib/gcc/pic32mx/4.8.3/../../../../pic32mx/lib\libc.a(doprnt_cdnopsuxX.eo)
 .debug_aranges
                0x00000bd0       0x20 c:/program files (x86)/microchip/xc32/v2.30/bin/bin/../../lib/gcc/pic32mx/4.8.3/../../../../pic32mx/lib\libc.a(_fputc_simple.o)
 .debug_aranges
                0x00000bf0       0x20 c:/program files (x86)/microchip/xc32/v2.30/bin/bin/../../lib/gcc/pic32mx/4.8.3/../../../../pic32mx/lib\libc.a(_flsbuf_simple.o)
 .debug_aranges
                0x00000c10       0x20 c:/program files (x86)/microchip/xc32/v2.30/bin/bin/../../lib/gcc/pic32mx/4.8.3\libgcc.a(_udivdi3.o)
 .debug_aranges
                0x00000c30       0x20 c:/program files (x86)/microchip/xc32/v2.30/bin/bin/../../lib/gcc/pic32mx/4.8.3\libgcc.a(_umoddi3.o)
 .debug_aranges
                0x00000c50       0x20 c:/program files (x86)/microchip/xc32/v2.30/bin/bin/../../lib/gcc/pic32mx/4.8.3/../../../../pic32mx/lib\libpic32.a(write.o)

.debug_pubnames
 *(.debug_pubnames)

.debug_info     0x00000000    0x2a894
 *(.debug_info .gnu.linkonce.wi.*)
 .debug_info    0x00000000      0x6f9 build/default/production/_ext/1360937237/main.o
 .debug_info    0x000006f9     0x1ff9 build/default/production/_ext/1171490990/initialization.o
 .debug_info    0x000026f2      0x1b0 build/default/production/_ext/1171490990/interrupts.o
 .debug_info    0x000028a2       0x88 build/default/production/_ext/1171490990/interrupts_a.o
 .debug_info    0x0000292a      0x84f build/default/production/_ext/1171490990/exceptions.o
 .debug_info    0x00003179      0x11b build/default/production/_ext/163028504/xc32_monitor.o
 .debug_info    0x00003294      0x18b build/default/production/_ext/60165520/plib_clk.o
 .debug_info    0x0000341f      0x4aa build/default/production/_ext/1865254177/plib_gpio.o
 .debug_info    0x000038c9      0xcc9 build/default/production/_ext/1865200349/plib_evic.o
 .debug_info    0x00004592     0x46d0 build/default/production/_ext/2128569739/drv_usbfs.o
 .debug_info    0x00008c62     0x76bf build/default/production/_ext/2128569739/drv_usbfs_device.o
 .debug_info    0x00010321     0x3453 build/default/production/_ext/1171490990/usb_device_init_data.o
 .debug_info    0x00013774     0x5ce9 build/default/production/_ext/308758920/usb_device.o
 .debug_info    0x0001945d     0x3891 build/default/production/_ext/308758920/usb_device_cdc.o
 .debug_info    0x0001ccee     0x1201 build/default/production/_ext/308758920/usb_device_cdc_acm.o
 .debug_info    0x0001deef      0x357 build/default/production/_ext/1171490990/freertos_hooks.o
 .debug_info    0x0001e246      0x163 build/default/production/_ext/404212886/croutine.o
 .debug_info    0x0001e3a9      0x46c build/default/production/_ext/404212886/list.o
 .debug_info    0x0001e815     0x1ea0 build/default/production/_ext/404212886/queue.o
 .debug_info    0x000206b5     0x2aa6 build/default/production/_ext/404212886/FreeRTOS_tasks.o
 .debug_info    0x0002315b      0x161 build/default/production/_ext/404212886/timers.o
 .debug_info    0x000232bc      0xd4f build/default/production/_ext/404212886/event_groups.o
 .debug_info    0x0002400b     0x18a8 build/default/production/_ext/404212886/stream_buffer.o
 .debug_info    0x000258b3      0x367 build/default/production/_ext/1665200909/heap_1.o
 .debug_info    0x00025c1a     0x118b build/default/production/_ext/951553248/port.o
 .debug_info    0x00026da5       0xb1 build/default/production/_ext/951553248/port_asm.o
 .debug_info    0x00026e56      0xc6d build/default/production/_ext/1881668453/sys_int.o
 .debug_info    0x00027ac3      0xa07 build/default/production/_ext/1529399856/osal_freertos.o
 .debug_info    0x000284ca      0x239 build/default/production/_ext/1360937237/app.o
 .debug_info    0x00028703      0xb5a build/default/production/_ext/1171490990/tasks.o
 .debug_info    0x0002925d       0xf4 c:/program files (x86)/microchip/xc32/v2.30/bin/bin/../../lib/gcc/pic32mx/4.8.3/../../../../pic32mx/lib\libpic32.a(default-bootstrap-exception-handler.o)
 .debug_info    0x00029351       0xcd c:/program files (x86)/microchip/xc32/v2.30/bin/bin/../../lib/gcc/pic32mx/4.8.3/../../../../pic32mx/lib\libpic32.a(default-on-reset.o)
 .debug_info    0x0002941e       0xd5 c:/program files (x86)/microchip/xc32/v2.30/bin/bin/../../lib/gcc/pic32mx/4.8.3/../../../../pic32mx/lib\libpic32.a(default-on-bootstrap.o)
 .debug_info    0x000294f3       0xe7 c:/program files (x86)/microchip/xc32/v2.30/bin/bin/../../lib/gcc/pic32mx/4.8.3/../../../../pic32mx/lib\libpic32.a(defaultinterrupt.o)
 .debug_info    0x000295da       0xcf c:/program files (x86)/microchip/xc32/v2.30/bin/bin/../../lib/gcc/pic32mx/4.8.3/../../../../pic32mx/lib\libc.a(printf_cdnopsuxX.eo)
 .debug_info    0x000296a9       0xd2 c:/program files (x86)/microchip/xc32/v2.30/bin/bin/../../lib/gcc/pic32mx/4.8.3/../../../../pic32mx/lib\libc.a(doprnt_cdnopsuxX.eo)
 .debug_info    0x0002977b       0xc2 c:/program files (x86)/microchip/xc32/v2.30/bin/bin/../../lib/gcc/pic32mx/4.8.3/../../../../pic32mx/lib\libc.a(_fputc_simple.o)
 .debug_info    0x0002983d       0xc5 c:/program files (x86)/microchip/xc32/v2.30/bin/bin/../../lib/gcc/pic32mx/4.8.3/../../../../pic32mx/lib\libc.a(_flsbuf_simple.o)
 .debug_info    0x00029902      0x74b c:/program files (x86)/microchip/xc32/v2.30/bin/bin/../../lib/gcc/pic32mx/4.8.3\libgcc.a(_udivdi3.o)
 .debug_info    0x0002a04d      0x788 c:/program files (x86)/microchip/xc32/v2.30/bin/bin/../../lib/gcc/pic32mx/4.8.3\libgcc.a(_umoddi3.o)
 .debug_info    0x0002a7d5       0xbf c:/program files (x86)/microchip/xc32/v2.30/bin/bin/../../lib/gcc/pic32mx/4.8.3/../../../../pic32mx/lib\libpic32.a(write.o)

.debug_abbrev   0x00000000     0x369b
 *(.debug_abbrev)
 .debug_abbrev  0x00000000      0x186 build/default/production/_ext/1360937237/main.o
 .debug_abbrev  0x00000186      0x202 build/default/production/_ext/1171490990/initialization.o
 .debug_abbrev  0x00000388       0x57 build/default/production/_ext/1171490990/interrupts.o
 .debug_abbrev  0x000003df       0x12 build/default/production/_ext/1171490990/interrupts_a.o
 .debug_abbrev  0x000003f1       0xc5 build/default/production/_ext/1171490990/exceptions.o
 .debug_abbrev  0x000004b6       0x66 build/default/production/_ext/163028504/xc32_monitor.o
 .debug_abbrev  0x0000051c       0x39 build/default/production/_ext/60165520/plib_clk.o
 .debug_abbrev  0x00000555       0xd7 build/default/production/_ext/1865254177/plib_gpio.o
 .debug_abbrev  0x0000062c       0xfc build/default/production/_ext/1865200349/plib_evic.o
 .debug_abbrev  0x00000728      0x435 build/default/production/_ext/2128569739/drv_usbfs.o
 .debug_abbrev  0x00000b5d      0x4d5 build/default/production/_ext/2128569739/drv_usbfs_device.o
 .debug_abbrev  0x00001032      0x1d3 build/default/production/_ext/1171490990/usb_device_init_data.o
 .debug_abbrev  0x00001205      0x3da build/default/production/_ext/308758920/usb_device.o
 .debug_abbrev  0x000015df      0x358 build/default/production/_ext/308758920/usb_device_cdc.o
 .debug_abbrev  0x00001937      0x199 build/default/production/_ext/308758920/usb_device_cdc_acm.o
 .debug_abbrev  0x00001ad0       0xe1 build/default/production/_ext/1171490990/freertos_hooks.o
 .debug_abbrev  0x00001bb1       0x1b build/default/production/_ext/404212886/croutine.o
 .debug_abbrev  0x00001bcc       0xf8 build/default/production/_ext/404212886/list.o
 .debug_abbrev  0x00001cc4      0x342 build/default/production/_ext/404212886/queue.o
 .debug_abbrev  0x00002006      0x37a build/default/production/_ext/404212886/FreeRTOS_tasks.o
 .debug_abbrev  0x00002380       0x1b build/default/production/_ext/404212886/timers.o
 .debug_abbrev  0x0000239b      0x27d build/default/production/_ext/404212886/event_groups.o
 .debug_abbrev  0x00002618      0x348 build/default/production/_ext/404212886/stream_buffer.o
 .debug_abbrev  0x00002960      0x13f build/default/production/_ext/1665200909/heap_1.o
 .debug_abbrev  0x00002a9f      0x2cf build/default/production/_ext/951553248/port.o
 .debug_abbrev  0x00002d6e       0x14 build/default/production/_ext/951553248/port_asm.o
 .debug_abbrev  0x00002d82      0x130 build/default/production/_ext/1881668453/sys_int.o
 .debug_abbrev  0x00002eb2      0x1e6 build/default/production/_ext/1529399856/osal_freertos.o
 .debug_abbrev  0x00003098       0xbb build/default/production/_ext/1360937237/app.o
 .debug_abbrev  0x00003153      0x161 build/default/production/_ext/1171490990/tasks.o
 .debug_abbrev  0x000032b4       0x28 c:/program files (x86)/microchip/xc32/v2.30/bin/bin/../../lib/gcc/pic32mx/4.8.3/../../../../pic32mx/lib\libpic32.a(default-bootstrap-exception-handler.o)
 .debug_abbrev  0x000032dc       0x28 c:/program files (x86)/microchip/xc32/v2.30/bin/bin/../../lib/gcc/pic32mx/4.8.3/../../../../pic32mx/lib\libpic32.a(default-on-reset.o)
 .debug_abbrev  0x00003304       0x28 c:/program files (x86)/microchip/xc32/v2.30/bin/bin/../../lib/gcc/pic32mx/4.8.3/../../../../pic32mx/lib\libpic32.a(default-on-bootstrap.o)
 .debug_abbrev  0x0000332c       0x28 c:/program files (x86)/microchip/xc32/v2.30/bin/bin/../../lib/gcc/pic32mx/4.8.3/../../../../pic32mx/lib\libpic32.a(defaultinterrupt.o)
 .debug_abbrev  0x00003354       0x28 c:/program files (x86)/microchip/xc32/v2.30/bin/bin/../../lib/gcc/pic32mx/4.8.3/../../../../pic32mx/lib\libc.a(printf_cdnopsuxX.eo)
 .debug_abbrev  0x0000337c       0x28 c:/program files (x86)/microchip/xc32/v2.30/bin/bin/../../lib/gcc/pic32mx/4.8.3/../../../../pic32mx/lib\libc.a(doprnt_cdnopsuxX.eo)
 .debug_abbrev  0x000033a4       0x28 c:/program files (x86)/microchip/xc32/v2.30/bin/bin/../../lib/gcc/pic32mx/4.8.3/../../../../pic32mx/lib\libc.a(_fputc_simple.o)
 .debug_abbrev  0x000033cc       0x28 c:/program files (x86)/microchip/xc32/v2.30/bin/bin/../../lib/gcc/pic32mx/4.8.3/../../../../pic32mx/lib\libc.a(_flsbuf_simple.o)
 .debug_abbrev  0x000033f4      0x138 c:/program files (x86)/microchip/xc32/v2.30/bin/bin/../../lib/gcc/pic32mx/4.8.3\libgcc.a(_udivdi3.o)
 .debug_abbrev  0x0000352c      0x147 c:/program files (x86)/microchip/xc32/v2.30/bin/bin/../../lib/gcc/pic32mx/4.8.3\libgcc.a(_umoddi3.o)
 .debug_abbrev  0x00003673       0x28 c:/program files (x86)/microchip/xc32/v2.30/bin/bin/../../lib/gcc/pic32mx/4.8.3/../../../../pic32mx/lib\libpic32.a(write.o)

.debug_line     0x00000000     0x6ccf
 *(.debug_line)
 .debug_line    0x00000000      0x2a3 build/default/production/_ext/1360937237/main.o
 .debug_line    0x000002a3      0x503 build/default/production/_ext/1171490990/initialization.o
 .debug_line    0x000007a6       0x86 build/default/production/_ext/1171490990/interrupts.o
 .debug_line    0x0000082c       0x6f build/default/production/_ext/1171490990/interrupts_a.o
 .debug_line    0x0000089b      0x18a build/default/production/_ext/1171490990/exceptions.o
 .debug_line    0x00000a25       0x9b build/default/production/_ext/163028504/xc32_monitor.o
 .debug_line    0x00000ac0       0x91 build/default/production/_ext/60165520/plib_clk.o
 .debug_line    0x00000b51      0x1f2 build/default/production/_ext/1865254177/plib_gpio.o
 .debug_line    0x00000d43      0x1db build/default/production/_ext/1865200349/plib_evic.o
 .debug_line    0x00000f1e      0x83d build/default/production/_ext/2128569739/drv_usbfs.o
 .debug_line    0x0000175b      0xdd8 build/default/production/_ext/2128569739/drv_usbfs_device.o
 .debug_line    0x00002533      0x415 build/default/production/_ext/1171490990/usb_device_init_data.o
 .debug_line    0x00002948      0xaa0 build/default/production/_ext/308758920/usb_device.o
 .debug_line    0x000033e8      0x647 build/default/production/_ext/308758920/usb_device_cdc.o
 .debug_line    0x00003a2f      0x218 build/default/production/_ext/308758920/usb_device_cdc_acm.o
 .debug_line    0x00003c47      0x210 build/default/production/_ext/1171490990/freertos_hooks.o
 .debug_line    0x00003e57       0x1d build/default/production/_ext/404212886/croutine.o
 .debug_line    0x00003e74      0x232 build/default/production/_ext/404212886/list.o
 .debug_line    0x000040a6      0x586 build/default/production/_ext/404212886/queue.o
 .debug_line    0x0000462c      0x86d build/default/production/_ext/404212886/FreeRTOS_tasks.o
 .debug_line    0x00004e99       0x1d build/default/production/_ext/404212886/timers.o
 .debug_line    0x00004eb6      0x37c build/default/production/_ext/404212886/event_groups.o
 .debug_line    0x00005232      0x495 build/default/production/_ext/404212886/stream_buffer.o
 .debug_line    0x000056c7      0x26c build/default/production/_ext/1665200909/heap_1.o
 .debug_line    0x00005933      0x292 build/default/production/_ext/951553248/port.o
 .debug_line    0x00005bc5       0xfc build/default/production/_ext/951553248/port_asm.o
 .debug_line    0x00005cc1      0x199 build/default/production/_ext/1881668453/sys_int.o
 .debug_line    0x00005e5a      0x300 build/default/production/_ext/1529399856/osal_freertos.o
 .debug_line    0x0000615a       0x8c build/default/production/_ext/1360937237/app.o
 .debug_line    0x000061e6      0x3f5 build/default/production/_ext/1171490990/tasks.o
 .debug_line    0x000065db       0xa6 c:/program files (x86)/microchip/xc32/v2.30/bin/bin/../../lib/gcc/pic32mx/4.8.3/../../../../pic32mx/lib\libpic32.a(default-bootstrap-exception-handler.o)
 .debug_line    0x00006681       0x93 c:/program files (x86)/microchip/xc32/v2.30/bin/bin/../../lib/gcc/pic32mx/4.8.3/../../../../pic32mx/lib\libpic32.a(default-on-reset.o)
 .debug_line    0x00006714       0x97 c:/program files (x86)/microchip/xc32/v2.30/bin/bin/../../lib/gcc/pic32mx/4.8.3/../../../../pic32mx/lib\libpic32.a(default-on-bootstrap.o)
 .debug_line    0x000067ab       0xa5 c:/program files (x86)/microchip/xc32/v2.30/bin/bin/../../lib/gcc/pic32mx/4.8.3/../../../../pic32mx/lib\libpic32.a(defaultinterrupt.o)
 .debug_line    0x00006850       0x7e c:/program files (x86)/microchip/xc32/v2.30/bin/bin/../../lib/gcc/pic32mx/4.8.3/../../../../pic32mx/lib\libc.a(printf_cdnopsuxX.eo)
 .debug_line    0x000068ce        0x0 c:/program files (x86)/microchip/xc32/v2.30/bin/bin/../../lib/gcc/pic32mx/4.8.3/../../../../pic32mx/lib\libc.a(_iob.o)
 .debug_line    0x000068ce       0x7e c:/program files (x86)/microchip/xc32/v2.30/bin/bin/../../lib/gcc/pic32mx/4.8.3/../../../../pic32mx/lib\libc.a(doprnt_cdnopsuxX.eo)
 .debug_line    0x0000694c       0x7d c:/program files (x86)/microchip/xc32/v2.30/bin/bin/../../lib/gcc/pic32mx/4.8.3/../../../../pic32mx/lib\libc.a(_fputc_simple.o)
 .debug_line    0x000069c9        0x0 c:/program files (x86)/microchip/xc32/v2.30/bin/bin/../../lib/gcc/pic32mx/4.8.3/../../../../pic32mx/lib\libc.a(ctype.o)
 .debug_line    0x000069c9       0x7e c:/program files (x86)/microchip/xc32/v2.30/bin/bin/../../lib/gcc/pic32mx/4.8.3/../../../../pic32mx/lib\libc.a(_flsbuf_simple.o)
 .debug_line    0x00006a47       0xf7 c:/program files (x86)/microchip/xc32/v2.30/bin/bin/../../lib/gcc/pic32mx/4.8.3\libgcc.a(_udivdi3.o)
 .debug_line    0x00006b3e      0x109 c:/program files (x86)/microchip/xc32/v2.30/bin/bin/../../lib/gcc/pic32mx/4.8.3\libgcc.a(_umoddi3.o)
 .debug_line    0x00006c47       0x88 c:/program files (x86)/microchip/xc32/v2.30/bin/bin/../../lib/gcc/pic32mx/4.8.3/../../../../pic32mx/lib\libpic32.a(write.o)

.debug_frame    0x00000000     0x1e8c
 *(.debug_frame)
 .debug_frame   0x00000000       0x48 build/default/production/_ext/1360937237/main.o
 .debug_frame   0x00000048       0x2c build/default/production/_ext/1171490990/initialization.o
 .debug_frame   0x00000074       0x2c build/default/production/_ext/1171490990/interrupts.o
 .debug_frame   0x000000a0       0x28 build/default/production/_ext/1171490990/exceptions.o
 .debug_frame   0x000000c8       0x30 build/default/production/_ext/163028504/xc32_monitor.o
 .debug_frame   0x000000f8       0x20 build/default/production/_ext/60165520/plib_clk.o
 .debug_frame   0x00000118       0xa0 build/default/production/_ext/1865254177/plib_gpio.o
 .debug_frame   0x000001b8       0x80 build/default/production/_ext/1865200349/plib_evic.o
 .debug_frame   0x00000238       0xf8 build/default/production/_ext/2128569739/drv_usbfs.o
 .debug_frame   0x00000330      0x208 build/default/production/_ext/2128569739/drv_usbfs_device.o
 .debug_frame   0x00000538      0x580 build/default/production/_ext/308758920/usb_device.o
 .debug_frame   0x00000ab8      0x1b0 build/default/production/_ext/308758920/usb_device_cdc.o
 .debug_frame   0x00000c68       0x2c build/default/production/_ext/308758920/usb_device_cdc_acm.o
 .debug_frame   0x00000c94       0x7c build/default/production/_ext/1171490990/freertos_hooks.o
 .debug_frame   0x00000d10       0x60 build/default/production/_ext/404212886/list.o
 .debug_frame   0x00000d70      0x2c4 build/default/production/_ext/404212886/queue.o
 .debug_frame   0x00001034      0x518 build/default/production/_ext/404212886/FreeRTOS_tasks.o
 .debug_frame   0x0000154c      0x130 build/default/production/_ext/404212886/event_groups.o
 .debug_frame   0x0000167c      0x250 build/default/production/_ext/404212886/stream_buffer.o
 .debug_frame   0x000018cc       0x60 build/default/production/_ext/1665200909/heap_1.o
 .debug_frame   0x0000192c       0xd0 build/default/production/_ext/951553248/port.o
 .debug_frame   0x000019fc       0xa0 build/default/production/_ext/1881668453/sys_int.o
 .debug_frame   0x00001a9c      0x174 build/default/production/_ext/1529399856/osal_freertos.o
 .debug_frame   0x00001c10       0x30 build/default/production/_ext/1360937237/app.o
 .debug_frame   0x00001c40       0x74 build/default/production/_ext/1171490990/tasks.o
 .debug_frame   0x00001cb4       0x2c c:/program files (x86)/microchip/xc32/v2.30/bin/bin/../../lib/gcc/pic32mx/4.8.3/../../../../pic32mx/lib\libpic32.a(default-bootstrap-exception-handler.o)
 .debug_frame   0x00001ce0       0x20 c:/program files (x86)/microchip/xc32/v2.30/bin/bin/../../lib/gcc/pic32mx/4.8.3/../../../../pic32mx/lib\libpic32.a(default-on-reset.o)
 .debug_frame   0x00001d00       0x20 c:/program files (x86)/microchip/xc32/v2.30/bin/bin/../../lib/gcc/pic32mx/4.8.3/../../../../pic32mx/lib\libpic32.a(default-on-bootstrap.o)
 .debug_frame   0x00001d20       0x20 c:/program files (x86)/microchip/xc32/v2.30/bin/bin/../../lib/gcc/pic32mx/4.8.3/../../../../pic32mx/lib\libpic32.a(defaultinterrupt.o)
 .debug_frame   0x00001d40       0x2c c:/program files (x86)/microchip/xc32/v2.30/bin/bin/../../lib/gcc/pic32mx/4.8.3/../../../../pic32mx/lib\libc.a(printf_cdnopsuxX.eo)
 .debug_frame   0x00001d6c       0x40 c:/program files (x86)/microchip/xc32/v2.30/bin/bin/../../lib/gcc/pic32mx/4.8.3/../../../../pic32mx/lib\libc.a(doprnt_cdnopsuxX.eo)
 .debug_frame   0x00001dac       0x30 c:/program files (x86)/microchip/xc32/v2.30/bin/bin/../../lib/gcc/pic32mx/4.8.3/../../../../pic32mx/lib\libc.a(_fputc_simple.o)
 .debug_frame   0x00001ddc       0x38 c:/program files (x86)/microchip/xc32/v2.30/bin/bin/../../lib/gcc/pic32mx/4.8.3/../../../../pic32mx/lib\libc.a(_flsbuf_simple.o)
 .debug_frame   0x00001e14       0x20 c:/program files (x86)/microchip/xc32/v2.30/bin/bin/../../lib/gcc/pic32mx/4.8.3\libgcc.a(_udivdi3.o)
 .debug_frame   0x00001e34       0x20 c:/program files (x86)/microchip/xc32/v2.30/bin/bin/../../lib/gcc/pic32mx/4.8.3\libgcc.a(_umoddi3.o)
 .debug_frame   0x00001e54       0x38 c:/program files (x86)/microchip/xc32/v2.30/bin/bin/../../lib/gcc/pic32mx/4.8.3/../../../../pic32mx/lib\libpic32.a(write.o)

.debug_str      0x00000000      0xd1e
 *(.debug_str)
 .debug_str     0x00000000        0xb build/default/production/_ext/1360937237/main.o
 .debug_str     0x0000000b       0xa3 build/default/production/_ext/1171490990/initialization.o
 .debug_str     0x000000ae        0x0 build/default/production/_ext/1171490990/interrupts.o
 .debug_str     0x000000ae        0x0 build/default/production/_ext/1171490990/exceptions.o
 .debug_str     0x000000ae        0x0 build/default/production/_ext/163028504/xc32_monitor.o
 .debug_str     0x000000ae        0x0 build/default/production/_ext/60165520/plib_clk.o
 .debug_str     0x000000ae        0xa build/default/production/_ext/1865254177/plib_gpio.o
 .debug_str     0x000000b8        0x7 build/default/production/_ext/1865200349/plib_evic.o
 .debug_str     0x000000bf       0x93 build/default/production/_ext/2128569739/drv_usbfs.o
 .debug_str     0x00000152      0x16b build/default/production/_ext/2128569739/drv_usbfs_device.o
 .debug_str     0x000002bd       0xab build/default/production/_ext/1171490990/usb_device_init_data.o
 .debug_str     0x00000368      0x2cc build/default/production/_ext/308758920/usb_device.o
 .debug_str     0x00000634      0x108 build/default/production/_ext/308758920/usb_device_cdc.o
 .debug_str     0x0000073c        0xe build/default/production/_ext/308758920/usb_device_cdc_acm.o
 .debug_str     0x0000074a        0x9 build/default/production/_ext/1171490990/freertos_hooks.o
 .debug_str     0x00000753        0x0 build/default/production/_ext/404212886/croutine.o
 .debug_str     0x00000753       0x2b build/default/production/_ext/404212886/list.o
 .debug_str     0x0000077e      0x13b build/default/production/_ext/404212886/queue.o
 .debug_str     0x000008b9      0x19c build/default/production/_ext/404212886/FreeRTOS_tasks.o
 .debug_str     0x00000a55        0x0 build/default/production/_ext/404212886/timers.o
 .debug_str     0x00000a55       0xe6 build/default/production/_ext/404212886/event_groups.o
 .debug_str     0x00000b3b      0x142 build/default/production/_ext/404212886/stream_buffer.o
 .debug_str     0x00000c7d       0x1d build/default/production/_ext/1665200909/heap_1.o
 .debug_str     0x00000c9a       0x37 build/default/production/_ext/951553248/port.o
 .debug_str     0x00000cd1        0x0 build/default/production/_ext/1881668453/sys_int.o
 .debug_str     0x00000cd1       0x40 build/default/production/_ext/1529399856/osal_freertos.o
 .debug_str     0x00000d11        0x0 build/default/production/_ext/1360937237/app.o
 .debug_str     0x00000d11        0xd build/default/production/_ext/1171490990/tasks.o
 .debug_str     0x00000d1e        0x0 c:/program files (x86)/microchip/xc32/v2.30/bin/bin/../../lib/gcc/pic32mx/4.8.3/../../../../pic32mx/lib\libpic32.a(default-bootstrap-exception-handler.o)
 .debug_str     0x00000d1e        0x0 c:/program files (x86)/microchip/xc32/v2.30/bin/bin/../../lib/gcc/pic32mx/4.8.3/../../../../pic32mx/lib\libpic32.a(default-on-reset.o)
 .debug_str     0x00000d1e        0x0 c:/program files (x86)/microchip/xc32/v2.30/bin/bin/../../lib/gcc/pic32mx/4.8.3/../../../../pic32mx/lib\libpic32.a(default-on-bootstrap.o)
 .debug_str     0x00000d1e        0x0 c:/program files (x86)/microchip/xc32/v2.30/bin/bin/../../lib/gcc/pic32mx/4.8.3/../../../../pic32mx/lib\libpic32.a(defaultinterrupt.o)
 .debug_str     0x00000d1e        0x0 c:/program files (x86)/microchip/xc32/v2.30/bin/bin/../../lib/gcc/pic32mx/4.8.3/../../../../pic32mx/lib\libc.a(printf_cdnopsuxX.eo)
 .debug_str     0x00000d1e        0x0 c:/program files (x86)/microchip/xc32/v2.30/bin/bin/../../lib/gcc/pic32mx/4.8.3/../../../../pic32mx/lib\libc.a(_iob.o)
 .debug_str     0x00000d1e        0x0 c:/program files (x86)/microchip/xc32/v2.30/bin/bin/../../lib/gcc/pic32mx/4.8.3/../../../../pic32mx/lib\libc.a(doprnt_cdnopsuxX.eo)
 .debug_str     0x00000d1e        0x0 c:/program files (x86)/microchip/xc32/v2.30/bin/bin/../../lib/gcc/pic32mx/4.8.3/../../../../pic32mx/lib\libc.a(_fputc_simple.o)
 .debug_str     0x00000d1e        0x0 c:/program files (x86)/microchip/xc32/v2.30/bin/bin/../../lib/gcc/pic32mx/4.8.3/../../../../pic32mx/lib\libc.a(ctype.o)
 .debug_str     0x00000d1e        0x0 c:/program files (x86)/microchip/xc32/v2.30/bin/bin/../../lib/gcc/pic32mx/4.8.3/../../../../pic32mx/lib\libc.a(_flsbuf_simple.o)
 .debug_str     0x00000d1e        0x0 c:/program files (x86)/microchip/xc32/v2.30/bin/bin/../../lib/gcc/pic32mx/4.8.3\libgcc.a(_udivdi3.o)
 .debug_str     0x00000d1e        0x0 c:/program files (x86)/microchip/xc32/v2.30/bin/bin/../../lib/gcc/pic32mx/4.8.3\libgcc.a(_umoddi3.o)
 .debug_str     0x00000d1e        0x0 c:/program files (x86)/microchip/xc32/v2.30/bin/bin/../../lib/gcc/pic32mx/4.8.3/../../../../pic32mx/lib\libpic32.a(write.o)

.debug_loc      0x00000000     0xb327
 *(.debug_loc)
 .debug_loc     0x00000000       0x21 build/default/production/_ext/1360937237/main.o
 .debug_loc     0x00000021       0x21 build/default/production/_ext/1171490990/initialization.o
 .debug_loc     0x00000042      0x129 build/default/production/_ext/1865254177/plib_gpio.o
 .debug_loc     0x0000016b       0xc4 build/default/production/_ext/1865200349/plib_evic.o
 .debug_loc     0x0000022f      0x3cc build/default/production/_ext/2128569739/drv_usbfs.o
 .debug_loc     0x000005fb     0x1f30 build/default/production/_ext/2128569739/drv_usbfs_device.o
 .debug_loc     0x0000252b     0x1f35 build/default/production/_ext/308758920/usb_device.o
 .debug_loc     0x00004460      0xd15 build/default/production/_ext/308758920/usb_device_cdc.o
 .debug_loc     0x00005175      0x1ff build/default/production/_ext/308758920/usb_device_cdc_acm.o
 .debug_loc     0x00005374       0x8c build/default/production/_ext/1171490990/freertos_hooks.o
 .debug_loc     0x00005400       0x44 build/default/production/_ext/404212886/list.o
 .debug_loc     0x00005444     0x1117 build/default/production/_ext/404212886/queue.o
 .debug_loc     0x0000655b     0x1686 build/default/production/_ext/404212886/FreeRTOS_tasks.o
 .debug_loc     0x00007be1      0x90a build/default/production/_ext/404212886/event_groups.o
 .debug_loc     0x000084eb     0x12d5 build/default/production/_ext/404212886/stream_buffer.o
 .debug_loc     0x000097c0       0x49 build/default/production/_ext/1665200909/heap_1.o
 .debug_loc     0x00009809       0xf5 build/default/production/_ext/951553248/port.o
 .debug_loc     0x000098fe       0xc1 build/default/production/_ext/1881668453/sys_int.o
 .debug_loc     0x000099bf      0x3e6 build/default/production/_ext/1529399856/osal_freertos.o
 .debug_loc     0x00009da5       0x14 build/default/production/_ext/1360937237/app.o
 .debug_loc     0x00009db9       0x63 build/default/production/_ext/1171490990/tasks.o
 .debug_loc     0x00009e1c       0x2c c:/program files (x86)/microchip/xc32/v2.30/bin/bin/../../lib/gcc/pic32mx/4.8.3/../../../../pic32mx/lib\libpic32.a(default-bootstrap-exception-handler.o)
 .debug_loc     0x00009e48      0xa6a c:/program files (x86)/microchip/xc32/v2.30/bin/bin/../../lib/gcc/pic32mx/4.8.3\libgcc.a(_udivdi3.o)
 .debug_loc     0x0000a8b2      0xa3d c:/program files (x86)/microchip/xc32/v2.30/bin/bin/../../lib/gcc/pic32mx/4.8.3\libgcc.a(_umoddi3.o)
 .debug_loc     0x0000b2ef       0x38 c:/program files (x86)/microchip/xc32/v2.30/bin/bin/../../lib/gcc/pic32mx/4.8.3/../../../../pic32mx/lib\libpic32.a(write.o)

.debug_macinfo
 *(.debug_macinfo)

.debug_weaknames
 *(.debug_weaknames)

.debug_funcnames
 *(.debug_funcnames)

.debug_typenames
 *(.debug_typenames)

.debug_varnames
 *(.debug_varnames)

.debug_pubtypes
 *(.debug_pubtypes)

.debug_ranges   0x00000000      0xcd8
 *(.debug_ranges)
 .debug_ranges  0x00000000       0x18 build/default/production/_ext/1360937237/main.o
 .debug_ranges  0x00000018       0x10 build/default/production/_ext/1171490990/initialization.o
 .debug_ranges  0x00000028       0x10 build/default/production/_ext/1171490990/interrupts.o
 .debug_ranges  0x00000038       0x20 build/default/production/_ext/1171490990/interrupts_a.o
 .debug_ranges  0x00000058       0x10 build/default/production/_ext/1171490990/exceptions.o
 .debug_ranges  0x00000068       0x18 build/default/production/_ext/163028504/xc32_monitor.o
 .debug_ranges  0x00000080       0x10 build/default/production/_ext/60165520/plib_clk.o
 .debug_ranges  0x00000090       0x50 build/default/production/_ext/1865254177/plib_gpio.o
 .debug_ranges  0x000000e0       0x40 build/default/production/_ext/1865200349/plib_evic.o
 .debug_ranges  0x00000120       0x58 build/default/production/_ext/2128569739/drv_usbfs.o
 .debug_ranges  0x00000178      0x110 build/default/production/_ext/2128569739/drv_usbfs_device.o
 .debug_ranges  0x00000288      0x190 build/default/production/_ext/308758920/usb_device.o
 .debug_ranges  0x00000418       0x78 build/default/production/_ext/308758920/usb_device_cdc.o
 .debug_ranges  0x00000490       0x10 build/default/production/_ext/308758920/usb_device_cdc_acm.o
 .debug_ranges  0x000004a0       0x30 build/default/production/_ext/1171490990/freertos_hooks.o
 .debug_ranges  0x000004d0       0x30 build/default/production/_ext/404212886/list.o
 .debug_ranges  0x00000500      0x148 build/default/production/_ext/404212886/queue.o
 .debug_ranges  0x00000648      0x1d8 build/default/production/_ext/404212886/FreeRTOS_tasks.o
 .debug_ranges  0x00000820       0x98 build/default/production/_ext/404212886/event_groups.o
 .debug_ranges  0x000008b8       0xd0 build/default/production/_ext/404212886/stream_buffer.o
 .debug_ranges  0x00000988       0x28 build/default/production/_ext/1665200909/heap_1.o
 .debug_ranges  0x000009b0       0x48 build/default/production/_ext/951553248/port.o
 .debug_ranges  0x000009f8       0x30 build/default/production/_ext/1881668453/sys_int.o
 .debug_ranges  0x00000a28       0x70 build/default/production/_ext/1529399856/osal_freertos.o
 .debug_ranges  0x00000a98       0x18 build/default/production/_ext/1360937237/app.o
 .debug_ranges  0x00000ab0       0x28 build/default/production/_ext/1171490990/tasks.o
 .debug_ranges  0x00000ad8       0x10 c:/program files (x86)/microchip/xc32/v2.30/bin/bin/../../lib/gcc/pic32mx/4.8.3/../../../../pic32mx/lib\libpic32.a(default-bootstrap-exception-handler.o)
 .debug_ranges  0x00000ae8       0x10 c:/program files (x86)/microchip/xc32/v2.30/bin/bin/../../lib/gcc/pic32mx/4.8.3/../../../../pic32mx/lib\libpic32.a(default-on-reset.o)
 .debug_ranges  0x00000af8       0x10 c:/program files (x86)/microchip/xc32/v2.30/bin/bin/../../lib/gcc/pic32mx/4.8.3/../../../../pic32mx/lib\libpic32.a(default-on-bootstrap.o)
 .debug_ranges  0x00000b08       0x10 c:/program files (x86)/microchip/xc32/v2.30/bin/bin/../../lib/gcc/pic32mx/4.8.3/../../../../pic32mx/lib\libpic32.a(defaultinterrupt.o)
 .debug_ranges  0x00000b18       0x10 c:/program files (x86)/microchip/xc32/v2.30/bin/bin/../../lib/gcc/pic32mx/4.8.3/../../../../pic32mx/lib\libc.a(printf_cdnopsuxX.eo)
 .debug_ranges  0x00000b28       0x10 c:/program files (x86)/microchip/xc32/v2.30/bin/bin/../../lib/gcc/pic32mx/4.8.3/../../../../pic32mx/lib\libc.a(doprnt_cdnopsuxX.eo)
 .debug_ranges  0x00000b38       0x10 c:/program files (x86)/microchip/xc32/v2.30/bin/bin/../../lib/gcc/pic32mx/4.8.3/../../../../pic32mx/lib\libc.a(_fputc_simple.o)
 .debug_ranges  0x00000b48       0x10 c:/program files (x86)/microchip/xc32/v2.30/bin/bin/../../lib/gcc/pic32mx/4.8.3/../../../../pic32mx/lib\libc.a(_flsbuf_simple.o)
 .debug_ranges  0x00000b58       0x98 c:/program files (x86)/microchip/xc32/v2.30/bin/bin/../../lib/gcc/pic32mx/4.8.3\libgcc.a(_udivdi3.o)
 .debug_ranges  0x00000bf0       0xd8 c:/program files (x86)/microchip/xc32/v2.30/bin/bin/../../lib/gcc/pic32mx/4.8.3\libgcc.a(_umoddi3.o)
 .debug_ranges  0x00000cc8       0x10 c:/program files (x86)/microchip/xc32/v2.30/bin/bin/../../lib/gcc/pic32mx/4.8.3/../../../../pic32mx/lib\libpic32.a(write.o)

.gnu.attributes
                0x00000000       0x10
 *(.gnu.attributes)
 .gnu.attributes
                0x00000000       0x10 build/default/production/_ext/1360937237/main.o
 .gnu.attributes
                0x00000010       0x10 build/default/production/_ext/1171490990/initialization.o
 .gnu.attributes
                0x00000020       0x10 build/default/production/_ext/1171490990/interrupts.o
 .gnu.attributes
                0x00000030       0x10 build/default/production/_ext/1171490990/exceptions.o
 .gnu.attributes
                0x00000040       0x10 build/default/production/_ext/163028504/xc32_monitor.o
 .gnu.attributes
                0x00000050       0x10 build/default/production/_ext/60165520/plib_clk.o
 .gnu.attributes
                0x00000060       0x10 build/default/production/_ext/1865254177/plib_gpio.o
 .gnu.attributes
                0x00000070       0x10 build/default/production/_ext/1865200349/plib_evic.o
 .gnu.attributes
                0x00000080       0x10 build/default/production/_ext/2128569739/drv_usbfs.o
 .gnu.attributes
                0x00000090       0x10 build/default/production/_ext/2128569739/drv_usbfs_device.o
 .gnu.attributes
                0x000000a0       0x10 build/default/production/_ext/1171490990/usb_device_init_data.o
 .gnu.attributes
                0x000000b0       0x10 build/default/production/_ext/308758920/usb_device.o
 .gnu.attributes
                0x000000c0       0x10 build/default/production/_ext/308758920/usb_device_cdc.o
 .gnu.attributes
                0x000000d0       0x10 build/default/production/_ext/308758920/usb_device_cdc_acm.o
 .gnu.attributes
                0x000000e0       0x10 build/default/production/_ext/1171490990/freertos_hooks.o
 .gnu.attributes
                0x000000f0       0x10 build/default/production/_ext/404212886/croutine.o
 .gnu.attributes
                0x00000100       0x10 build/default/production/_ext/404212886/list.o
 .gnu.attributes
                0x00000110       0x10 build/default/production/_ext/404212886/queue.o
 .gnu.attributes
                0x00000120       0x10 build/default/production/_ext/404212886/FreeRTOS_tasks.o
 .gnu.attributes
                0x00000130       0x10 build/default/production/_ext/404212886/timers.o
 .gnu.attributes
                0x00000140       0x10 build/default/production/_ext/404212886/event_groups.o
 .gnu.attributes
                0x00000150       0x10 build/default/production/_ext/404212886/stream_buffer.o
 .gnu.attributes
                0x00000160       0x10 build/default/production/_ext/1665200909/heap_1.o
 .gnu.attributes
                0x00000170       0x10 build/default/production/_ext/951553248/port.o
 .gnu.attributes
                0x00000180       0x10 build/default/production/_ext/1881668453/sys_int.o
 .gnu.attributes
                0x00000190       0x10 build/default/production/_ext/1529399856/osal_freertos.o
 .gnu.attributes
                0x000001a0       0x10 build/default/production/_ext/1360937237/app.o
 .gnu.attributes
                0x000001b0       0x10 build/default/production/_ext/1171490990/tasks.o
 .gnu.attributes
                0x000001c0       0x10 c:/program files (x86)/microchip/xc32/v2.30/bin/bin/../../lib/gcc/pic32mx/4.8.3/../../../../pic32mx/lib\libpic32.a(default-bootstrap-exception-handler.o)
 .gnu.attributes
                0x000001d0       0x10 c:/program files (x86)/microchip/xc32/v2.30/bin/bin/../../lib/gcc/pic32mx/4.8.3/../../../../pic32mx/lib\libpic32.a(default-on-reset.o)
 .gnu.attributes
                0x000001e0       0x10 c:/program files (x86)/microchip/xc32/v2.30/bin/bin/../../lib/gcc/pic32mx/4.8.3/../../../../pic32mx/lib\libpic32.a(default-on-bootstrap.o)
 .gnu.attributes
                0x000001f0       0x10 c:/program files (x86)/microchip/xc32/v2.30/bin/bin/../../lib/gcc/pic32mx/4.8.3/../../../../pic32mx/lib\libpic32.a(defaultinterrupt.o)
 .gnu.attributes
                0x00000200       0x10 c:/program files (x86)/microchip/xc32/v2.30/bin/bin/../../lib/gcc/pic32mx/4.8.3/../../../../pic32mx/lib\libc.a(printf_cdnopsuxX.eo)
 .gnu.attributes
                0x00000210       0x10 c:/program files (x86)/microchip/xc32/v2.30/bin/bin/../../lib/gcc/pic32mx/4.8.3/../../../../pic32mx/lib\libc.a(_iob.o)
 .gnu.attributes
                0x00000220       0x10 c:/program files (x86)/microchip/xc32/v2.30/bin/bin/../../lib/gcc/pic32mx/4.8.3/../../../../pic32mx/lib\libc.a(doprnt_cdnopsuxX.eo)
 .gnu.attributes
                0x00000230       0x10 c:/program files (x86)/microchip/xc32/v2.30/bin/bin/../../lib/gcc/pic32mx/4.8.3/../../../../pic32mx/lib\libc.a(_fputc_simple.o)
 .gnu.attributes
                0x00000240       0x10 c:/program files (x86)/microchip/xc32/v2.30/bin/bin/../../lib/gcc/pic32mx/4.8.3/../../../../pic32mx/lib\libc.a(ctype.o)
 .gnu.attributes
                0x00000250       0x10 c:/program files (x86)/microchip/xc32/v2.30/bin/bin/../../lib/gcc/pic32mx/4.8.3/../../../../pic32mx/lib\libc.a(_flsbuf_simple.o)
 .gnu.attributes
                0x00000260       0x10 c:/program files (x86)/microchip/xc32/v2.30/bin/bin/../../lib/gcc/pic32mx/4.8.3\libgcc.a(_udivdi3.o)
 .gnu.attributes
                0x00000270       0x10 c:/program files (x86)/microchip/xc32/v2.30/bin/bin/../../lib/gcc/pic32mx/4.8.3\libgcc.a(_umoddi3.o)
 .gnu.attributes
                0x00000280       0x10 c:/program files (x86)/microchip/xc32/v2.30/bin/bin/../../lib/gcc/pic32mx/4.8.3/../../../../pic32mx/lib\libpic32.a(write.o)
LOAD c:/program files (x86)/microchip/xc32/v2.30/bin/bin/../../lib/gcc/pic32mx/4.8.3\libgcc.a
START GROUP
LOAD c:/program files (x86)/microchip/xc32/v2.30/bin/bin/../../lib/gcc/pic32mx/4.8.3/../../../../pic32mx/lib\libpic32.a
LOAD c:/program files (x86)/microchip/xc32/v2.30/bin/bin/../../lib/gcc/pic32mx/4.8.3/../../../../pic32mx/lib\libdebug.a
LOAD c:/program files (x86)/microchip/xc32/v2.30/bin/bin/../../lib/gcc/pic32mx/4.8.3/../../../../pic32mx/lib\libpic32.a
LOAD c:/program files (x86)/microchip/xc32/v2.30/bin/bin/../../lib/gcc/pic32mx/4.8.3/../../../../pic32mx/lib\libc.a
LOAD c:/program files (x86)/microchip/xc32/v2.30/bin/bin/../../lib/gcc/pic32mx/4.8.3/../../../../pic32mx/lib\libc.a
LOAD c:/program files (x86)/microchip/xc32/v2.30/bin/bin/../../lib/gcc/pic32mx/4.8.3/../../../../pic32mx/lib\libm.a
LOAD c:/program files (x86)/microchip/xc32/v2.30/bin/bin/../../lib/gcc/pic32mx/4.8.3/../../../../pic32mx/lib\libe.a
LOAD c:/program files (x86)/microchip/xc32/v2.30/bin/bin/../../lib/gcc/pic32mx/4.8.3/../../../../pic32mx/lib\libdsp.a
LOAD c:/program files (x86)/microchip/xc32/v2.30/bin/bin/../../lib/gcc/pic32mx/4.8.3\libgcc.a
LOAD c:/program files (x86)/microchip/xc32/v2.30/bin/bin/../../lib/gcc/pic32mx/4.8.3/../../../../pic32mx/lib\libpic32.a
END GROUP
LOAD c:/program files (x86)/microchip/xc32/v2.30/bin/bin/../../lib/gcc/pic32mx/4.8.3\libgcc.a
OUTPUT(dist/default/production/Freetos.X.production.elf elf32-tradlittlemips)
LOAD stack
LOAD data_init

.reginfo        0x00000000       0x18
 .reginfo       0x00000000       0x18 c:/program files (x86)/microchip/xc32/v2.30/bin/bin/../../lib/gcc/pic32mx/4.8.3/../../../../pic32mx/lib\debug-exception-return.o

.stack          0xa0007d10      0x400
 .stack         0xa0007d10      0x400 stack

.bss            0xa0000424     0x6d60
 .bss           0xa0000424     0x6d60 build/default/production/_ext/1665200909/heap_1.o

.bss            0xa0007188      0x800
 .bss           0xa0007188      0x800 build/default/production/_ext/951553248/port.o
                0xa0007188                xISRStack

.bss            0xa0000070       0xf8
 .bss           0xa0000070       0xf8 build/default/production/_ext/308758920/usb_device.o

.bss            0xa0007988       0xc8
 .bss           0xa0007988       0xc8 build/default/production/_ext/404212886/FreeRTOS_tasks.o

.data           0xa0007a50       0xa4
 .data          0xa0007a50       0xa4 c:/program files (x86)/microchip/xc32/v2.30/bin/bin/../../lib/gcc/pic32mx/4.8.3/../../../../pic32mx/lib\libc.a(_iob.o)
                0xa0007a50                _Files
                0xa0007a54                _iob

.data           0xa0000168       0x50
 .data          0xa0000168       0x50 build/default/production/_ext/2128569739/drv_usbfs_device.o
                0xa0000168                gDrvUSBFSDeviceInterface

.bss            0xa00001b8       0x44
 .bss           0xa00001b8       0x44 c:/program files (x86)/microchip/xc32/v2.30/bin/bin/../../lib/gcc/pic32mx/4.8.3/../../../../pic32mx/lib\libc.a(_iob.o)
                0xa00001b8                _sobuf
                0xa00001d8                _sibuf
                0xa00001f8                _outdone

._debug_exception
                0xbfc00480       0x2c
 ._debug_exception
                0xbfc00480       0x2c c:/program files (x86)/microchip/xc32/v2.30/bin/bin/../../lib/gcc/pic32mx/4.8.3/../../../../pic32mx/lib\debug-exception-return.o
                0xbfc00480                __DbgExecReturn

.text._vfprintf_cdnopsuxX
                0x9d000000      0xc8c
 .text._vfprintf_cdnopsuxX