
Optional file libmchp_peripheral.a not found

Optional file libmchp_peripheral_32MX795F512L.a not found
Archive member included because of file (symbol)

c:/program files (x86)/microchip/xc32/v2.30/bin/bin/../../lib/gcc/pic32mx/4.8.3/../../../../pic32mx/lib\libpic32.a(memcpy.o)
                              build/default/production/_ext/404212886/queue.o (memcpy)
c:/program files (x86)/microchip/xc32/v2.30/bin/bin/../../lib/gcc/pic32mx/4.8.3/../../../../pic32mx/lib\libpic32.a(memset.o)
                              build/default/production/_ext/404212886/FreeRTOS_tasks.o (memset)
c:/program files (x86)/microchip/xc32/v2.30/bin/bin/../../lib/gcc/pic32mx/4.8.3/../../../../pic32mx/lib\libpic32.a(default-bootstrap-exception-handler.o)
                              C:\Users\GUILLA~1\AppData\Local\Temp\cci8COMP.o (_bootstrap_exception_handler)
c:/program files (x86)/microchip/xc32/v2.30/bin/bin/../../lib/gcc/pic32mx/4.8.3/../../../../pic32mx/lib\libpic32.a(default-on-reset.o)
                              C:\Users\GUILLA~1\AppData\Local\Temp\cci8COMP.o (_on_reset)
c:/program files (x86)/microchip/xc32/v2.30/bin/bin/../../lib/gcc/pic32mx/4.8.3/../../../../pic32mx/lib\libpic32.a(default-on-bootstrap.o)
                              C:\Users\GUILLA~1\AppData\Local\Temp\cci8COMP.o (_on_bootstrap)
c:/program files (x86)/microchip/xc32/v2.30/bin/bin/../../lib/gcc/pic32mx/4.8.3/../../../../pic32mx/lib\libpic32.a(default-nmi-handler.o)
                              C:\Users\GUILLA~1\AppData\Local\Temp\cci8COMP.o (_nmi_handler)
c:/program files (x86)/microchip/xc32/v2.30/bin/bin/../../lib/gcc/pic32mx/4.8.3/../../../../pic32mx/lib\libpic32.a(pic32_data_init.o)
                              C:\Users\GUILLA~1\AppData\Local\Temp\cci8COMP.o (__pic32_data_init)
c:/program files (x86)/microchip/xc32/v2.30/bin/bin/../../lib/gcc/pic32mx/4.8.3/../../../../pic32mx/lib\libpic32.a(general-exception.o)
                              C:\Users\GUILLA~1\AppData\Local\Temp\cci8COMP.o (_general_exception_context)
c:/program files (x86)/microchip/xc32/v2.30/bin/bin/../../lib/gcc/pic32mx/4.8.3/../../../../pic32mx/lib\libpic32.a(vector0.o)
                              C:\Users\GUILLA~1\AppData\Local\Temp\cciXhADW.o (__vector_dispatch_0)
c:/program files (x86)/microchip/xc32/v2.30/bin/bin/../../lib/gcc/pic32mx/4.8.3/../../../../pic32mx/lib\libpic32.a(vector2.o)
                              C:\Users\GUILLA~1\AppData\Local\Temp\cciXhADW.o (__vector_dispatch_2)
c:/program files (x86)/microchip/xc32/v2.30/bin/bin/../../lib/gcc/pic32mx/4.8.3/../../../../pic32mx/lib\libpic32.a(vector3.o)
                              C:\Users\GUILLA~1\AppData\Local\Temp\cciXhADW.o (__vector_dispatch_3)
c:/program files (x86)/microchip/xc32/v2.30/bin/bin/../../lib/gcc/pic32mx/4.8.3/../../../../pic32mx/lib\libpic32.a(vector5.o)
                              C:\Users\GUILLA~1\AppData\Local\Temp\cciXhADW.o (__vector_dispatch_5)
c:/program files (x86)/microchip/xc32/v2.30/bin/bin/../../lib/gcc/pic32mx/4.8.3/../../../../pic32mx/lib\libpic32.a(vector6.o)
                              C:\Users\GUILLA~1\AppData\Local\Temp\cciXhADW.o (__vector_dispatch_6)
c:/program files (x86)/microchip/xc32/v2.30/bin/bin/../../lib/gcc/pic32mx/4.8.3/../../../../pic32mx/lib\libpic32.a(vector7.o)
                              C:\Users\GUILLA~1\AppData\Local\Temp\cciXhADW.o (__vector_dispatch_7)
c:/program files (x86)/microchip/xc32/v2.30/bin/bin/../../lib/gcc/pic32mx/4.8.3/../../../../pic32mx/lib\libpic32.a(vector8.o)
                              C:\Users\GUILLA~1\AppData\Local\Temp\cciXhADW.o (__vector_dispatch_8)
c:/program files (x86)/microchip/xc32/v2.30/bin/bin/../../lib/gcc/pic32mx/4.8.3/../../../../pic32mx/lib\libpic32.a(vector9.o)
                              C:\Users\GUILLA~1\AppData\Local\Temp\cciXhADW.o (__vector_dispatch_9)
c:/program files (x86)/microchip/xc32/v2.30/bin/bin/../../lib/gcc/pic32mx/4.8.3/../../../../pic32mx/lib\libpic32.a(vector10.o)
                              C:\Users\GUILLA~1\AppData\Local\Temp\cciXhADW.o (__vector_dispatch_10)
c:/program files (x86)/microchip/xc32/v2.30/bin/bin/../../lib/gcc/pic32mx/4.8.3/../../../../pic32mx/lib\libpic32.a(vector11.o)
                              C:\Users\GUILLA~1\AppData\Local\Temp\cciXhADW.o (__vector_dispatch_11)
c:/program files (x86)/microchip/xc32/v2.30/bin/bin/../../lib/gcc/pic32mx/4.8.3/../../../../pic32mx/lib\libpic32.a(vector12.o)
                              C:\Users\GUILLA~1\AppData\Local\Temp\cciXhADW.o (__vector_dispatch_12)
c:/program files (x86)/microchip/xc32/v2.30/bin/bin/../../lib/gcc/pic32mx/4.8.3/../../../../pic32mx/lib\libpic32.a(vector13.o)
                              C:\Users\GUILLA~1\AppData\Local\Temp\cciXhADW.o (__vector_dispatch_13)
c:/program files (x86)/microchip/xc32/v2.30/bin/bin/../../lib/gcc/pic32mx/4.8.3/../../../../pic32mx/lib\libpic32.a(vector14.o)
                              C:\Users\GUILLA~1\AppData\Local\Temp\cciXhADW.o (__vector_dispatch_14)
[...]
Memory Configuration

Name             Origin             Length             Attributes
kseg0_program_mem 0x9d000000         0x00080000         xr
kseg0_boot_mem   0x9fc00490         0x00000970
exception_mem    0x9fc01000         0x00001000
kseg1_boot_mem   0xbfc00000         0x00000490
debug_exec_mem   0xbfc02000         0x00000ff0
config3          0xbfc02ff0         0x00000004
config2          0xbfc02ff4         0x00000004
config1          0xbfc02ff8         0x00000004
config0          0xbfc02ffc         0x00000004
kseg1_data_mem   0xa0000000         0x00020000         w !x
sfrs             0xbf800000         0x00100000
configsfrs       0xbfc02ff0         0x00000010
*default*        0x00000000         0xffffffff

Linker script and memory map

LOAD c:/program files (x86)/microchip/xc32/v2.30/bin/bin/../../lib/gcc/pic32mx/4.8.3/../../../../pic32mx/lib\debug-exception-return.o
LOAD build/default/production/_ext/1360937237/main.o
LOAD build/default/production/_ext/1171490990/initialization.o
LOAD build/default/production/_ext/1171490990/interrupts.o
LOAD build/default/production/_ext/1171490990/interrupts_a.o
LOAD build/default/production/_ext/1171490990/exceptions.o
LOAD build/default/production/_ext/163028504/xc32_monitor.o
LOAD build/default/production/_ext/60165520/plib_clk.o
LOAD build/default/production/_ext/1865254177/plib_gpio.o
LOAD build/default/production/_ext/1865200349/plib_evic.o
LOAD build/default/production/_ext/1171490990/freertos_hooks.o
LOAD build/default/production/_ext/404212886/croutine.o
LOAD build/default/production/_ext/404212886/list.o
LOAD build/default/production/_ext/404212886/queue.o
LOAD build/default/production/_ext/404212886/FreeRTOS_tasks.o
LOAD build/default/production/_ext/404212886/timers.o
LOAD build/default/production/_ext/404212886/event_groups.o
LOAD build/default/production/_ext/404212886/stream_buffer.o
LOAD build/default/production/_ext/1665200909/heap_1.o
LOAD build/default/production/_ext/951553248/port.o
LOAD build/default/production/_ext/951553248/port_asm.o
                0x00000001                __MPLAB_BUILD = 0x1
                0x00000200                _min_heap_size = 0x200
LOAD C:\Users\GUILLA~1\AppData\Local\Temp\cci8COMP.o
LOAD C:\Users\GUILLA~1\AppData\Local\Temp\cc1aBAx9.o
LOAD C:\Users\GUILLA~1\AppData\Local\Temp\cciXhADW.o
LOAD c:/program files (x86)/microchip/xc32/v2.30/bin/bin/../../lib/gcc/pic32mx/4.8.3/../../../../pic32mx/lib\pic32_software_reset.o
                0x00000400                PROVIDE (_min_stack_size, 0x400)
START GROUP
LOAD c:/program files (x86)/microchip/xc32/v2.30/bin/bin/../../lib/gcc/pic32mx/4.8.3/../../../../pic32mx/lib/./proc/32MX795F512L\processor.o
END GROUP
START GROUP
LOAD libmchp_peripheral.a
END GROUP
START GROUP
LOAD libmchp_peripheral_32MX795F512L.a
END GROUP
                0x00000001                PROVIDE (_vector_spacing, 0x1)
                0x9fc01000                PROVIDE (_ebase_address, 0x9fc01000)
                0xbfc00000                _RESET_ADDR = 0xbfc00000
                0xbfc00380                _BEV_EXCPT_ADDR = 0xbfc00380
                0xbfc00480                _DBG_EXCPT_ADDR = 0xbfc00480
                0xbfc02000                _DBG_CODE_ADDR = 0xbfc02000
                0x00000ff0                _DBG_CODE_SIZE = 0xff0
                0x9fc01180                _GEN_EXCPT_ADDR = (_ebase_address + 0x180)

.config_BFC02FF0
                0xbfc02ff0        0x4
 *(.config_BFC02FF0)
 .config_BFC02FF0
                0xbfc02ff0        0x4 build/default/production/_ext/1171490990/initialization.o

.config_BFC02FF4
                0xbfc02ff4        0x4
 *(.config_BFC02FF4)
 .config_BFC02FF4
                0xbfc02ff4        0x4 build/default/production/_ext/1171490990/initialization.o

.config_BFC02FF8
                0xbfc02ff8        0x4
 *(.config_BFC02FF8)
 .config_BFC02FF8
                0xbfc02ff8        0x4 build/default/production/_ext/1171490990/initialization.o

.config_BFC02FFC
                0xbfc02ffc        0x4
 *(.config_BFC02FFC)
 .config_BFC02FFC
                0xbfc02ffc        0x4 build/default/production/_ext/1171490990/initialization.o
                0xbfc02000                PROVIDE (_DBG_CODE_ADDR, 0xbfc02000)
                0x00000ff0                PROVIDE (_DBG_CODE_SIZE, 0xff0)

.reset          0xbfc00000      0x19c
 *(.reset)
 .reset         0xbfc00000        0x8 C:\Users\GUILLA~1\AppData\Local\Temp\cci8COMP.o
                0xbfc00000                _reset
 *(.reset.startup)
 .reset.startup
                0xbfc00008      0x194 C:\Users\GUILLA~1\AppData\Local\Temp\cci8COMP.o
                0xbfc00008                _startup

.bev_excpt      0xbfc00380       0x10
 *(.bev_handler)
 .bev_handler   0xbfc00380       0x10 C:\Users\GUILLA~1\AppData\Local\Temp\cci8COMP.o

.dbg_excpt      0xbfc00480        0x0
                0xbfc00480                . = (. + DEFINED (_DEBUGGER)?0x8:0x0)

.dbg_code       0xbfc02000        0x0
                0xbfc02000                . = (. + DEFINED (_DEBUGGER)?_DBG_CODE_SIZE:0x0)

.app_excpt      0x9fc01180       0x10
 *(.gen_handler)
 .gen_handler   0x9fc01180       0x10 C:\Users\GUILLA~1\AppData\Local\Temp\cci8COMP.o

.vector_0       0x9fc01200        0x8
 *(.vector_0)
 .vector_0      0x9fc01200        0x8 c:/program files (x86)/microchip/xc32/v2.30/bin/bin/../../lib/gcc/pic32mx/4.8.3/../../../../pic32mx/lib\libpic32.a(vector0.o)
                0x9fc01200                __vector_dispatch_0
                0x00000001                ASSERT (((_vector_spacing == 0x0) || (SIZEOF (.vector_0) <= (_vector_spacing << 0x5))), function at exception vector 0 too large)

.vector_1       0x9fc01220        0x8
 *(.vector_1)
 .vector_1      0x9fc01220        0x8 build/default/production/_ext/951553248/port.o
                0x9fc01220                __vector_dispatch_1
                0x00000001                ASSERT (((_vector_spacing == 0x0) || (SIZEOF (.vector_1) <= (_vector_spacing << 0x5))), function at exception vector 1 too large)

.vector_2       0x9fc01240        0x8
 *(.vector_2)
 .vector_2      0x9fc01240        0x8 c:/program files (x86)/microchip/xc32/v2.30/bin/bin/../../lib/gcc/pic32mx/4.8.3/../../../../pic32mx/lib\libpic32.a(vector2.o)
                0x9fc01240                __vector_dispatch_2
                0x00000001                ASSERT (((_vector_spacing == 0x0) || (SIZEOF (.vector_2) <= (_vector_spacing << 0x5))), function at exception vector 2 too large)

.vector_3       0x9fc01260        0x8
 *(.vector_3)
 .vector_3      0x9fc01260        0x8 c:/program files (x86)/microchip/xc32/v2.30/bin/bin/../../lib/gcc/pic32mx/4.8.3/../../../../pic32mx/lib\libpic32.a(vector3.o)
                0x9fc01260                __vector_dispatch_3
                0x00000001                ASSERT (((_vector_spacing == 0x0) || (SIZEOF (.vector_3) <= (_vector_spacing << 0x5))), function at exception vector 3 too large)

.vector_4       0x9fc01280        0x8
 *(.vector_4)
 .vector_4      0x9fc01280        0x8 build/default/production/_ext/951553248/port.o
                0x9fc01280                __vector_dispatch_4
                0x00000001                ASSERT (((_vector_spacing == 0x0) || (SIZEOF (.vector_4) <= (_vector_spacing << 0x5))), function at exception vector 4 too large)

.vector_5       0x9fc012a0        0x8
 *(.vector_5)
 .vector_5      0x9fc012a0        0x8 c:/program files (x86)/microchip/xc32/v2.30/bin/bin/../../lib/gcc/pic32mx/4.8.3/../../../../pic32mx/lib\libpic32.a(vector5.o)
                0x9fc012a0                __vector_dispatch_5
                0x00000001                ASSERT (((_vector_spacing == 0x0) || (SIZEOF (.vector_5) <= (_vector_spacing << 0x5))), function at exception vector 5 too large)

.vector_6       0x9fc012c0        0x8
 *(.vector_6)
 .vector_6      0x9fc012c0        0x8 c:/program files (x86)/microchip/xc32/v2.30/bin/bin/../../lib/gcc/pic32mx/4.8.3/../../../../pic32mx/lib\libpic32.a(vector6.o)
                0x9fc012c0                __vector_dispatch_6
                0x00000001                ASSERT (((_vector_spacing == 0x0) || (SIZEOF (.vector_6) <= (_vector_spacing << 0x5))), function at exception vector 6 too large)

.vector_7       0x9fc012e0        0x8
 *(.vector_7)
 .vector_7      0x9fc012e0        0x8 c:/program files (x86)/microchip/xc32/v2.30/bin/bin/../../lib/gcc/pic32mx/4.8.3/../../../../pic32mx/lib\libpic32.a(vector7.o)
                0x9fc012e0                __vector_dispatch_7
                0x00000001                ASSERT (((_vector_spacing == 0x0) || (SIZEOF (.vector_7) <= (_vector_spacing << 0x5))), function at exception vector 7 too large)

.vector_8       0x9fc01300        0x8
 *(.vector_8)
 .vector_8      0x9fc01300        0x8 c:/program files (x86)/microchip/xc32/v2.30/bin/bin/../../lib/gcc/pic32mx/4.8.3/../../../../pic32mx/lib\libpic32.a(vector8.o)
                0x9fc01300                __vector_dispatch_8
                0x00000001                ASSERT (((_vector_spacing == 0x0) || (SIZEOF (.vector_8) <= (_vector_spacing << 0x5))), function at exception vector 8 too large)

.vector_9       0x9fc01320        0x8
 *(.vector_9)
 .vector_9      0x9fc01320        0x8 c:/program files (x86)/microchip/xc32/v2.30/bin/bin/../../lib/gcc/pic32mx/4.8.3/../../../../pic32mx/lib\libpic32.a(vector9.o)
                0x9fc01320                __vector_dispatch_9
                0x00000001                ASSERT (((_vector_spacing == 0x0) || (SIZEOF (.vector_9) <= (_vector_spacing << 0x5))), function at exception vector 9 too large)

.vector_10      0x9fc01340        0x8
 *(.vector_10)
 .vector_10     0x9fc01340        0x8 c:/program files (x86)/microchip/xc32/v2.30/bin/bin/../../lib/gcc/pic32mx/4.8.3/../../../../pic32mx/lib\libpic32.a(vector10.o)
                0x9fc01340                __vector_dispatch_10
                0x00000001                ASSERT (((_vector_spacing == 0x0) || (SIZEOF (.vector_10) <= (_vector_spacing << 0x5))), function at exception vector 10 too large)

.vector_11      0x9fc01360        0x8
 *(.vector_11)
 .vector_11     0x9fc01360        0x8 c:/program files (x86)/microchip/xc32/v2.30/bin/bin/../../lib/gcc/pic32mx/4.8.3/../../../../pic32mx/lib\libpic32.a(vector11.o)
                0x9fc01360                __vector_dispatch_11
                0x00000001                ASSERT (((_vector_spacing == 0x0) || (SIZEOF (.vector_11) <= (_vector_spacing << 0x5))), function at exception vector 11 too large)

.vector_12      0x9fc01380        0x8
 *(.vector_12)
 .vector_12     0x9fc01380        0x8 c:/program files (x86)/microchip/xc32/v2.30/bin/bin/../../lib/gcc/pic32mx/4.8.3/../../../../pic32mx/lib\libpic32.a(vector12.o)
                0x9fc01380                __vector_dispatch_12
                0x00000001                ASSERT (((_vector_spacing == 0x0) || (SIZEOF (.vector_12) <= (_vector_spacing << 0x5))), function at exception vector 12 too large)

.vector_13      0x9fc013a0        0x8
 *(.vector_13)
 .vector_13     0x9fc013a0        0x8 c:/program files (x86)/microchip/xc32/v2.30/bin/bin/../../lib/gcc/pic32mx/4.8.3/../../../../pic32mx/lib\libpic32.a(vector13.o)
                0x9fc013a0                __vector_dispatch_13
                0x00000001                ASSERT (((_vector_spacing == 0x0) || (SIZEOF (.vector_13) <= (_vector_spacing << 0x5))), function at exception vector 13 too large)

.vector_14      0x9fc013c0        0x8
 *(.vector_14)
 .vector_14     0x9fc013c0        0x8 c:/program files (x86)/microchip/xc32/v2.30/bin/bin/../../lib/gcc/pic32mx/4.8.3/../../../../pic32mx/lib\libpic32.a(vector14.o)
                0x9fc013c0                __vector_dispatch_14
                0x00000001                ASSERT (((_vector_spacing == 0x0) || (SIZEOF (.vector_14) <= (_vector_spacing << 0x5))), function at exception vector 14 too large)

.vector_15      0x9fc013e0        0x8
 *(.vector_15)
 .vector_15     0x9fc013e0        0x8 c:/program files (x86)/microchip/xc32/v2.30/bin/bin/../../lib/gcc/pic32mx/4.8.3/../../../../pic32mx/lib\libpic32.a(vector15.o)
                0x9fc013e0                __vector_dispatch_15
                0x00000001                ASSERT (((_vector_spacing == 0x0) || (SIZEOF (.vector_15) <= (_vector_spacing << 0x5))), function at exception vector 15 too large)

.vector_16      0x9fc01400        0x8
 *(.vector_16)
 .vector_16     0x9fc01400        0x8 c:/program files (x86)/microchip/xc32/v2.30/bin/bin/../../lib/gcc/pic32mx/4.8.3/../../../../pic32mx/lib\libpic32.a(vector16.o)
                0x9fc01400                __vector_dispatch_16
                0x00000001                ASSERT (((_vector_spacing == 0x0) || (SIZEOF (.vector_16) <= (_vector_spacing << 0x5))), function at exception vector 16 too large)

.vector_17      0x9fc01420        0x8
 *(.vector_17)
 .vector_17     0x9fc01420        0x8 c:/program files (x86)/microchip/xc32/v2.30/bin/bin/../../lib/gcc/pic32mx/4.8.3/../../../../pic32mx/lib\libpic32.a(vector17.o)
                0x9fc01420                __vector_dispatch_17
                0x00000001                ASSERT (((_vector_spacing == 0x0) || (SIZEOF (.vector_17) <= (_vector_spacing << 0x5))), function at exception vector 17 too large)

.vector_18      0x9fc01440        0x8
 *(.vector_18)
 .vector_18     0x9fc01440        0x8 c:/program files (x86)/microchip/xc32/v2.30/bin/bin/../../lib/gcc/pic32mx/4.8.3/../../../../pic32mx/lib\libpic32.a(vector18.o)
                0x9fc01440                __vector_dispatch_18
                0x00000001                ASSERT (((_vector_spacing == 0x0) || (SIZEOF (.vector_18) <= (_vector_spacing << 0x5))), function at exception vector 18 too large)

.vector_19      0x9fc01460        0x8
 *(.vector_19)
 .vector_19     0x9fc01460        0x8 c:/program files (x86)/microchip/xc32/v2.30/bin/bin/../../lib/gcc/pic32mx/4.8.3/../../../../pic32mx/lib\libpic32.a(vector19.o)
                0x9fc01460                __vector_dispatch_19
                0x00000001                ASSERT (((_vector_spacing == 0x0) || (SIZEOF (.vector_19) <= (_vector_spacing << 0x5))), function at exception vector 19 too large)

.vector_20      0x9fc01480        0x8
 *(.vector_20)
 .vector_20     0x9fc01480        0x8 c:/program files (x86)/microchip/xc32/v2.30/bin/bin/../../lib/gcc/pic32mx/4.8.3/../../../../pic32mx/lib\libpic32.a(vector20.o)
                0x9fc01480                __vector_dispatch_20
                0x00000001                ASSERT (((_vector_spacing == 0x0) || (SIZEOF (.vector_20) <= (_vector_spacing << 0x5))), function at exception vector 20 too large)

.vector_21      0x9fc014a0        0x8
 *(.vector_21)
 .vector_21     0x9fc014a0        0x8 c:/program files (x86)/microchip/xc32/v2.30/bin/bin/../../lib/gcc/pic32mx/4.8.3/../../../../pic32mx/lib\libpic32.a(vector21.o)
                0x9fc014a0                __vector_dispatch_21
                0x00000001                ASSERT (((_vector_spacing == 0x0) || (SIZEOF (.vector_21) <= (_vector_spacing << 0x5))), function at exception vector 21 too large)

.vector_22      0x9fc014c0        0x8
 *(.vector_22)
 .vector_22     0x9fc014c0        0x8 c:/program files (x86)/microchip/xc32/v2.30/bin/bin/../../lib/gcc/pic32mx/4.8.3/../../../../pic32mx/lib\libpic32.a(vector22.o)
                0x9fc014c0                __vector_dispatch_22
                0x00000001                ASSERT (((_vector_spacing == 0x0) || (SIZEOF (.vector_22) <= (_vector_spacing << 0x5))), function at exception vector 22 too large)

.vector_23      0x9fc014e0        0x8
 *(.vector_23)
 .vector_23     0x9fc014e0        0x8 c:/program files (x86)/microchip/xc32/v2.30/bin/bin/../../lib/gcc/pic32mx/4.8.3/../../../../pic32mx/lib\libpic32.a(vector23.o)
                0x9fc014e0                __vector_dispatch_23
                0x00000001                ASSERT (((_vector_spacing == 0x0) || (SIZEOF (.vector_23) <= (_vector_spacing << 0x5))), function at exception vector 23 too large)

.vector_24      0x9fc01500        0x8
 *(.vector_24)
 .vector_24     0x9fc01500        0x8 c:/program files (x86)/microchip/xc32/v2.30/bin/bin/../../lib/gcc/pic32mx/4.8.3/../../../../pic32mx/lib\libpic32.a(vector24.o)
                0x9fc01500                __vector_dispatch_24
                0x00000001                ASSERT (((_vector_spacing == 0x0) || (SIZEOF (.vector_24) <= (_vector_spacing << 0x5))), function at exception vector 24 too large)

.vector_25      0x9fc01520        0x8
 *(.vector_25)
 .vector_25     0x9fc01520        0x8 c:/program files (x86)/microchip/xc32/v2.30/bin/bin/../../lib/gcc/pic32mx/4.8.3/../../../../pic32mx/lib\libpic32.a(vector25.o)
                0x9fc01520                __vector_dispatch_25
                0x00000001                ASSERT (((_vector_spacing == 0x0) || (SIZEOF (.vector_25) <= (_vector_spacing << 0x5))), function at exception vector 25 too large)

.vector_26      0x9fc01540        0x8
 *(.vector_26)
 .vector_26     0x9fc01540        0x8 c:/program files (x86)/microchip/xc32/v2.30/bin/bin/../../lib/gcc/pic32mx/4.8.3/../../../../pic32mx/lib\libpic32.a(vector26.o)
                0x9fc01540                __vector_dispatch_26
                0x00000001                ASSERT (((_vector_spacing == 0x0) || (SIZEOF (.vector_26) <= (_vector_spacing << 0x5))), function at exception vector 26 too large)

.vector_27      0x9fc01560        0x8
 *(.vector_27)
 .vector_27     0x9fc01560        0x8 c:/program files (x86)/microchip/xc32/v2.30/bin/bin/../../lib/gcc/pic32mx/4.8.3/../../../../pic32mx/lib\libpic32.a(vector27.o)
                0x9fc01560                __vector_dispatch_27
                0x00000001                ASSERT (((_vector_spacing == 0x0) || (SIZEOF (.vector_27) <= (_vector_spacing << 0x5))), function at exception vector 27 too large)

.vector_28      0x9fc01580        0x8
 *(.vector_28)
 .vector_28     0x9fc01580        0x8 c:/program files (x86)/microchip/xc32/v2.30/bin/bin/../../lib/gcc/pic32mx/4.8.3/../../../../pic32mx/lib\libpic32.a(vector28.o)
                0x9fc01580                __vector_dispatch_28
                0x00000001                ASSERT (((_vector_spacing == 0x0) || (SIZEOF (.vector_28) <= (_vector_spacing << 0x5))), function at exception vector 28 too large)

.vector_29      0x9fc015a0        0x8
 *(.vector_29)
 .vector_29     0x9fc015a0        0x8 c:/program files (x86)/microchip/xc32/v2.30/bin/bin/../../lib/gcc/pic32mx/4.8.3/../../../../pic32mx/lib\libpic32.a(vector29.o)
                0x9fc015a0                __vector_dispatch_29
                0x00000001                ASSERT (((_vector_spacing == 0x0) || (SIZEOF (.vector_29) <= (_vector_spacing << 0x5))), function at exception vector 29 too large)

.vector_30      0x9fc015c0        0x8
 *(.vector_30)
 .vector_30     0x9fc015c0        0x8 c:/program files (x86)/microchip/xc32/v2.30/bin/bin/../../lib/gcc/pic32mx/4.8.3/../../../../pic32mx/lib\libpic32.a(vector30.o)
                0x9fc015c0                __vector_dispatch_30
                0x00000001                ASSERT (((_vector_spacing == 0x0) || (SIZEOF (.vector_30) <= (_vector_spacing << 0x5))), function at exception vector 30 too large)

.vector_31      0x9fc015e0        0x8
 *(.vector_31)
 .vector_31     0x9fc015e0        0x8 c:/program files (x86)/microchip/xc32/v2.30/bin/bin/../../lib/gcc/pic32mx/4.8.3/../../../../pic32mx/lib\libpic32.a(vector31.o)
                0x9fc015e0                __vector_dispatch_31
                0x00000001                ASSERT (((_vector_spacing == 0x0) || (SIZEOF (.vector_31) <= (_vector_spacing << 0x5))), function at exception vector 31 too large)

.vector_32      0x9fc01600        0x8
 *(.vector_32)
 .vector_32     0x9fc01600        0x8 c:/program files (x86)/microchip/xc32/v2.30/bin/bin/../../lib/gcc/pic32mx/4.8.3/../../../../pic32mx/lib\libpic32.a(vector32.o)
                0x9fc01600                __vector_dispatch_32
                0x00000001                ASSERT (((_vector_spacing == 0x0) || (SIZEOF (.vector_32) <= (_vector_spacing << 0x5))), function at exception vector 32 too large)

.vector_33      0x9fc01620        0x8
 *(.vector_33)
 .vector_33     0x9fc01620        0x8 c:/program files (x86)/microchip/xc32/v2.30/bin/bin/../../lib/gcc/pic32mx/4.8.3/../../../../pic32mx/lib\libpic32.a(vector33.o)
                0x9fc01620                __vector_dispatch_33
                0x00000001                ASSERT (((_vector_spacing == 0x0) || (SIZEOF (.vector_33) <= (_vector_spacing << 0x5))), function at exception vector 33 too large)

.vector_34      0x9fc01640        0x8
 *(.vector_34)
 .vector_34     0x9fc01640        0x8 c:/program files (x86)/microchip/xc32/v2.30/bin/bin/../../lib/gcc/pic32mx/4.8.3/../../../../pic32mx/lib\libpic32.a(vector34.o)
                0x9fc01640                __vector_dispatch_34
                0x00000001                ASSERT (((_vector_spacing == 0x0) || (SIZEOF (.vector_34) <= (_vector_spacing << 0x5))), function at exception vector 34 too large)

.vector_35      0x9fc01660        0x8
 *(.vector_35)
 .vector_35     0x9fc01660        0x8 c:/program files (x86)/microchip/xc32/v2.30/bin/bin/../../lib/gcc/pic32mx/4.8.3/../../../../pic32mx/lib\libpic32.a(vector35.o)
                0x9fc01660                __vector_dispatch_35
                0x00000001                ASSERT (((_vector_spacing == 0x0) || (SIZEOF (.vector_35) <= (_vector_spacing << 0x5))), function at exception vector 35 too large)

.vector_36      0x9fc01680        0x8
 *(.vector_36)
 .vector_36     0x9fc01680        0x8 c:/program files (x86)/microchip/xc32/v2.30/bin/bin/../../lib/gcc/pic32mx/4.8.3/../../../../pic32mx/lib\libpic32.a(vector36.o)
                0x9fc01680                __vector_dispatch_36
                0x00000001                ASSERT (((_vector_spacing == 0x0) || (SIZEOF (.vector_36) <= (_vector_spacing << 0x5))), function at exception vector 36 too large)

.vector_37      0x9fc016a0        0x8
 *(.vector_37)
 .vector_37     0x9fc016a0        0x8 c:/program files (x86)/microchip/xc32/v2.30/bin/bin/../../lib/gcc/pic32mx/4.8.3/../../../../pic32mx/lib\libpic32.a(vector37.o)
                0x9fc016a0                __vector_dispatch_37
                0x00000001                ASSERT (((_vector_spacing == 0x0) || (SIZEOF (.vector_37) <= (_vector_spacing << 0x5))), function at exception vector 37 too large)

.vector_38      0x9fc016c0        0x8
 *(.vector_38)
 .vector_38     0x9fc016c0        0x8 c:/program files (x86)/microchip/xc32/v2.30/bin/bin/../../lib/gcc/pic32mx/4.8.3/../../../../pic32mx/lib\libpic32.a(vector38.o)
                0x9fc016c0                __vector_dispatch_38
                0x00000001                ASSERT (((_vector_spacing == 0x0) || (SIZEOF (.vector_38) <= (_vector_spacing << 0x5))), function at exception vector 38 too large)

.vector_39      0x9fc016e0        0x8
 *(.vector_39)
 .vector_39     0x9fc016e0        0x8 c:/program files (x86)/microchip/xc32/v2.30/bin/bin/../../lib/gcc/pic32mx/4.8.3/../../../../pic32mx/lib\libpic32.a(vector39.o)
                0x9fc016e0                __vector_dispatch_39
                0x00000001                ASSERT (((_vector_spacing == 0x0) || (SIZEOF (.vector_39) <= (_vector_spacing << 0x5))), function at exception vector 39 too large)

.vector_40      0x9fc01700        0x8
 *(.vector_40)
 .vector_40     0x9fc01700        0x8 c:/program files (x86)/microchip/xc32/v2.30/bin/bin/../../lib/gcc/pic32mx/4.8.3/../../../../pic32mx/lib\libpic32.a(vector40.o)
                0x9fc01700                __vector_dispatch_40
                0x00000001                ASSERT (((_vector_spacing == 0x0) || (SIZEOF (.vector_40) <= (_vector_spacing << 0x5))), function at exception vector 40 too large)

.vector_41      0x9fc01720        0x8
 *(.vector_41)
 .vector_41     0x9fc01720        0x8 c:/program files (x86)/microchip/xc32/v2.30/bin/bin/../../lib/gcc/pic32mx/4.8.3/../../../../pic32mx/lib\libpic32.a(vector41.o)
                0x9fc01720                __vector_dispatch_41
                0x00000001                ASSERT (((_vector_spacing == 0x0) || (SIZEOF (.vector_41) <= (_vector_spacing << 0x5))), function at exception vector 41 too large)

.vector_42      0x9fc01740        0x8
 *(.vector_42)
 .vector_42     0x9fc01740        0x8 c:/program files (x86)/microchip/xc32/v2.30/bin/bin/../../lib/gcc/pic32mx/4.8.3/../../../../pic32mx/lib\libpic32.a(vector42.o)
                0x9fc01740                __vector_dispatch_42
                0x00000001                ASSERT (((_vector_spacing == 0x0) || (SIZEOF (.vector_42) <= (_vector_spacing << 0x5))), function at exception vector 42 too large)

.vector_43      0x9fc01760        0x8
 *(.vector_43)
 .vector_43     0x9fc01760        0x8 c:/program files (x86)/microchip/xc32/v2.30/bin/bin/../../lib/gcc/pic32mx/4.8.3/../../../../pic32mx/lib\libpic32.a(vector43.o)
                0x9fc01760                __vector_dispatch_43
                0x00000001                ASSERT (((_vector_spacing == 0x0) || (SIZEOF (.vector_43) <= (_vector_spacing << 0x5))), function at exception vector 43 too large)

.vector_44      0x9fc01780        0x8
 *(.vector_44)
 .vector_44     0x9fc01780        0x8 c:/program files (x86)/microchip/xc32/v2.30/bin/bin/../../lib/gcc/pic32mx/4.8.3/../../../../pic32mx/lib\libpic32.a(vector44.o)
                0x9fc01780                __vector_dispatch_44
                0x00000001                ASSERT (((_vector_spacing == 0x0) || (SIZEOF (.vector_44) <= (_vector_spacing << 0x5))), function at exception vector 44 too large)

.vector_45      0x9fc017a0        0x8
 *(.vector_45)
 .vector_45     0x9fc017a0        0x8 c:/program files (x86)/microchip/xc32/v2.30/bin/bin/../../lib/gcc/pic32mx/4.8.3/../../../../pic32mx/lib\libpic32.a(vector45.o)
                0x9fc017a0                __vector_dispatch_45
                0x00000001                ASSERT (((_vector_spacing == 0x0) || (SIZEOF (.vector_45) <= (_vector_spacing << 0x5))), function at exception vector 45 too large)

.vector_46      0x9fc017c0        0x8
 *(.vector_46)
 .vector_46     0x9fc017c0        0x8 c:/program files (x86)/microchip/xc32/v2.30/bin/bin/../../lib/gcc/pic32mx/4.8.3/../../../../pic32mx/lib\libpic32.a(vector46.o)
                0x9fc017c0                __vector_dispatch_46
                0x00000001                ASSERT (((_vector_spacing == 0x0) || (SIZEOF (.vector_46) <= (_vector_spacing << 0x5))), function at exception vector 46 too large)

.vector_47      0x9fc017e0        0x8
 *(.vector_47)
 .vector_47     0x9fc017e0        0x8 c:/program files (x86)/microchip/xc32/v2.30/bin/bin/../../lib/gcc/pic32mx/4.8.3/../../../../pic32mx/lib\libpic32.a(vector47.o)
                0x9fc017e0                __vector_dispatch_47
                0x00000001                ASSERT (((_vector_spacing == 0x0) || (SIZEOF (.vector_47) <= (_vector_spacing << 0x5))), function at exception vector 47 too large)

.vector_48      0x9fc01800        0x8
 *(.vector_48)
 .vector_48     0x9fc01800        0x8 c:/program files (x86)/microchip/xc32/v2.30/bin/bin/../../lib/gcc/pic32mx/4.8.3/../../../../pic32mx/lib\libpic32.a(vector48.o)
                0x9fc01800                __vector_dispatch_48
                0x00000001                ASSERT (((_vector_spacing == 0x0) || (SIZEOF (.vector_48) <= (_vector_spacing << 0x5))), function at exception vector 48 too large)

.vector_49      0x9fc01820        0x8
 *(.vector_49)
 .vector_49     0x9fc01820        0x8 c:/program files (x86)/microchip/xc32/v2.30/bin/bin/../../lib/gcc/pic32mx/4.8.3/../../../../pic32mx/lib\libpic32.a(vector49.o)
                0x9fc01820                __vector_dispatch_49
                0x00000001                ASSERT (((_vector_spacing == 0x0) || (SIZEOF (.vector_49) <= (_vector_spacing << 0x5))), function at exception vector 49 too large)

.vector_50      0x9fc01840        0x8
 *(.vector_50)
 .vector_50     0x9fc01840        0x8 c:/program files (x86)/microchip/xc32/v2.30/bin/bin/../../lib/gcc/pic32mx/4.8.3/../../../../pic32mx/lib\libpic32.a(vector50.o)
                0x9fc01840                __vector_dispatch_50
                0x00000001                ASSERT (((_vector_spacing == 0x0) || (SIZEOF (.vector_50) <= (_vector_spacing << 0x5))), function at exception vector 50 too large)

.vector_51      0x9fc01860        0x8
 *(.vector_51)
 .vector_51     0x9fc01860        0x8 c:/program files (x86)/microchip/xc32/v2.30/bin/bin/../../lib/gcc/pic32mx/4.8.3/../../../../pic32mx/lib\libpic32.a(vector51.o)
                0x9fc01860                __vector_dispatch_51
                0x00000001                ASSERT (((_vector_spacing == 0x0) || (SIZEOF (.vector_51) <= (_vector_spacing << 0x5))), function at exception vector 51 too large)

.vector_52      0x9fc01880        0x0
 *(.vector_52)
                0x00000001                ASSERT (((_vector_spacing == 0x0) || (SIZEOF (.vector_52) <= (_vector_spacing << 0x5))), function at exception vector 52 too large)

.vector_53      0x9fc018a0        0x0
 *(.vector_53)
                0x00000001                ASSERT (((_vector_spacing == 0x0) || (SIZEOF (.vector_53) <= (_vector_spacing << 0x5))), function at exception vector 53 too large)

.vector_54      0x9fc018c0        0x0
 *(.vector_54)
                0x00000001                ASSERT (((_vector_spacing == 0x0) || (SIZEOF (.vector_54) <= (_vector_spacing << 0x5))), function at exception vector 54 too large)

.vector_55      0x9fc018e0        0x0
 *(.vector_55)
                0x00000001                ASSERT (((_vector_spacing == 0x0) || (SIZEOF (.vector_55) <= (_vector_spacing << 0x5))), function at exception vector 55 too large)

.vector_56      0x9fc01900        0x0
 *(.vector_56)
                0x00000001                ASSERT (((_vector_spacing == 0x0) || (SIZEOF (.vector_56) <= (_vector_spacing << 0x5))), function at exception vector 56 too large)

.vector_57      0x9fc01920        0x0
 *(.vector_57)
                0x00000001                ASSERT (((_vector_spacing == 0x0) || (SIZEOF (.vector_57) <= (_vector_spacing << 0x5))), function at exception vector 57 too large)

.vector_58      0x9fc01940        0x0
 *(.vector_58)
                0x00000001                ASSERT (((_vector_spacing == 0x0) || (SIZEOF (.vector_58) <= (_vector_spacing << 0x5))), function at exception vector 58 too large)

.vector_59      0x9fc01960        0x0
 *(.vector_59)
                0x00000001                ASSERT (((_vector_spacing == 0x0) || (SIZEOF (.vector_59) <= (_vector_spacing << 0x5))), function at exception vector 59 too large)

.vector_60      0x9fc01980        0x0
 *(.vector_60)
                0x00000001                ASSERT (((_vector_spacing == 0x0) || (SIZEOF (.vector_60) <= (_vector_spacing << 0x5))), function at exception vector 60 too large)

.vector_61      0x9fc019a0        0x0
 *(.vector_61)
                0x00000001                ASSERT (((_vector_spacing == 0x0) || (SIZEOF (.vector_61) <= (_vector_spacing << 0x5))), function at exception vector 61 too large)

.vector_62      0x9fc019c0        0x0
 *(.vector_62)
                0x00000001                ASSERT (((_vector_spacing == 0x0) || (SIZEOF (.vector_62) <= (_vector_spacing << 0x5))), function at exception vector 62 too large)

.vector_63      0x9fc019e0        0x0
 *(.vector_63)
                0x00000001                ASSERT (((_vector_spacing == 0x0) || (SIZEOF (.vector_63) <= (_vector_spacing << 0x5))), function at exception vector 63 too large)

.startup
 *(.startup)

.text           0x9d000000        0x0
 *(.stub .gnu.linkonce.t.*)
 *(.text.*personality*)
 *(.mips16.fn.*)
 *(.mips16.call.*)
 *(.gnu.warning)
                0x9d000000                . = ALIGN (0x4)

.init           0x9d000000        0x0
 *crti.o(.init)
 *crtbegin.o(.init)
 *(EXCLUDE_FILE(*crtn.o *crtend?.o *crtend.o) .init)
 *crtend.o(.init)
 *crtn.o(.init)
                0x9d000000                . = ALIGN (0x4)

.fini           0x9d000000        0x0
 *(.fini)
                0x9d000000                . = ALIGN (0x4)

.preinit_array  0x9d000000        0x0
                0x9d000000                PROVIDE (__preinit_array_start, .)
 *(.preinit_array)
                0x9d000000                PROVIDE (__preinit_array_end, .)
                0x9d000000                . = ALIGN (0x4)

.init_array     0x9d000000        0x0
                0x9d000000                PROVIDE (__init_array_start, .)
 *(SORT(.init_array.*))
 *(.init_array)
                0x9d000000                PROVIDE (__init_array_end, .)
                0x9d000000                . = ALIGN (0x4)

.fini_array     0x9d000000        0x0
                0x9d000000                PROVIDE (__fini_array_start, .)
 *(SORT(.fini_array.*))
 *(.fini_array)
                0x9d000000                PROVIDE (__fini_array_end, .)
                0x9d000000                . = ALIGN (0x4)

.ctors          0x9d000000        0x0
 *crtbegin.o(.ctors)
 *crtbegin?.o(.ctors)
 *(EXCLUDE_FILE(*crtend?.o *crtend.o) .ctors)
 *(SORT(.ctors.*))
 *(.ctors)
                0x9d000000                . = ALIGN (0x4)

.dtors          0x9d000000        0x0
 *crtbegin.o(.dtors)
 *crtbegin?.o(.dtors)
 *(EXCLUDE_FILE(*crtend?.o *crtend.o) .dtors)
 *(SORT(.dtors.*))
 *(.dtors)
                0x9d000000                . = ALIGN (0x4)

.rodata         0x9d000000        0x0
 *(.gnu.linkonce.r.*)
 *(.rodata1)
                0x9d000000                . = ALIGN (0x4)

.sdata2         0x9fc00490        0x0
 *(.sdata2 .sdata2.* .gnu.linkonce.s2.*)
                0x9fc00490                . = ALIGN (0x4)

.sbss2          0x9fc00490        0x0
 *(.sbss2 .sbss2.* .gnu.linkonce.sb2.*)
                0x9fc00490                . = ALIGN (0x4)

.eh_frame_hdr
 *(.eh_frame_hdr)
                0x9fc00490                . = ALIGN (0x4)

.eh_frame
 *(.eh_frame)
                0x9fc00490                . = ALIGN (0x4)

.gcc_except_table
 *(.gcc_except_table .gcc_except_table.*)
                0x9fc00490                . = ALIGN (0x4)

.dbg_data       0xa0000000        0x0
                0xa0000000                . = (. + DEFINED (_DEBUGGER)?0x200:0x0)

.jcr            0xa0000000        0x0
 *(.jcr)
                0xa0000000                . = ALIGN (0x4)

.eh_frame
 *(.eh_frame)
                0xa0000000                . = ALIGN (0x4)

.gcc_except_table
 *(.gcc_except_table .gcc_except_table.*)
                0xa0000000                . = ALIGN (0x4)

.persist        0xa0000000        0x0
                0xa0000000                _persist_begin = .
 *(.persist .persist.*)
 *(.pbss .pbss.*)
                0xa0000000                . = ALIGN (0x4)
                0xa0000000                _persist_end = .

.data           0xa0000000        0x0
 *(.gnu.linkonce.d.*)
 *(.data1)
                0xa0000000                . = ALIGN (0x4)
                0xa0000000                . = .
                0xa0007ff0                _gp = (ALIGN (0x10) + 0x7ff0)

.got            0xa0000000        0x0
 *(.got.plt)
 *(.got)
                0xa0000000                . = ALIGN (0x4)

.sdata          0xa0000000        0x4
                0xa0000000                _sdata_begin = .
 *(.sdata .sdata.* .gnu.linkonce.s.*)
 .sdata         0xa0000000        0x4 build/default/production/_ext/951553248/port.o
                0xa0000000                uxInterruptNesting
                0xa0000004                . = ALIGN (0x4)
                0xa0000004                _sdata_end = .

.lit8
 *(.lit8)

.lit4
 *(.lit4)
                0xa0000004                . = ALIGN (0x4)
                0xa0000004                _data_end = .
                0xa0000004                _bss_begin = .

.sbss           0xa0000004       0x54
                0xa0000004                _sbss_begin = .
 *(.dynsbss)
 *(.sbss .sbss.* .gnu.linkonce.sb.*)
 .sbss          0xa0000004        0xc build/default/production/_ext/1171490990/exceptions.o
 .sbss          0xa0000010       0x3c build/default/production/_ext/404212886/FreeRTOS_tasks.o
                0xa0000048                pxCurrentTCB
 .sbss          0xa000004c        0x8 build/default/production/_ext/1665200909/heap_1.o
 .sbss          0xa0000054        0x4 build/default/production/_ext/951553248/port.o
                0xa0000054                uxSavedTaskStackPointer
 *(.scommon)
                0xa0000058                _sbss_end = .
                0xa0000058                . = ALIGN (0x4)

.bss            0xa0000058        0x0
 *(.dynbss)
 *(COMMON)
                0xa0000058                . = ALIGN ((. != 0x0)?0x4:0x1)
                0xa0000058                . = ALIGN (0x4)
                0xa0000058                _end = .
                0xa0000058                _bss_end = .
                0x00020000                _bmxdudba_address = 0x20000
                0x00020000                _bmxdupba_address = 0x20000

/DISCARD/
 *(.pdr)
 *(.rel.dyn)
 *(.note.GNU-stack)
 *(.note.GNU-stack)
 *(.gnu_debuglink)
 *(.gnu.lto_*)
 *(.discard)

.gptab.sdata
 *(.gptab.data)
 *(.gptab.sdata)

.gptab.sbss
 *(.gptab.bss)
 *(.gptab.sbss)

.mdebug.abi32   0xa0000058        0x0
 *(.mdebug.abi32)
 .mdebug.abi32  0xa0000058        0x0 build/default/production/_ext/1360937237/main.o
 .mdebug.abi32  0xa0000058        0x0 build/default/production/_ext/1171490990/initialization.o
 .mdebug.abi32  0xa0000058        0x0 build/default/production/_ext/1171490990/interrupts.o
 .mdebug.abi32  0xa0000058        0x0 build/default/production/_ext/1171490990/exceptions.o
 .mdebug.abi32  0xa0000058        0x0 build/default/production/_ext/163028504/xc32_monitor.o
 .mdebug.abi32  0xa0000058        0x0 build/default/production/_ext/60165520/plib_clk.o
 .mdebug.abi32  0xa0000058        0x0 build/default/production/_ext/1865254177/plib_gpio.o
 .mdebug.abi32  0xa0000058        0x0 build/default/production/_ext/1865200349/plib_evic.o
 .mdebug.abi32  0xa0000058        0x0 build/default/production/_ext/1171490990/freertos_hooks.o
 .mdebug.abi32  0xa0000058        0x0 build/default/production/_ext/404212886/croutine.o
 .mdebug.abi32  0xa0000058        0x0 build/default/production/_ext/404212886/list.o
 .mdebug.abi32  0xa0000058        0x0 build/default/production/_ext/404212886/queue.o
 .mdebug.abi32  0xa0000058        0x0 build/default/production/_ext/404212886/FreeRTOS_tasks.o
 .mdebug.abi32  0xa0000058        0x0 build/default/production/_ext/404212886/timers.o
 .mdebug.abi32  0xa0000058        0x0 build/default/production/_ext/404212886/event_groups.o
 .mdebug.abi32  0xa0000058        0x0 build/default/production/_ext/404212886/stream_buffer.o
 .mdebug.abi32  0xa0000058        0x0 build/default/production/_ext/1665200909/heap_1.o
 .mdebug.abi32  0xa0000058        0x0 build/default/production/_ext/951553248/port.o
 .mdebug.abi32  0xa0000058        0x0 c:/program files (x86)/microchip/xc32/v2.30/bin/bin/../../lib/gcc/pic32mx/4.8.3/../../../../pic32mx/lib\libpic32.a(default-bootstrap-exception-handler.o)
 .mdebug.abi32  0xa0000058        0x0 c:/program files (x86)/microchip/xc32/v2.30/bin/bin/../../lib/gcc/pic32mx/4.8.3/../../../../pic32mx/lib\libpic32.a(default-on-reset.o)
 .mdebug.abi32  0xa0000058        0x0 c:/program files (x86)/microchip/xc32/v2.30/bin/bin/../../lib/gcc/pic32mx/4.8.3/../../../../pic32mx/lib\libpic32.a(default-on-bootstrap.o)
 .mdebug.abi32  0xa0000058        0x0 c:/program files (x86)/microchip/xc32/v2.30/bin/bin/../../lib/gcc/pic32mx/4.8.3/../../../../pic32mx/lib\libpic32.a(defaultinterrupt.o)
 .mdebug.abi32  0xa0000058        0x0 c:/program files (x86)/microchip/xc32/v2.30/bin/bin/../../lib/gcc/pic32mx/4.8.3/../../../../pic32mx/lib\libc.a(printf_cdnopsuxX.eo)
 .mdebug.abi32  0xa0000058        0x0 c:/program files (x86)/microchip/xc32/v2.30/bin/bin/../../lib/gcc/pic32mx/4.8.3/../../../../pic32mx/lib\libc.a(_iob.o)
 .mdebug.abi32  0xa0000058        0x0 c:/program files (x86)/microchip/xc32/v2.30/bin/bin/../../lib/gcc/pic32mx/4.8.3/../../../../pic32mx/lib\libc.a(doprnt_cdnopsuxX.eo)
 .mdebug.abi32  0xa0000058        0x0 c:/program files (x86)/microchip/xc32/v2.30/bin/bin/../../lib/gcc/pic32mx/4.8.3/../../../../pic32mx/lib\libc.a(_fputc_simple.o)
 .mdebug.abi32  0xa0000058        0x0 c:/program files (x86)/microchip/xc32/v2.30/bin/bin/../../lib/gcc/pic32mx/4.8.3/../../../../pic32mx/lib\libc.a(ctype.o)
 .mdebug.abi32  0xa0000058        0x0 c:/program files (x86)/microchip/xc32/v2.30/bin/bin/../../lib/gcc/pic32mx/4.8.3/../../../../pic32mx/lib\libc.a(_flsbuf_simple.o)
 .mdebug.abi32  0xa0000058        0x0 c:/program files (x86)/microchip/xc32/v2.30/bin/bin/../../lib/gcc/pic32mx/4.8.3\libgcc.a(_udivdi3.o)
 .mdebug.abi32  0xa0000058        0x0 c:/program files (x86)/microchip/xc32/v2.30/bin/bin/../../lib/gcc/pic32mx/4.8.3\libgcc.a(_umoddi3.o)
 .mdebug.abi32  0xa0000058        0x0 c:/program files (x86)/microchip/xc32/v2.30/bin/bin/../../lib/gcc/pic32mx/4.8.3/../../../../pic32mx/lib\libpic32.a(write.o)

.mdebug.abiN32
 *(.mdebug.abiN32)

.mdebug.abi64
 *(.mdebug.abi64)

.mdebug.abiO64
 *(.mdebug.abiO64)

.mdebug.eabi32
 *(.mdebug.eabi32)

.mdebug.eabi64
 *(.mdebug.eabi64)

.gcc_compiled_long32
 *(.gcc_compiled_long32)

.gcc_compiled_long64
 *(.gcc_compiled_long64)

.stab
 *(.stab)

.stabstr
 *(.stabstr)

.stab.excl
 *(.stab.excl)

.stab.exclstr
 *(.stab.exclstr)

.stab.index
 *(.stab.index)

.stab.indexstr
 *(.stab.indexstr)

.comment        0x00000000       0xa2
 *(.comment)
 .comment       0x00000000       0x3c build/default/production/_ext/1360937237/main.o
                                 0x3d (size before relaxing)
 .comment       0x00000000       0x3d build/default/production/_ext/1171490990/initialization.o
 .comment       0x00000000       0x3d build/default/production/_ext/1171490990/interrupts.o
 .comment       0x00000000       0x3d build/default/production/_ext/1171490990/exceptions.o
 .comment       0x00000000       0x3d build/default/production/_ext/163028504/xc32_monitor.o
 .comment       0x00000000       0x3d build/default/production/_ext/60165520/plib_clk.o
 .comment       0x00000000       0x3d build/default/production/_ext/1865254177/plib_gpio.o
 .comment       0x00000000       0x3d build/default/production/_ext/1865200349/plib_evic.o
 .comment       0x00000000       0x3d build/default/production/_ext/1171490990/freertos_hooks.o
 .comment       0x00000000       0x3d build/default/production/_ext/404212886/croutine.o
 .comment       0x00000000       0x3d build/default/production/_ext/404212886/list.o
 .comment       0x00000000       0x3d build/default/production/_ext/404212886/queue.o
 .comment       0x00000000       0x3d build/default/production/_ext/404212886/FreeRTOS_tasks.o
 .comment       0x00000000       0x3d build/default/production/_ext/404212886/timers.o
 .comment       0x00000000       0x3d build/default/production/_ext/404212886/event_groups.o
 .comment       0x00000000       0x3d build/default/production/_ext/404212886/stream_buffer.o
 .comment       0x00000000       0x3d build/default/production/_ext/1665200909/heap_1.o
 .comment       0x00000000       0x3d build/default/production/_ext/951553248/port.o
 .comment       0x0000003c       0x18 c:/program files (x86)/microchip/xc32/v2.30/bin/bin/../../lib/gcc/pic32mx/4.8.3/../../../../pic32mx/lib\libpic32.a(memset.o)
                                 0x19 (size before relaxing)
 .comment       0x00000000       0x3d c:/program files (x86)/microchip/xc32/v2.30/bin/bin/../../lib/gcc/pic32mx/4.8.3/../../../../pic32mx/lib\libpic32.a(default-bootstrap-exception-handler.o)
 .comment       0x00000000       0x3d c:/program files (x86)/microchip/xc32/v2.30/bin/bin/../../lib/gcc/pic32mx/4.8.3/../../../../pic32mx/lib\libpic32.a(default-on-reset.o)
 .comment       0x00000000       0x3d c:/program files (x86)/microchip/xc32/v2.30/bin/bin/../../lib/gcc/pic32mx/4.8.3/../../../../pic32mx/lib\libpic32.a(default-on-bootstrap.o)
 .comment       0x00000000       0x3d c:/program files (x86)/microchip/xc32/v2.30/bin/bin/../../lib/gcc/pic32mx/4.8.3/../../../../pic32mx/lib\libpic32.a(defaultinterrupt.o)
 .comment       0x00000000       0x3d c:/program files (x86)/microchip/xc32/v2.30/bin/bin/../../lib/gcc/pic32mx/4.8.3/../../../../pic32mx/lib\libc.a(printf_cdnopsuxX.eo)
 .comment       0x00000000       0x3d c:/program files (x86)/microchip/xc32/v2.30/bin/bin/../../lib/gcc/pic32mx/4.8.3/../../../../pic32mx/lib\libc.a(_iob.o)
 .comment       0x00000000       0x3d c:/program files (x86)/microchip/xc32/v2.30/bin/bin/../../lib/gcc/pic32mx/4.8.3/../../../../pic32mx/lib\libc.a(doprnt_cdnopsuxX.eo)
 .comment       0x00000000       0x3d c:/program files (x86)/microchip/xc32/v2.30/bin/bin/../../lib/gcc/pic32mx/4.8.3/../../../../pic32mx/lib\libc.a(_fputc_simple.o)
 .comment       0x00000054       0x4e c:/program files (x86)/microchip/xc32/v2.30/bin/bin/../../lib/gcc/pic32mx/4.8.3/../../../../pic32mx/lib\libc.a(ctype.o)
                                 0x8b (size before relaxing)
 .comment       0x00000000       0x3d c:/program files (x86)/microchip/xc32/v2.30/bin/bin/../../lib/gcc/pic32mx/4.8.3/../../../../pic32mx/lib\libc.a(_flsbuf_simple.o)
 .comment       0x00000000       0x3d c:/program files (x86)/microchip/xc32/v2.30/bin/bin/../../lib/gcc/pic32mx/4.8.3\libgcc.a(_udivdi3.o)
 .comment       0x00000000       0x3d c:/program files (x86)/microchip/xc32/v2.30/bin/bin/../../lib/gcc/pic32mx/4.8.3\libgcc.a(_umoddi3.o)
 .comment       0x00000000       0x3d c:/program files (x86)/microchip/xc32/v2.30/bin/bin/../../lib/gcc/pic32mx/4.8.3/../../../../pic32mx/lib\libpic32.a(write.o)

.debug
 *(.debug)

.line
 *(.line)

.debug_srcinfo
 *(.debug_srcinfo)

.debug_sfnames
 *(.debug_sfnames)

.debug_aranges  0x00000000      0x790
 *(.debug_aranges)
 .debug_aranges
                0x00000000       0x28 build/default/production/_ext/1360937237/main.o
 .debug_aranges
                0x00000028       0x20 build/default/production/_ext/1171490990/initialization.o
 .debug_aranges
                0x00000048       0x18 build/default/production/_ext/1171490990/interrupts.o
 .debug_aranges
                0x00000060       0x20 build/default/production/_ext/1171490990/exceptions.o
 .debug_aranges
                0x00000080       0x28 build/default/production/_ext/163028504/xc32_monitor.o
 .debug_aranges
                0x000000a8       0x20 build/default/production/_ext/60165520/plib_clk.o
 .debug_aranges
                0x000000c8       0x60 build/default/production/_ext/1865254177/plib_gpio.o
 .debug_aranges
                0x00000128       0x50 build/default/production/_ext/1865200349/plib_evic.o
 .debug_aranges
                0x00000178       0x40 build/default/production/_ext/1171490990/freertos_hooks.o
 .debug_aranges
                0x000001b8       0x18 build/default/production/_ext/404212886/croutine.o
 .debug_aranges
                0x000001d0       0x40 build/default/production/_ext/404212886/list.o
 .debug_aranges
                0x00000210       0xc8 build/default/production/_ext/404212886/queue.o
 .debug_aranges
                0x000002d8      0x180 build/default/production/_ext/404212886/FreeRTOS_tasks.o
 .debug_aranges
                0x00000458       0x18 build/default/production/_ext/404212886/timers.o
 .debug_aranges
                0x00000470       0x60 build/default/production/_ext/404212886/event_groups.o
 .debug_aranges
                0x000004d0       0xb0 build/default/production/_ext/404212886/stream_buffer.o
 .debug_aranges
                0x00000580       0x38 build/default/production/_ext/1665200909/heap_1.o
 .debug_aranges
                0x000005b8       0x58 build/default/production/_ext/951553248/port.o
 .debug_aranges
                0x00000610       0x20 build/default/production/_ext/951553248/port_asm.o
 .debug_aranges
                0x00000630       0x20 c:/program files (x86)/microchip/xc32/v2.30/bin/bin/../../lib/gcc/pic32mx/4.8.3/../../../../pic32mx/lib\libpic32.a(default-bootstrap-exception-handler.o)
 .debug_aranges
                0x00000650       0x20 c:/program files (x86)/microchip/xc32/v2.30/bin/bin/../../lib/gcc/pic32mx/4.8.3/../../../../pic32mx/lib\libpic32.a(default-on-reset.o)
 .debug_aranges
                0x00000670       0x20 c:/program files (x86)/microchip/xc32/v2.30/bin/bin/../../lib/gcc/pic32mx/4.8.3/../../../../pic32mx/lib\libpic32.a(default-on-bootstrap.o)
 .debug_aranges
                0x00000690       0x20 c:/program files (x86)/microchip/xc32/v2.30/bin/bin/../../lib/gcc/pic32mx/4.8.3/../../../../pic32mx/lib\libpic32.a(defaultinterrupt.o)
 .debug_aranges
                0x000006b0       0x20 c:/program files (x86)/microchip/xc32/v2.30/bin/bin/../../lib/gcc/pic32mx/4.8.3/../../../../pic32mx/lib\libc.a(printf_cdnopsuxX.eo)
 .debug_aranges
                0x000006d0       0x20 c:/program files (x86)/microchip/xc32/v2.30/bin/bin/../../lib/gcc/pic32mx/4.8.3/../../../../pic32mx/lib\libc.a(doprnt_cdnopsuxX.eo)
 .debug_aranges
                0x000006f0       0x20 c:/program files (x86)/microchip/xc32/v2.30/bin/bin/../../lib/gcc/pic32mx/4.8.3/../../../../pic32mx/lib\libc.a(_fputc_simple.o)
 .debug_aranges
                0x00000710       0x20 c:/program files (x86)/microchip/xc32/v2.30/bin/bin/../../lib/gcc/pic32mx/4.8.3/../../../../pic32mx/lib\libc.a(_flsbuf_simple.o)
 .debug_aranges
                0x00000730       0x20 c:/program files (x86)/microchip/xc32/v2.30/bin/bin/../../lib/gcc/pic32mx/4.8.3\libgcc.a(_udivdi3.o)
 .debug_aranges
                0x00000750       0x20 c:/program files (x86)/microchip/xc32/v2.30/bin/bin/../../lib/gcc/pic32mx/4.8.3\libgcc.a(_umoddi3.o)
 .debug_aranges
                0x00000770       0x20 c:/program files (x86)/microchip/xc32/v2.30/bin/bin/../../lib/gcc/pic32mx/4.8.3/../../../../pic32mx/lib\libpic32.a(write.o)

.debug_pubnames
 *(.debug_pubnames)

.debug_info     0x00000000     0xc52a
 *(.debug_info .gnu.linkonce.wi.*)
 .debug_info    0x00000000      0x3f9 build/default/production/_ext/1360937237/main.o
 .debug_info    0x000003f9      0x3f7 build/default/production/_ext/1171490990/initialization.o
 .debug_info    0x000007f0      0x157 build/default/production/_ext/1171490990/interrupts.o
 .debug_info    0x00000947      0x242 build/default/production/_ext/1171490990/exceptions.o
 .debug_info    0x00000b89      0x11f build/default/production/_ext/163028504/xc32_monitor.o
 .debug_info    0x00000ca8      0x18f build/default/production/_ext/60165520/plib_clk.o
 .debug_info    0x00000e37      0x4ae build/default/production/_ext/1865254177/plib_gpio.o
 .debug_info    0x000012e5      0xcba build/default/production/_ext/1865200349/plib_evic.o
 .debug_info    0x00001f9f      0x35b build/default/production/_ext/1171490990/freertos_hooks.o
 .debug_info    0x000022fa      0x167 build/default/production/_ext/404212886/croutine.o
 .debug_info    0x00002461      0x470 build/default/production/_ext/404212886/list.o
 .debug_info    0x000028d1     0x1ea4 build/default/production/_ext/404212886/queue.o
 .debug_info    0x00004775     0x2a6b build/default/production/_ext/404212886/FreeRTOS_tasks.o
 .debug_info    0x000071e0      0x165 build/default/production/_ext/404212886/timers.o
 .debug_info    0x00007345      0xd53 build/default/production/_ext/404212886/event_groups.o
 .debug_info    0x00008098     0x18ac build/default/production/_ext/404212886/stream_buffer.o
 .debug_info    0x00009944      0x36b build/default/production/_ext/1665200909/heap_1.o
 .debug_info    0x00009caf     0x118f build/default/production/_ext/951553248/port.o
 .debug_info    0x0000ae3e       0xb5 build/default/production/_ext/951553248/port_asm.o
 .debug_info    0x0000aef3       0xf4 c:/program files (x86)/microchip/xc32/v2.30/bin/bin/../../lib/gcc/pic32mx/4.8.3/../../../../pic32mx/lib\libpic32.a(default-bootstrap-exception-handler.o)
 .debug_info    0x0000afe7       0xcd c:/program files (x86)/microchip/xc32/v2.30/bin/bin/../../lib/gcc/pic32mx/4.8.3/../../../../pic32mx/lib\libpic32.a(default-on-reset.o)
 .debug_info    0x0000b0b4       0xd5 c:/program files (x86)/microchip/xc32/v2.30/bin/bin/../../lib/gcc/pic32mx/4.8.3/../../../../pic32mx/lib\libpic32.a(default-on-bootstrap.o)
 .debug_info    0x0000b189       0xe7 c:/program files (x86)/microchip/xc32/v2.30/bin/bin/../../lib/gcc/pic32mx/4.8.3/../../../../pic32mx/lib\libpic32.a(defaultinterrupt.o)
 .debug_info    0x0000b270       0xcf c:/program files (x86)/microchip/xc32/v2.30/bin/bin/../../lib/gcc/pic32mx/4.8.3/../../../../pic32mx/lib\libc.a(printf_cdnopsuxX.eo)
 .debug_info    0x0000b33f       0xd2 c:/program files (x86)/microchip/xc32/v2.30/bin/bin/../../lib/gcc/pic32mx/4.8.3/../../../../pic32mx/lib\libc.a(doprnt_cdnopsuxX.eo)
 .debug_info    0x0000b411       0xc2 c:/program files (x86)/microchip/xc32/v2.30/bin/bin/../../lib/gcc/pic32mx/4.8.3/../../../../pic32mx/lib\libc.a(_fputc_simple.o)
 .debug_info    0x0000b4d3       0xc5 c:/program files (x86)/microchip/xc32/v2.30/bin/bin/../../lib/gcc/pic32mx/4.8.3/../../../../pic32mx/lib\libc.a(_flsbuf_simple.o)
 .debug_info    0x0000b598      0x74b c:/program files (x86)/microchip/xc32/v2.30/bin/bin/../../lib/gcc/pic32mx/4.8.3\libgcc.a(_udivdi3.o)
 .debug_info    0x0000bce3      0x788 c:/program files (x86)/microchip/xc32/v2.30/bin/bin/../../lib/gcc/pic32mx/4.8.3\libgcc.a(_umoddi3.o)
 .debug_info    0x0000c46b       0xbf c:/program files (x86)/microchip/xc32/v2.30/bin/bin/../../lib/gcc/pic32mx/4.8.3/../../../../pic32mx/lib\libpic32.a(write.o)

.debug_abbrev   0x00000000     0x1c03
 *(.debug_abbrev)
 .debug_abbrev  0x00000000      0x152 build/default/production/_ext/1360937237/main.o
 .debug_abbrev  0x00000152       0xe9 build/default/production/_ext/1171490990/initialization.o
 .debug_abbrev  0x0000023b       0x1b build/default/production/_ext/1171490990/interrupts.o
 .debug_abbrev  0x00000256       0xa2 build/default/production/_ext/1171490990/exceptions.o
 .debug_abbrev  0x000002f8       0x66 build/default/production/_ext/163028504/xc32_monitor.o
 .debug_abbrev  0x0000035e       0x39 build/default/production/_ext/60165520/plib_clk.o
 .debug_abbrev  0x00000397       0xd7 build/default/production/_ext/1865254177/plib_gpio.o
 .debug_abbrev  0x0000046e       0xfc build/default/production/_ext/1865200349/plib_evic.o
 .debug_abbrev  0x0000056a       0xe1 build/default/production/_ext/1171490990/freertos_hooks.o
 .debug_abbrev  0x0000064b       0x1b build/default/production/_ext/404212886/croutine.o
 .debug_abbrev  0x00000666       0xf8 build/default/production/_ext/404212886/list.o
 .debug_abbrev  0x0000075e      0x342 build/default/production/_ext/404212886/queue.o
 .debug_abbrev  0x00000aa0      0x37a build/default/production/_ext/404212886/FreeRTOS_tasks.o
 .debug_abbrev  0x00000e1a       0x1b build/default/production/_ext/404212886/timers.o
 .debug_abbrev  0x00000e35      0x27d build/default/production/_ext/404212886/event_groups.o
 .debug_abbrev  0x000010b2      0x348 build/default/production/_ext/404212886/stream_buffer.o
 .debug_abbrev  0x000013fa      0x13f build/default/production/_ext/1665200909/heap_1.o
 .debug_abbrev  0x00001539      0x2cf build/default/production/_ext/951553248/port.o
 .debug_abbrev  0x00001808       0x14 build/default/production/_ext/951553248/port_asm.o
 .debug_abbrev  0x0000181c       0x28 c:/program files (x86)/microchip/xc32/v2.30/bin/bin/../../lib/gcc/pic32mx/4.8.3/../../../../pic32mx/lib\libpic32.a(default-bootstrap-exception-handler.o)
 .debug_abbrev  0x00001844       0x28 c:/program files (x86)/microchip/xc32/v2.30/bin/bin/../../lib/gcc/pic32mx/4.8.3/../../../../pic32mx/lib\libpic32.a(default-on-reset.o)
 .debug_abbrev  0x0000186c       0x28 c:/program files (x86)/microchip/xc32/v2.30/bin/bin/../../lib/gcc/pic32mx/4.8.3/../../../../pic32mx/lib\libpic32.a(default-on-bootstrap.o)
 .debug_abbrev  0x00001894       0x28 c:/program files (x86)/microchip/xc32/v2.30/bin/bin/../../lib/gcc/pic32mx/4.8.3/../../../../pic32mx/lib\libpic32.a(defaultinterrupt.o)
 .debug_abbrev  0x000018bc       0x28 c:/program files (x86)/microchip/xc32/v2.30/bin/bin/../../lib/gcc/pic32mx/4.8.3/../../../../pic32mx/lib\libc.a(printf_cdnopsuxX.eo)
 .debug_abbrev  0x000018e4       0x28 c:/program files (x86)/microchip/xc32/v2.30/bin/bin/../../lib/gcc/pic32mx/4.8.3/../../../../pic32mx/lib\libc.a(doprnt_cdnopsuxX.eo)
 .debug_abbrev  0x0000190c       0x28 c:/program files (x86)/microchip/xc32/v2.30/bin/bin/../../lib/gcc/pic32mx/4.8.3/../../../../pic32mx/lib\libc.a(_fputc_simple.o)
 .debug_abbrev  0x00001934       0x28 c:/program files (x86)/microchip/xc32/v2.30/bin/bin/../../lib/gcc/pic32mx/4.8.3/../../../../pic32mx/lib\libc.a(_flsbuf_simple.o)
 .debug_abbrev  0x0000195c      0x138 c:/program files (x86)/microchip/xc32/v2.30/bin/bin/../../lib/gcc/pic32mx/4.8.3\libgcc.a(_udivdi3.o)
 .debug_abbrev  0x00001a94      0x147 c:/program files (x86)/microchip/xc32/v2.30/bin/bin/../../lib/gcc/pic32mx/4.8.3\libgcc.a(_umoddi3.o)
 .debug_abbrev  0x00001bdb       0x28 c:/program files (x86)/microchip/xc32/v2.30/bin/bin/../../lib/gcc/pic32mx/4.8.3/../../../../pic32mx/lib\libpic32.a(write.o)

.debug_line     0x00000000     0x32f3
 *(.debug_line)
 .debug_line    0x00000000      0x2ac build/default/production/_ext/1360937237/main.o
 .debug_line    0x000002ac      0x29a build/default/production/_ext/1171490990/initialization.o
 .debug_line    0x00000546       0x1d build/default/production/_ext/1171490990/interrupts.o
 .debug_line    0x00000563       0xd4 build/default/production/_ext/1171490990/exceptions.o
 .debug_line    0x00000637       0x9f build/default/production/_ext/163028504/xc32_monitor.o
 .debug_line    0x000006d6       0x95 build/default/production/_ext/60165520/plib_clk.o
 .debug_line    0x0000076b      0x1f6 build/default/production/_ext/1865254177/plib_gpio.o
 .debug_line    0x00000961      0x1de build/default/production/_ext/1865200349/plib_evic.o
 .debug_line    0x00000b3f      0x21c build/default/production/_ext/1171490990/freertos_hooks.o
 .debug_line    0x00000d5b       0x1d build/default/production/_ext/404212886/croutine.o
 .debug_line    0x00000d78      0x23e build/default/production/_ext/404212886/list.o
 .debug_line    0x00000fb6      0x592 build/default/production/_ext/404212886/queue.o
 .debug_line    0x00001548      0x863 build/default/production/_ext/404212886/FreeRTOS_tasks.o
 .debug_line    0x00001dab       0x1d build/default/production/_ext/404212886/timers.o
 .debug_line    0x00001dc8      0x388 build/default/production/_ext/404212886/event_groups.o
 .debug_line    0x00002150      0x4a1 build/default/production/_ext/404212886/stream_buffer.o
 .debug_line    0x000025f1      0x278 build/default/production/_ext/1665200909/heap_1.o
 .debug_line    0x00002869      0x29a build/default/production/_ext/951553248/port.o
 .debug_line    0x00002b03       0xfc build/default/production/_ext/951553248/port_asm.o
 .debug_line    0x00002bff       0xa6 c:/program files (x86)/microchip/xc32/v2.30/bin/bin/../../lib/gcc/pic32mx/4.8.3/../../../../pic32mx/lib\libpic32.a(default-bootstrap-exception-handler.o)
 .debug_line    0x00002ca5       0x93 c:/program files (x86)/microchip/xc32/v2.30/bin/bin/../../lib/gcc/pic32mx/4.8.3/../../../../pic32mx/lib\libpic32.a(default-on-reset.o)
 .debug_line    0x00002d38       0x97 c:/program files (x86)/microchip/xc32/v2.30/bin/bin/../../lib/gcc/pic32mx/4.8.3/../../../../pic32mx/lib\libpic32.a(default-on-bootstrap.o)
 .debug_line    0x00002dcf       0xa5 c:/program files (x86)/microchip/xc32/v2.30/bin/bin/../../lib/gcc/pic32mx/4.8.3/../../../../pic32mx/lib\libpic32.a(defaultinterrupt.o)
 .debug_line    0x00002e74       0x7e c:/program files (x86)/microchip/xc32/v2.30/bin/bin/../../lib/gcc/pic32mx/4.8.3/../../../../pic32mx/lib\libc.a(printf_cdnopsuxX.eo)
 .debug_line    0x00002ef2        0x0 c:/program files (x86)/microchip/xc32/v2.30/bin/bin/../../lib/gcc/pic32mx/4.8.3/../../../../pic32mx/lib\libc.a(_iob.o)
 .debug_line    0x00002ef2       0x7e c:/program files (x86)/microchip/xc32/v2.30/bin/bin/../../lib/gcc/pic32mx/4.8.3/../../../../pic32mx/lib\libc.a(doprnt_cdnopsuxX.eo)
 .debug_line    0x00002f70       0x7d c:/program files (x86)/microchip/xc32/v2.30/bin/bin/../../lib/gcc/pic32mx/4.8.3/../../../../pic32mx/lib\libc.a(_fputc_simple.o)
 .debug_line    0x00002fed        0x0 c:/program files (x86)/microchip/xc32/v2.30/bin/bin/../../lib/gcc/pic32mx/4.8.3/../../../../pic32mx/lib\libc.a(ctype.o)
 .debug_line    0x00002fed       0x7e c:/program files (x86)/microchip/xc32/v2.30/bin/bin/../../lib/gcc/pic32mx/4.8.3/../../../../pic32mx/lib\libc.a(_flsbuf_simple.o)
 .debug_line    0x0000306b       0xf7 c:/program files (x86)/microchip/xc32/v2.30/bin/bin/../../lib/gcc/pic32mx/4.8.3\libgcc.a(_udivdi3.o)
 .debug_line    0x00003162      0x109 c:/program files (x86)/microchip/xc32/v2.30/bin/bin/../../lib/gcc/pic32mx/4.8.3\libgcc.a(_umoddi3.o)
 .debug_line    0x0000326b       0x88 c:/program files (x86)/microchip/xc32/v2.30/bin/bin/../../lib/gcc/pic32mx/4.8.3/../../../../pic32mx/lib\libpic32.a(write.o)

.debug_frame    0x00000000     0x1138
 *(.debug_frame)
 .debug_frame   0x00000000       0x44 build/default/production/_ext/1360937237/main.o
 .debug_frame   0x00000044       0x2c build/default/production/_ext/1171490990/initialization.o
 .debug_frame   0x00000070       0x28 build/default/production/_ext/1171490990/exceptions.o
 .debug_frame   0x00000098       0x30 build/default/production/_ext/163028504/xc32_monitor.o
 .debug_frame   0x000000c8       0x20 build/default/production/_ext/60165520/plib_clk.o
 .debug_frame   0x000000e8       0xa0 build/default/production/_ext/1865254177/plib_gpio.o
 .debug_frame   0x00000188       0x80 build/default/production/_ext/1865200349/plib_evic.o
 .debug_frame   0x00000208       0x7c build/default/production/_ext/1171490990/freertos_hooks.o
 .debug_frame   0x00000284       0x60 build/default/production/_ext/404212886/list.o
 .debug_frame   0x000002e4      0x2c4 build/default/production/_ext/404212886/queue.o
 .debug_frame   0x000005a8      0x508 build/default/production/_ext/404212886/FreeRTOS_tasks.o
 .debug_frame   0x00000ab0      0x130 build/default/production/_ext/404212886/event_groups.o
 .debug_frame   0x00000be0      0x250 build/default/production/_ext/404212886/stream_buffer.o
 .debug_frame   0x00000e30       0x60 build/default/production/_ext/1665200909/heap_1.o
 .debug_frame   0x00000e90       0xd0 build/default/production/_ext/951553248/port.o
 .debug_frame   0x00000f60       0x2c c:/program files (x86)/microchip/xc32/v2.30/bin/bin/../../lib/gcc/pic32mx/4.8.3/../../../../pic32mx/lib\libpic32.a(default-bootstrap-exception-handler.o)
 .debug_frame   0x00000f8c       0x20 c:/program files (x86)/microchip/xc32/v2.30/bin/bin/../../lib/gcc/pic32mx/4.8.3/../../../../pic32mx/lib\libpic32.a(default-on-reset.o)
 .debug_frame   0x00000fac       0x20 c:/program files (x86)/microchip/xc32/v2.30/bin/bin/../../lib/gcc/pic32mx/4.8.3/../../../../pic32mx/lib\libpic32.a(default-on-bootstrap.o)
 .debug_frame   0x00000fcc       0x20 c:/program files (x86)/microchip/xc32/v2.30/bin/bin/../../lib/gcc/pic32mx/4.8.3/../../../../pic32mx/lib\libpic32.a(defaultinterrupt.o)
 .debug_frame   0x00000fec       0x2c c:/program files (x86)/microchip/xc32/v2.30/bin/bin/../../lib/gcc/pic32mx/4.8.3/../../../../pic32mx/lib\libc.a(printf_cdnopsuxX.eo)
 .debug_frame   0x00001018       0x40 c:/program files (x86)/microchip/xc32/v2.30/bin/bin/../../lib/gcc/pic32mx/4.8.3/../../../../pic32mx/lib\libc.a(doprnt_cdnopsuxX.eo)
 .debug_frame   0x00001058       0x30 c:/program files (x86)/microchip/xc32/v2.30/bin/bin/../../lib/gcc/pic32mx/4.8.3/../../../../pic32mx/lib\libc.a(_fputc_simple.o)
 .debug_frame   0x00001088       0x38 c:/program files (x86)/microchip/xc32/v2.30/bin/bin/../../lib/gcc/pic32mx/4.8.3/../../../../pic32mx/lib\libc.a(_flsbuf_simple.o)
 .debug_frame   0x000010c0       0x20 c:/program files (x86)/microchip/xc32/v2.30/bin/bin/../../lib/gcc/pic32mx/4.8.3\libgcc.a(_udivdi3.o)
 .debug_frame   0x000010e0       0x20 c:/program files (x86)/microchip/xc32/v2.30/bin/bin/../../lib/gcc/pic32mx/4.8.3\libgcc.a(_umoddi3.o)
 .debug_frame   0x00001100       0x38 c:/program files (x86)/microchip/xc32/v2.30/bin/bin/../../lib/gcc/pic32mx/4.8.3/../../../../pic32mx/lib\libpic32.a(write.o)

.debug_str      0x00000000      0x598
 *(.debug_str)
 .debug_str     0x00000000        0x0 build/default/production/_ext/1360937237/main.o
 .debug_str     0x00000000        0x0 build/default/production/_ext/1171490990/initialization.o
 .debug_str     0x00000000        0x0 build/default/production/_ext/1171490990/interrupts.o
 .debug_str     0x00000000        0x0 build/default/production/_ext/1171490990/exceptions.o
 .debug_str     0x00000000        0x0 build/default/production/_ext/163028504/xc32_monitor.o
 .debug_str     0x00000000        0x0 build/default/production/_ext/60165520/plib_clk.o
 .debug_str     0x00000000        0xa build/default/production/_ext/1865254177/plib_gpio.o
 .debug_str     0x0000000a        0x7 build/default/production/_ext/1865200349/plib_evic.o
 .debug_str     0x00000011        0x9 build/default/production/_ext/1171490990/freertos_hooks.o
 .debug_str     0x0000001a        0x0 build/default/production/_ext/404212886/croutine.o
 .debug_str     0x0000001a       0x2b build/default/production/_ext/404212886/list.o
 .debug_str     0x00000045      0x13b build/default/production/_ext/404212886/queue.o
 .debug_str     0x00000180      0x19c build/default/production/_ext/404212886/FreeRTOS_tasks.o
 .debug_str     0x0000031c        0x0 build/default/production/_ext/404212886/timers.o
 .debug_str     0x0000031c       0xe6 build/default/production/_ext/404212886/event_groups.o
 .debug_str     0x00000402      0x142 build/default/production/_ext/404212886/stream_buffer.o
 .debug_str     0x00000544       0x1d build/default/production/_ext/1665200909/heap_1.o
 .debug_str     0x00000561       0x37 build/default/production/_ext/951553248/port.o
 .debug_str     0x00000598        0x0 c:/program files (x86)/microchip/xc32/v2.30/bin/bin/../../lib/gcc/pic32mx/4.8.3/../../../../pic32mx/lib\libpic32.a(default-bootstrap-exception-handler.o)
 .debug_str     0x00000598        0x0 c:/program files (x86)/microchip/xc32/v2.30/bin/bin/../../lib/gcc/pic32mx/4.8.3/../../../../pic32mx/lib\libpic32.a(default-on-reset.o)
 .debug_str     0x00000598        0x0 c:/program files (x86)/microchip/xc32/v2.30/bin/bin/../../lib/gcc/pic32mx/4.8.3/../../../../pic32mx/lib\libpic32.a(default-on-bootstrap.o)
 .debug_str     0x00000598        0x0 c:/program files (x86)/microchip/xc32/v2.30/bin/bin/../../lib/gcc/pic32mx/4.8.3/../../../../pic32mx/lib\libpic32.a(defaultinterrupt.o)
 .debug_str     0x00000598        0x0 c:/program files (x86)/microchip/xc32/v2.30/bin/bin/../../lib/gcc/pic32mx/4.8.3/../../../../pic32mx/lib\libc.a(printf_cdnopsuxX.eo)
 .debug_str     0x00000598        0x0 c:/program files (x86)/microchip/xc32/v2.30/bin/bin/../../lib/gcc/pic32mx/4.8.3/../../../../pic32mx/lib\libc.a(_iob.o)
 .debug_str     0x00000598        0x0 c:/program files (x86)/microchip/xc32/v2.30/bin/bin/../../lib/gcc/pic32mx/4.8.3/../../../../pic32mx/lib\libc.a(doprnt_cdnopsuxX.eo)
 .debug_str     0x00000598        0x0 c:/program files (x86)/microchip/xc32/v2.30/bin/bin/../../lib/gcc/pic32mx/4.8.3/../../../../pic32mx/lib\libc.a(_fputc_simple.o)
 .debug_str     0x00000598        0x0 c:/program files (x86)/microchip/xc32/v2.30/bin/bin/../../lib/gcc/pic32mx/4.8.3/../../../../pic32mx/lib\libc.a(ctype.o)
 .debug_str     0x00000598        0x0 c:/program files (x86)/microchip/xc32/v2.30/bin/bin/../../lib/gcc/pic32mx/4.8.3/../../../../pic32mx/lib\libc.a(_flsbuf_simple.o)
 .debug_str     0x00000598        0x0 c:/program files (x86)/microchip/xc32/v2.30/bin/bin/../../lib/gcc/pic32mx/4.8.3\libgcc.a(_udivdi3.o)
 .debug_str     0x00000598        0x0 c:/program files (x86)/microchip/xc32/v2.30/bin/bin/../../lib/gcc/pic32mx/4.8.3\libgcc.a(_umoddi3.o)
 .debug_str     0x00000598        0x0 c:/program files (x86)/microchip/xc32/v2.30/bin/bin/../../lib/gcc/pic32mx/4.8.3/../../../../pic32mx/lib\libpic32.a(write.o)

.debug_loc      0x00000000     0x5cc4
 *(.debug_loc)
 .debug_loc     0x00000000       0x21 build/default/production/_ext/1360937237/main.o
 .debug_loc     0x00000021       0x21 build/default/production/_ext/1171490990/initialization.o
 .debug_loc     0x00000042      0x129 build/default/production/_ext/1865254177/plib_gpio.o
 .debug_loc     0x0000016b       0xc4 build/default/production/_ext/1865200349/plib_evic.o
 .debug_loc     0x0000022f       0x8c build/default/production/_ext/1171490990/freertos_hooks.o
 .debug_loc     0x000002bb       0x44 build/default/production/_ext/404212886/list.o
 .debug_loc     0x000002ff     0x1117 build/default/production/_ext/404212886/queue.o
 .debug_loc     0x00001416     0x1686 build/default/production/_ext/404212886/FreeRTOS_tasks.o
 .debug_loc     0x00002a9c      0x90a build/default/production/_ext/404212886/event_groups.o
 .debug_loc     0x000033a6     0x12d5 build/default/production/_ext/404212886/stream_buffer.o
 .debug_loc     0x0000467b       0x49 build/default/production/_ext/1665200909/heap_1.o
 .debug_loc     0x000046c4       0xf5 build/default/production/_ext/951553248/port.o
 .debug_loc     0x000047b9       0x2c c:/program files (x86)/microchip/xc32/v2.30/bin/bin/../../lib/gcc/pic32mx/4.8.3/../../../../pic32mx/lib\libpic32.a(default-bootstrap-exception-handler.o)
 .debug_loc     0x000047e5      0xa6a c:/program files (x86)/microchip/xc32/v2.30/bin/bin/../../lib/gcc/pic32mx/4.8.3\libgcc.a(_udivdi3.o)
 .debug_loc     0x0000524f      0xa3d c:/program files (x86)/microchip/xc32/v2.30/bin/bin/../../lib/gcc/pic32mx/4.8.3\libgcc.a(_umoddi3.o)
 .debug_loc     0x00005c8c       0x38 c:/program files (x86)/microchip/xc32/v2.30/bin/bin/../../lib/gcc/pic32mx/4.8.3/../../../../pic32mx/lib\libpic32.a(write.o)

.debug_macinfo
 *(.debug_macinfo)

.debug_weaknames
 *(.debug_weaknames)

.debug_funcnames
 *(.debug_funcnames)

.debug_typenames
 *(.debug_typenames)

.debug_varnames
 *(.debug_varnames)

.debug_pubtypes
 *(.debug_pubtypes)

.debug_ranges   0x00000000      0x840
 *(.debug_ranges)
 .debug_ranges  0x00000000       0x18 build/default/production/_ext/1360937237/main.o
 .debug_ranges  0x00000018       0x10 build/default/production/_ext/1171490990/initialization.o
 .debug_ranges  0x00000028       0x10 build/default/production/_ext/1171490990/exceptions.o
 .debug_ranges  0x00000038       0x18 build/default/production/_ext/163028504/xc32_monitor.o
 .debug_ranges  0x00000050       0x10 build/default/production/_ext/60165520/plib_clk.o
 .debug_ranges  0x00000060       0x50 build/default/production/_ext/1865254177/plib_gpio.o
 .debug_ranges  0x000000b0       0x40 build/default/production/_ext/1865200349/plib_evic.o
 .debug_ranges  0x000000f0       0x30 build/default/production/_ext/1171490990/freertos_hooks.o
 .debug_ranges  0x00000120       0x30 build/default/production/_ext/404212886/list.o
 .debug_ranges  0x00000150      0x148 build/default/production/_ext/404212886/queue.o
 .debug_ranges  0x00000298      0x1d0 build/default/production/_ext/404212886/FreeRTOS_tasks.o
 .debug_ranges  0x00000468       0x98 build/default/production/_ext/404212886/event_groups.o
 .debug_ranges  0x00000500       0xd0 build/default/production/_ext/404212886/stream_buffer.o
 .debug_ranges  0x000005d0       0x28 build/default/production/_ext/1665200909/heap_1.o
 .debug_ranges  0x000005f8       0x48 build/default/production/_ext/951553248/port.o
 .debug_ranges  0x00000640       0x10 c:/program files (x86)/microchip/xc32/v2.30/bin/bin/../../lib/gcc/pic32mx/4.8.3/../../../../pic32mx/lib\libpic32.a(default-bootstrap-exception-handler.o)
 .debug_ranges  0x00000650       0x10 c:/program files (x86)/microchip/xc32/v2.30/bin/bin/../../lib/gcc/pic32mx/4.8.3/../../../../pic32mx/lib\libpic32.a(default-on-reset.o)
 .debug_ranges  0x00000660       0x10 c:/program files (x86)/microchip/xc32/v2.30/bin/bin/../../lib/gcc/pic32mx/4.8.3/../../../../pic32mx/lib\libpic32.a(default-on-bootstrap.o)
 .debug_ranges  0x00000670       0x10 c:/program files (x86)/microchip/xc32/v2.30/bin/bin/../../lib/gcc/pic32mx/4.8.3/../../../../pic32mx/lib\libpic32.a(defaultinterrupt.o)
 .debug_ranges  0x00000680       0x10 c:/program files (x86)/microchip/xc32/v2.30/bin/bin/../../lib/gcc/pic32mx/4.8.3/../../../../pic32mx/lib\libc.a(printf_cdnopsuxX.eo)
 .debug_ranges  0x00000690       0x10 c:/program files (x86)/microchip/xc32/v2.30/bin/bin/../../lib/gcc/pic32mx/4.8.3/../../../../pic32mx/lib\libc.a(doprnt_cdnopsuxX.eo)
 .debug_ranges  0x000006a0       0x10 c:/program files (x86)/microchip/xc32/v2.30/bin/bin/../../lib/gcc/pic32mx/4.8.3/../../../../pic32mx/lib\libc.a(_fputc_simple.o)
 .debug_ranges  0x000006b0       0x10 c:/program files (x86)/microchip/xc32/v2.30/bin/bin/../../lib/gcc/pic32mx/4.8.3/../../../../pic32mx/lib\libc.a(_flsbuf_simple.o)
 .debug_ranges  0x000006c0       0x98 c:/program files (x86)/microchip/xc32/v2.30/bin/bin/../../lib/gcc/pic32mx/4.8.3\libgcc.a(_udivdi3.o)
 .debug_ranges  0x00000758       0xd8 c:/program files (x86)/microchip/xc32/v2.30/bin/bin/../../lib/gcc/pic32mx/4.8.3\libgcc.a(_umoddi3.o)
 .debug_ranges  0x00000830       0x10 c:/program files (x86)/microchip/xc32/v2.30/bin/bin/../../lib/gcc/pic32mx/4.8.3/../../../../pic32mx/lib\libpic32.a(write.o)

.gnu.attributes
                0x00000000       0x10
 *(.gnu.attributes)
 .gnu.attributes
                0x00000000       0x10 build/default/production/_ext/1360937237/main.o
 .gnu.attributes
                0x00000010       0x10 build/default/production/_ext/1171490990/initialization.o
 .gnu.attributes
                0x00000020       0x10 build/default/production/_ext/1171490990/interrupts.o
 .gnu.attributes
                0x00000030       0x10 build/default/production/_ext/1171490990/exceptions.o
 .gnu.attributes
                0x00000040       0x10 build/default/production/_ext/163028504/xc32_monitor.o
 .gnu.attributes
                0x00000050       0x10 build/default/production/_ext/60165520/plib_clk.o
 .gnu.attributes
                0x00000060       0x10 build/default/production/_ext/1865254177/plib_gpio.o
 .gnu.attributes
                0x00000070       0x10 build/default/production/_ext/1865200349/plib_evic.o
 .gnu.attributes
                0x00000080       0x10 build/default/production/_ext/1171490990/freertos_hooks.o
 .gnu.attributes
                0x00000090       0x10 build/default/production/_ext/404212886/croutine.o
 .gnu.attributes
                0x000000a0       0x10 build/default/production/_ext/404212886/list.o
 .gnu.attributes
                0x000000b0       0x10 build/default/production/_ext/404212886/queue.o
 .gnu.attributes
                0x000000c0       0x10 build/default/production/_ext/404212886/FreeRTOS_tasks.o
 .gnu.attributes
                0x000000d0       0x10 build/default/production/_ext/404212886/timers.o
 .gnu.attributes
                0x000000e0       0x10 build/default/production/_ext/404212886/event_groups.o
 .gnu.attributes
                0x000000f0       0x10 build/default/production/_ext/404212886/stream_buffer.o
 .gnu.attributes
                0x00000100       0x10 build/default/production/_ext/1665200909/heap_1.o
 .gnu.attributes
                0x00000110       0x10 build/default/production/_ext/951553248/port.o
 .gnu.attributes
                0x00000120       0x10 c:/program files (x86)/microchip/xc32/v2.30/bin/bin/../../lib/gcc/pic32mx/4.8.3/../../../../pic32mx/lib\libpic32.a(default-bootstrap-exception-handler.o)
 .gnu.attributes
                0x00000130       0x10 c:/program files (x86)/microchip/xc32/v2.30/bin/bin/../../lib/gcc/pic32mx/4.8.3/../../../../pic32mx/lib\libpic32.a(default-on-reset.o)
 .gnu.attributes
                0x00000140       0x10 c:/program files (x86)/microchip/xc32/v2.30/bin/bin/../../lib/gcc/pic32mx/4.8.3/../../../../pic32mx/lib\libpic32.a(default-on-bootstrap.o)
 .gnu.attributes
                0x00000150       0x10 c:/program files (x86)/microchip/xc32/v2.30/bin/bin/../../lib/gcc/pic32mx/4.8.3/../../../../pic32mx/lib\libpic32.a(defaultinterrupt.o)
 .gnu.attributes
                0x00000160       0x10 c:/program files (x86)/microchip/xc32/v2.30/bin/bin/../../lib/gcc/pic32mx/4.8.3/../../../../pic32mx/lib\libc.a(printf_cdnopsuxX.eo)
 .gnu.attributes
                0x00000170       0x10 c:/program files (x86)/microchip/xc32/v2.30/bin/bin/../../lib/gcc/pic32mx/4.8.3/../../../../pic32mx/lib\libc.a(_iob.o)
 .gnu.attributes
                0x00000180       0x10 c:/program files (x86)/microchip/xc32/v2.30/bin/bin/../../lib/gcc/pic32mx/4.8.3/../../../../pic32mx/lib\libc.a(doprnt_cdnopsuxX.eo)
 .gnu.attributes
                0x00000190       0x10 c:/program files (x86)/microchip/xc32/v2.30/bin/bin/../../lib/gcc/pic32mx/4.8.3/../../../../pic32mx/lib\libc.a(_fputc_simple.o)
 .gnu.attributes
                0x000001a0       0x10 c:/program files (x86)/microchip/xc32/v2.30/bin/bin/../../lib/gcc/pic32mx/4.8.3/../../../../pic32mx/lib\libc.a(ctype.o)
 .gnu.attributes
                0x000001b0       0x10 c:/program files (x86)/microchip/xc32/v2.30/bin/bin/../../lib/gcc/pic32mx/4.8.3/../../../../pic32mx/lib\libc.a(_flsbuf_simple.o)
 .gnu.attributes
                0x000001c0       0x10 c:/program files (x86)/microchip/xc32/v2.30/bin/bin/../../lib/gcc/pic32mx/4.8.3\libgcc.a(_udivdi3.o)
 .gnu.attributes
                0x000001d0       0x10 c:/program files (x86)/microchip/xc32/v2.30/bin/bin/../../lib/gcc/pic32mx/4.8.3\libgcc.a(_umoddi3.o)
 .gnu.attributes
                0x000001e0       0x10 c:/program files (x86)/microchip/xc32/v2.30/bin/bin/../../lib/gcc/pic32mx/4.8.3/../../../../pic32mx/lib\libpic32.a(write.o)
LOAD c:/program files (x86)/microchip/xc32/v2.30/bin/bin/../../lib/gcc/pic32mx/4.8.3\libgcc.a
START GROUP
LOAD c:/program files (x86)/microchip/xc32/v2.30/bin/bin/../../lib/gcc/pic32mx/4.8.3/../../../../pic32mx/lib\libpic32.a
LOAD c:/program files (x86)/microchip/xc32/v2.30/bin/bin/../../lib/gcc/pic32mx/4.8.3/../../../../pic32mx/lib\libdebug.a
LOAD c:/program files (x86)/microchip/xc32/v2.30/bin/bin/../../lib/gcc/pic32mx/4.8.3/../../../../pic32mx/lib\libpic32.a
LOAD c:/program files (x86)/microchip/xc32/v2.30/bin/bin/../../lib/gcc/pic32mx/4.8.3/../../../../pic32mx/lib\libc.a
LOAD c:/program files (x86)/microchip/xc32/v2.30/bin/bin/../../lib/gcc/pic32mx/4.8.3/../../../../pic32mx/lib\libc.a
LOAD c:/program files (x86)/microchip/xc32/v2.30/bin/bin/../../lib/gcc/pic32mx/4.8.3/../../../../pic32mx/lib\libm.a
LOAD c:/program files (x86)/microchip/xc32/v2.30/bin/bin/../../lib/gcc/pic32mx/4.8.3/../../../../pic32mx/lib\libe.a
LOAD c:/program files (x86)/microchip/xc32/v2.30/bin/bin/../../lib/gcc/pic32mx/4.8.3/../../../../pic32mx/lib\libdsp.a
LOAD c:/program files (x86)/microchip/xc32/v2.30/bin/bin/../../lib/gcc/pic32mx/4.8.3\libgcc.a
LOAD c:/program files (x86)/microchip/xc32/v2.30/bin/bin/../../lib/gcc/pic32mx/4.8.3/../../../../pic32mx/lib\libpic32.a
END GROUP
LOAD c:/program files (x86)/microchip/xc32/v2.30/bin/bin/../../lib/gcc/pic32mx/4.8.3\libgcc.a
OUTPUT(dist/default/production/Freetos.X.production.elf elf32-tradlittlemips)
LOAD stack
LOAD data_init

.reginfo        0x00000000       0x18
 .reginfo       0x00000000       0x18 c:/program files (x86)/microchip/xc32/v2.30/bin/bin/../../lib/gcc/pic32mx/4.8.3/../../../../pic32mx/lib\debug-exception-return.o

.stack          0xa0007988      0x400
 .stack         0xa0007988      0x400 stack

.bss            0xa0000058     0x7560
 .bss           0xa0000058     0x6d60 build/default/production/_ext/1665200909/heap_1.o
 .bss           0xa0006db8      0x800 build/default/production/_ext/951553248/port.o
                0xa0006db8                xISRStack

.bss            0xa00075b8       0xc8
 .bss           0xa00075b8       0xc8 build/default/production/_ext/404212886/FreeRTOS_tasks.o

.data           0xa0007680       0xa4
 .data          0xa0007680       0xa4 c:/program files (x86)/microchip/xc32/v2.30/bin/bin/../../lib/gcc/pic32mx/4.8.3/../../../../pic32mx/lib\libc.a(_iob.o)
                0xa0007680                _Files
                0xa0007684                _iob

.bss            0xa0007724       0x44
 .bss           0xa0007724       0x44 c:/program files (x86)/microchip/xc32/v2.30/bin/bin/../../lib/gcc/pic32mx/4.8.3/../../../../pic32mx/lib\libc.a(_iob.o)
                0xa0007724                _sobuf
                0xa0007744                _sibuf
                0xa0007764                _outdone

._debug_exception
                0xbfc00480       0x2c
 ._debug_exception
                0xbfc00480       0x2c c:/program files (x86)/microchip/xc32/v2.30/bin/bin/../../lib/gcc/pic32mx/4.8.3/../../../../pic32mx/lib\debug-exception-return.o
                0xbfc00480                __DbgExecReturn

.text._vfprintf_cdnopsuxX
                0x9d000000      0xc8c
 .text._vfprintf_cdnopsuxX
                0x9d000000      0xc8c c:/program files (x86)/microchip/xc32/v2.30/bin/bin/../../lib/gcc/pic32mx/4.8.3/../../../../pic32mx/lib\libc.a(doprnt_cdnopsuxX.eo)
                0x9d000000                _vfprintf_cdnopsuxX

.text           0x9d000c8c      0x8bc
 .text          0x9d000c8c      0x464 c:/program files (x86)/microchip/xc32/v2.30/bin/bin/../../lib/gcc/pic32mx/4.8.3\libgcc.a(_umoddi3.o)
                0x9d000c8c                __umoddi3
 .text          0x9d0010f0      0x458 c:/program files (x86)/microchip/xc32/v2.30/bin/bin/../../lib/gcc/pic32mx/4.8.3\libgcc.a(_udivdi3.o)
                0x9d0010f0                __udivdi3

.text           0x9d001548      0x454
 .text          0x9d001548      0x454 build/default/production/_ext/951553248/port_asm.o
                0x9d001548                vPortTickInterruptHandler
                0x9d0016f4                vPortStartFirstTask
                0x9d0017bc                vPortYieldISR

.text.xTaskCreate
                0x9d00199c      0x2cc
 .text.xTaskCreate
                0x9d00199c      0x2cc build/default/production/_ext/404212886/FreeRTOS_tasks.o
                0x9d00199c                xTaskCreate

.text.xTaskIncrementTick
                0x9d001c68      0x198
 .text.xTaskIncrementTick
                0x9d001c68      0x198 build/default/production/_ext/404212886/FreeRTOS_tasks.o
                0x9d001c68                xTaskIncrementTick

.rodata         0x9d001e00      0x158
 .rodata        0x9d001e00      0x158 build/default/production/_ext/1171490990/exceptions.o

.text.xTaskResumeAll
                0x9d001f58      0x148
 .text.xTaskResumeAll
                0x9d001f58      0x148 build/default/production/_ext/404212886/FreeRTOS_tasks.o
                0x9d001f58                xTaskResumeAll

.text.fputc     0x9d0020a0      0x144
 .text.fputc    0x9d0020a0      0x144 c:/program files (x86)/microchip/xc32/v2.30/bin/bin/../../lib/gcc/pic32mx/4.8.3/../../../../pic32mx/lib\libc.a(_fputc_simple.o)
                0x9d0020a0                fputc

.dinit          0x9d0021e4      0x130
 .dinit         0x9d0021e4      0x130 data_init

.text._flsbuf   0x9d002314      0x12c
 .text._flsbuf  0x9d002314      0x12c c:/program files (x86)/microchip/xc32/v2.30/bin/bin/../../lib/gcc/pic32mx/4.8.3/../../../../pic32mx/lib\libc.a(_flsbuf_simple.o)
                0x9d002314                _flsbuf

.rodata         0x9d002440      0x104
 .rodata        0x9d002440      0x104 c:/program files (x86)/microchip/xc32/v2.30/bin/bin/../../lib/gcc/pic32mx/4.8.3/../../../../pic32mx/lib\libc.a(ctype.o)
                0x9d002440                _ctype

.text.prvAddCurrentTaskToDelayedList
                0x9d002544       0xe4
 .text.prvAddCurrentTaskToDelayedList
                0x9d002544       0xe4 build/default/production/_ext/404212886/FreeRTOS_tasks.o

.text.vTaskSwitchContext
                0x9d002628       0xe0
 .text.vTaskSwitchContext
                0x9d002628       0xe0 build/default/production/_ext/404212886/FreeRTOS_tasks.o
                0x9d002628                vTaskSwitchContext

.text.general_exception
                0x9d002708       0xdc
 .text.general_exception
                0x9d002708       0xdc c:/program files (x86)/microchip/xc32/v2.30/bin/bin/../../lib/gcc/pic32mx/4.8.3/../../../../pic32mx/lib\libpic32.a(general-exception.o)
                0x9d002708                _general_exception_context

.rodata         0x9d0027e8       0xd0
 .rodata        0x9d0027e8       0xd0 c:/program files (x86)/microchip/xc32/v2.30/bin/bin/../../lib/gcc/pic32mx/4.8.3/../../../../pic32mx/lib\libc.a(doprnt_cdnopsuxX.eo)

.text.pvPortMalloc
                0x9d0028b8       0xb0
 .text.pvPortMalloc
                0x9d0028b8       0xb0 build/default/production/_ext/1665200909/heap_1.o
                0x9d0028b8                pvPortMalloc

.text.vTaskDelayUntil
                0x9d002968       0xa8
 .text.vTaskDelayUntil
                0x9d002968       0xa8 build/default/production/_ext/404212886/FreeRTOS_tasks.o
                0x9d002968                vTaskDelayUntil

.text           0x9d002a10       0xa8
 .text          0x9d002a10       0xa8 c:/program files (x86)/microchip/xc32/v2.30/bin/bin/../../lib/gcc/pic32mx/4.8.3/../../../../pic32mx/lib\libpic32.a(memset.o)
                0x9d002a10                memset

.text.prvIdleTask
                0x9d002ab8       0xa0
 .text.prvIdleTask
                0x9d002ab8       0xa0 build/default/production/_ext/404212886/FreeRTOS_tasks.o

.text.write     0x9d002b58       0x9c
 .text.write    0x9d002b58       0x9c c:/program files (x86)/microchip/xc32/v2.30/bin/bin/../../lib/gcc/pic32mx/4.8.3/../../../../pic32mx/lib\libpic32.a(write.o)
                0x9d002b58                write

.text           0x9d002bf4       0x84
 .text          0x9d002bf4       0x84 c:/program files (x86)/microchip/xc32/v2.30/bin/bin/../../lib/gcc/pic32mx/4.8.3/../../../../pic32mx/lib\libpic32.a(pic32_data_init.o)
                0x9d002bf4                __pic32_data_init

.text.SYS_Initialize
                0x9d002c78       0x7c
 .text.SYS_Initialize
                0x9d002c78       0x7c build/default/production/_ext/1171490990/initialization.o
                0x9d002c78                SYS_Initialize

.text.vTaskStartScheduler
                0x9d002cf4       0x78
 .text.vTaskStartScheduler
                0x9d002cf4       0x78 build/default/production/_ext/404212886/FreeRTOS_tasks.o
                0x9d002cf4                vTaskStartScheduler

.text.vApplicationSetupTickTimerInterrupt
                0x9d002d6c       0x6c
 .text.vApplicationSetupTickTimerInterrupt
                0x9d002d6c       0x6c build/default/production/_ext/951553248/port.o
                0x9d002d6c                vApplicationSetupTickTimerInterrupt

.text.vListInsert
                0x9d002dd8       0x60
 .text.vListInsert
                0x9d002dd8       0x60 build/default/production/_ext/404212886/list.o
                0x9d002dd8                vListInsert

.text.vTaskExitCritical
                0x9d002e38       0x60
 .text.vTaskExitCritical
                0x9d002e38       0x60 build/default/production/_ext/404212886/FreeRTOS_tasks.o
                0x9d002e38                vTaskExitCritical

.text.xPortStartScheduler
                0x9d002e98       0x5c
 .text.xPortStartScheduler
                0x9d002e98       0x5c build/default/production/_ext/951553248/port.o
                0x9d002e98                xPortStartScheduler

.text.pxPortInitialiseStack
                0x9d002ef4       0x54
 .text.pxPortInitialiseStack
                0x9d002ef4       0x54 build/default/production/_ext/951553248/port.o
                0x9d002ef4                pxPortInitialiseStack

.text.vPortIncrementTick
                0x9d002f48       0x54
 .text.vPortIncrementTick
                0x9d002f48       0x54 build/default/production/_ext/951553248/port.o
                0x9d002f48                vPortIncrementTick

.text.main_entry
                0x9d002f9c       0x54
 .text.main_entry
                0x9d002f9c       0x54 C:\Users\GUILLA~1\AppData\Local\Temp\cci8COMP.o
                0x9d002fd0                __crt0_exit

.text._general_exception_handler
                0x9d002ff0       0x4c
 .text._general_exception_handler
                0x9d002ff0       0x4c build/default/production/_ext/1171490990/exceptions.o
                0x9d002ff0                _general_exception_handler

.text.uxListRemove
                0x9d00303c       0x4c
 .text.uxListRemove
                0x9d00303c       0x4c build/default/production/_ext/404212886/list.o
                0x9d00303c                uxListRemove

.text.TaskBlinkLED
                0x9d003088       0x48
 .text.TaskBlinkLED
                0x9d003088       0x48 build/default/production/_ext/1360937237/main.o

.text.main      0x9d0030d0       0x48
 .text.main     0x9d0030d0       0x48 build/default/production/_ext/1360937237/main.o
                0x9d0030d0                main

.text.vTaskEnterCritical
                0x9d003118       0x48
 .text.vTaskEnterCritical
                0x9d003118       0x48 build/default/production/_ext/404212886/FreeRTOS_tasks.o
                0x9d003118                vTaskEnterCritical

.text._bootstrap_exception_handler
                0x9d003160       0x48
 .text._bootstrap_exception_handler
                0x9d003160       0x48 c:/program files (x86)/microchip/xc32/v2.30/bin/bin/../../lib/gcc/pic32mx/4.8.3/../../../../pic32mx/lib\libpic32.a(default-bootstrap-exception-handler.o)
                0x9d003160                _bootstrap_exception_handler

.vector_default
                0x9d0031a8       0x48
 .vector_default
                0x9d0031a8       0x48 c:/program files (x86)/microchip/xc32/v2.30/bin/bin/../../lib/gcc/pic32mx/4.8.3/../../../../pic32mx/lib\libpic32.a(defaultinterrupt.o)
                0x9d0031a8                _DefaultInterrupt

.text           0x9d0031f0       0x44
 .text          0x9d0031f0       0x44 c:/program files (x86)/microchip/xc32/v2.30/bin/bin/../../lib/gcc/pic32mx/4.8.3/../../../../pic32mx/lib\pic32_software_reset.o
                0x9d0031f0                __pic32_software_reset

.text._printf_cdnopsuxX
                0x9d003234       0x40
 .text._printf_cdnopsuxX
                0x9d003234       0x40 c:/program files (x86)/microchip/xc32/v2.30/bin/bin/../../lib/gcc/pic32mx/4.8.3/../../../../pic32mx/lib\libc.a(printf_cdnopsuxX.eo)
                0x9d003234                _printf_cdnopsuxX

.text.uxPortSetInterruptMaskFromISR
                0x9d003274       0x3c
 .text.uxPortSetInterruptMaskFromISR
                0x9d003274       0x3c build/default/production/_ext/951553248/port.o
                0x9d003274                uxPortSetInterruptMaskFromISR

.text.prvResetNextTaskUnblockTime
                0x9d0032b0       0x38
 .text.prvResetNextTaskUnblockTime
                0x9d0032b0       0x38 build/default/production/_ext/404212886/FreeRTOS_tasks.o

.text.vListInsertEnd
                0x9d0032e8       0x34
 .text.vListInsertEnd
                0x9d0032e8       0x34 build/default/production/_ext/404212886/list.o
                0x9d0032e8                vListInsertEnd

.text.vApplicationStackOverflowHook
                0x9d00331c       0x24
 .text.vApplicationStackOverflowHook
                0x9d00331c       0x24 build/default/production/_ext/1171490990/freertos_hooks.o
                0x9d00331c                vApplicationStackOverflowHook

.text.vApplicationMallocFailedHook
                0x9d003340       0x24
 .text.vApplicationMallocFailedHook
                0x9d003340       0x24 build/default/production/_ext/1171490990/freertos_hooks.o
                0x9d003340                vApplicationMallocFailedHook

.text.vListInitialise
                0x9d003364       0x24
 .text.vListInitialise
                0x9d003364       0x24 build/default/production/_ext/404212886/list.o
                0x9d003364                vListInitialise

.text.prvTaskExitError
                0x9d003388       0x24
 .text.prvTaskExitError
                0x9d003388       0x24 build/default/production/_ext/951553248/port.o

.text           0x9d0033ac       0x18
 .text          0x9d0033ac       0x18 c:/program files (x86)/microchip/xc32/v2.30/bin/bin/../../lib/gcc/pic32mx/4.8.3/../../../../pic32mx/lib\libpic32.a(default-nmi-handler.o)
                0x9d0033ac                _nmi_handler

.text.EVIC_Initialize
                0x9d0033c4       0x14
 .text.EVIC_Initialize
                0x9d0033c4       0x14 build/default/production/_ext/1865200349/plib_evic.o
                0x9d0033c4                EVIC_Initialize

.text.vTaskSuspendAll
                0x9d0033d8       0x14
 .text.vTaskSuspendAll
                0x9d0033d8       0x14 build/default/production/_ext/404212886/FreeRTOS_tasks.o
                0x9d0033d8                vTaskSuspendAll

.text.xTaskGetTickCount
                0x9d0033ec        0xc
 .text.xTaskGetTickCount
                0x9d0033ec        0xc build/default/production/_ext/404212886/FreeRTOS_tasks.o
                0x9d0033ec                xTaskGetTickCount

.text._mon_putc
                0x9d0033f8        0x8
 .text._mon_putc
                0x9d0033f8        0x8 build/default/production/_ext/163028504/xc32_monitor.o
                0x9d0033f8                _mon_putc

.text.CLK_Initialize
                0x9d003400        0x8
 .text.CLK_Initialize
                0x9d003400        0x8 build/default/production/_ext/60165520/plib_clk.o
                0x9d003400                CLK_Initialize

.text.GPIO_Initialize
                0x9d003408        0x8
 .text.GPIO_Initialize
                0x9d003408        0x8 build/default/production/_ext/1865254177/plib_gpio.o
                0x9d003408                GPIO_Initialize

.text.vListInitialiseItem
                0x9d003410        0x8
 .text.vListInitialiseItem
                0x9d003410        0x8 build/default/production/_ext/404212886/list.o
                0x9d003410                vListInitialiseItem

.rodata         0x9d003418        0x8
 .rodata        0x9d003418        0x8 build/default/production/_ext/404212886/FreeRTOS_tasks.o

.text.vPortFree
                0x9d003420        0x8
 .text.vPortFree
                0x9d003420        0x8 build/default/production/_ext/1665200909/heap_1.o
                0x9d003420                vPortFree

.text._on_reset
                0x9d003428        0x8
 .text._on_reset
                0x9d003428        0x8 c:/program files (x86)/microchip/xc32/v2.30/bin/bin/../../lib/gcc/pic32mx/4.8.3/../../../../pic32mx/lib\libpic32.a(default-on-reset.o)
                0x9d003428                _on_reset

.text._on_bootstrap
                0x9d003430        0x8
 .text._on_bootstrap
                0x9d003430        0x8 c:/program files (x86)/microchip/xc32/v2.30/bin/bin/../../lib/gcc/pic32mx/4.8.3/../../../../pic32mx/lib\libpic32.a(default-on-bootstrap.o)
                0x9d003430                _on_bootstrap

.rodata         0x9d0027e4        0x4
 .rodata        0x9d0027e4        0x4 build/default/production/_ext/1360937237/main.o

.rodata         0x9d003438        0x4
 .rodata        0x9d003438        0x4 build/default/production/_ext/951553248/port.o